Archive member included because of file (symbol)

.\CortexM0\ARM_GCC_484\Debug\BLE_Battery_Level01.a(cyfitter_cfg.o)
                              .\CortexM0\ARM_GCC_484\Debug\Cm0Start.o (cyfitter_cfg)
.\CortexM0\ARM_GCC_484\Debug\BLE_Battery_Level01.a(UART_DEB.o)
                              .\CortexM0\ARM_GCC_484\Debug\main.o (UART_DEB_Start)
.\CortexM0\ARM_GCC_484\Debug\BLE_Battery_Level01.a(UART_DEB_SPI_UART.o)
                              .\CortexM0\ARM_GCC_484\Debug\main.o (UART_DEB_SpiUartReadRxData)
.\CortexM0\ARM_GCC_484\Debug\BLE_Battery_Level01.a(UART_DEB_UART.o)
                              .\CortexM0\ARM_GCC_484\Debug\BLE_Battery_Level01.a(UART_DEB.o) (UART_DEB_UartInit)
.\CortexM0\ARM_GCC_484\Debug\BLE_Battery_Level01.a(CyLib.o)
                              .\CortexM0\ARM_GCC_484\Debug\BLE_Battery_Level01.a(cyfitter_cfg.o) (CyDelayUs)
.\CortexM0\ARM_GCC_484\Debug\BLE_Battery_Level01.a(ADC_SAR.o)
                              .\CortexM0\ARM_GCC_484\Debug\main.o (ADC_SAR_Start)
.\CortexM0\ARM_GCC_484\Debug\BLE_Battery_Level01.a(ADC_SAR_INT.o)
                              .\CortexM0\ARM_GCC_484\Debug\BLE_Battery_Level01.a(ADC_SAR.o) (ADC_SAR_ISR)
.\CortexM0\ARM_GCC_484\Debug\BLE_Battery_Level01.a(PWM_GREEN.o)
                              .\CortexM0\ARM_GCC_484\Debug\main.o (PWM_GREEN_Start)
.\CortexM0\ARM_GCC_484\Debug\BLE_Battery_Level01.a(PWM_IR_AND_RED.o)
                              .\CortexM0\ARM_GCC_484\Debug\main.o (PWM_IR_AND_RED_Start)
.\CortexM0\ARM_GCC_484\Debug\BLE_Battery_Level01.a(Opamp.o)
                              .\CortexM0\ARM_GCC_484\Debug\main.o (Opamp_Start)
.\CortexM0\ARM_GCC_484\Debug\BLE_Battery_Level01.a(PWM_NIR1.o)
                              .\CortexM0\ARM_GCC_484\Debug\main.o (PWM_NIR1_Start)
.\CortexM0\ARM_GCC_484\Debug\BLE_Battery_Level01.a(UART_DEB_SCB_IRQ.o)
                              .\CortexM0\ARM_GCC_484\Debug\main.o (UART_DEB_SCB_IRQ_Start)
.\CortexM0\ARM_GCC_484\Debug\BLE_Battery_Level01.a(UART_DEB_SPI_UART_INT.o)
                              .\CortexM0\ARM_GCC_484\Debug\BLE_Battery_Level01.a(UART_DEB_UART.o) (UART_DEB_SPI_UART_ISR)
.\CortexM0\ARM_GCC_484\Debug\BLE_Battery_Level01.a(CyBootAsmGnu.o)
                              .\CortexM0\ARM_GCC_484\Debug\BLE_Battery_Level01.a(CyLib.o) (CyDelayCycles)
d:/program files (x86)/cypress/psoc creator/3.1/psoc creator/import/gnu_cs/arm/4.8.4/bin/../lib/gcc/arm-none-eabi/4.8.4/armv6-m\libgcc.a(_udivsi3.o)
                              .\CortexM0\ARM_GCC_484\Debug\BLE_Battery_Level01.a(CyLib.o) (__aeabi_uidiv)
d:/program files (x86)/cypress/psoc creator/3.1/psoc creator/import/gnu_cs/arm/4.8.4/bin/../lib/gcc/arm-none-eabi/4.8.4/armv6-m\libgcc.a(_divsi3.o)
                              .\CortexM0\ARM_GCC_484\Debug\main.o (__aeabi_idiv)
d:/program files (x86)/cypress/psoc creator/3.1/psoc creator/import/gnu_cs/arm/4.8.4/bin/../lib/gcc/arm-none-eabi/4.8.4/armv6-m\libgcc.a(_dvmd_tls.o)
                              d:/program files (x86)/cypress/psoc creator/3.1/psoc creator/import/gnu_cs/arm/4.8.4/bin/../lib/gcc/arm-none-eabi/4.8.4/armv6-m\libgcc.a(_udivsi3.o) (__aeabi_idiv0)
d:/program files (x86)/cypress/psoc creator/3.1/psoc creator/import/gnu_cs/arm/4.8.4/bin/../lib/gcc/arm-none-eabi/4.8.4/armv6-m\libgcc.a(_aeabi_ldivmod.o)
                              .\CortexM0\ARM_GCC_484\Debug\BLE_Battery_Level01.a(ADC_SAR.o) (__aeabi_ldivmod)
d:/program files (x86)/cypress/psoc creator/3.1/psoc creator/import/gnu_cs/arm/4.8.4/bin/../lib/gcc/arm-none-eabi/4.8.4/armv6-m\libgcc.a(_muldi3.o)
                              .\CortexM0\ARM_GCC_484\Debug\BLE_Battery_Level01.a(ADC_SAR.o) (__aeabi_lmul)
d:/program files (x86)/cypress/psoc creator/3.1/psoc creator/import/gnu_cs/arm/4.8.4/bin/../lib/gcc/arm-none-eabi/4.8.4/armv6-m\libgcc.a(bpabi.o)
                              d:/program files (x86)/cypress/psoc creator/3.1/psoc creator/import/gnu_cs/arm/4.8.4/bin/../lib/gcc/arm-none-eabi/4.8.4/armv6-m\libgcc.a(_aeabi_ldivmod.o) (__gnu_ldivmod_helper)
d:/program files (x86)/cypress/psoc creator/3.1/psoc creator/import/gnu_cs/arm/4.8.4/bin/../lib/gcc/arm-none-eabi/4.8.4/armv6-m\libgcc.a(divsf3.o)
                              .\CortexM0\ARM_GCC_484\Debug\BLE_Battery_Level01.a(ADC_SAR.o) (__aeabi_fdiv)
d:/program files (x86)/cypress/psoc creator/3.1/psoc creator/import/gnu_cs/arm/4.8.4/bin/../lib/gcc/arm-none-eabi/4.8.4/armv6-m\libgcc.a(mulsf3.o)
                              .\CortexM0\ARM_GCC_484\Debug\BLE_Battery_Level01.a(ADC_SAR.o) (__aeabi_fmul)
d:/program files (x86)/cypress/psoc creator/3.1/psoc creator/import/gnu_cs/arm/4.8.4/bin/../lib/gcc/arm-none-eabi/4.8.4/armv6-m\libgcc.a(floatsisf.o)
                              .\CortexM0\ARM_GCC_484\Debug\BLE_Battery_Level01.a(ADC_SAR.o) (__aeabi_i2f)
d:/program files (x86)/cypress/psoc creator/3.1/psoc creator/import/gnu_cs/arm/4.8.4/bin/../lib/gcc/arm-none-eabi/4.8.4/armv6-m\libgcc.a(_clzsi2.o)
[...]
Memory Configuration

Name             Origin             Length             Attributes
rom              0x00000000         0x00020000         xr
ram              0x20000000         0x00004000         xrw
*default*        0x00000000         0xffffffff

Linker script and memory map

LOAD d:/program files (x86)/cypress/psoc creator/3.1/psoc creator/import/gnu_cs/arm/4.8.4/bin/../lib/gcc/arm-none-eabi/4.8.4/armv6-m/crti.o
LOAD d:/program files (x86)/cypress/psoc creator/3.1/psoc creator/import/gnu_cs/arm/4.8.4/bin/../lib/gcc/arm-none-eabi/4.8.4/armv6-m/crtbegin.o
LOAD d:/program files (x86)/cypress/psoc creator/3.1/psoc creator/import/gnu_cs/arm/4.8.4/bin/../lib/gcc/arm-none-eabi/4.8.4/../../../../arm-none-eabi/lib/armv6-m/crt0.o
START GROUP
LOAD .\CortexM0\ARM_GCC_484\Debug\main.o
LOAD .\CortexM0\ARM_GCC_484\Debug\debug.o
LOAD .\CortexM0\ARM_GCC_484\Debug\cymetadata.o
LOAD .\CortexM0\ARM_GCC_484\Debug\Cm0Start.o
LOAD .\CortexM0\ARM_GCC_484\Debug\BLE_Battery_Level01.a
LOAD d:\Program Files (x86)\Cypress\PSoC Creator\3.1\PSoC Creator\psoc\content\cycomponentlibrary\CyComponentLibrary.cylib\CortexM0\ARM_GCC_484\Debug\CyComponentLibrary.a
END GROUP
START GROUP
LOAD d:/program files (x86)/cypress/psoc creator/3.1/psoc creator/import/gnu_cs/arm/4.8.4/bin/../lib/gcc/arm-none-eabi/4.8.4/armv6-m\libgcc.a
LOAD d:/program files (x86)/cypress/psoc creator/3.1/psoc creator/import/gnu_cs/arm/4.8.4/bin/../lib/gcc/arm-none-eabi/4.8.4/../../../../arm-none-eabi/lib/armv6-m\libg_s.a
LOAD d:/program files (x86)/cypress/psoc creator/3.1/psoc creator/import/gnu_cs/arm/4.8.4/bin/../lib/gcc/arm-none-eabi/4.8.4/../../../../arm-none-eabi/lib/armv6-m\libc_s.a
END GROUP
START GROUP
LOAD d:/program files (x86)/cypress/psoc creator/3.1/psoc creator/import/gnu_cs/arm/4.8.4/bin/../lib/gcc/arm-none-eabi/4.8.4/armv6-m\libgcc.a
LOAD d:/program files (x86)/cypress/psoc creator/3.1/psoc creator/import/gnu_cs/arm/4.8.4/bin/../lib/gcc/arm-none-eabi/4.8.4/../../../../arm-none-eabi/lib/armv6-m\libc_s.a
END GROUP
LOAD d:/program files (x86)/cypress/psoc creator/3.1/psoc creator/import/gnu_cs/arm/4.8.4/bin/../lib/gcc/arm-none-eabi/4.8.4/armv6-m/crtend.o
LOAD d:/program files (x86)/cypress/psoc creator/3.1/psoc creator/import/gnu_cs/arm/4.8.4/bin/../lib/gcc/arm-none-eabi/4.8.4/armv6-m/crtn.o
START GROUP
LOAD d:/program files (x86)/cypress/psoc creator/3.1/psoc creator/import/gnu_cs/arm/4.8.4/bin/../lib/gcc/arm-none-eabi/4.8.4/armv6-m\libgcc.a
LOAD d:/program files (x86)/cypress/psoc creator/3.1/psoc creator/import/gnu_cs/arm/4.8.4/bin/../lib/gcc/arm-none-eabi/4.8.4/../../../../arm-none-eabi/lib/armv6-m\libc.a
LOAD d:/program files (x86)/cypress/psoc creator/3.1/psoc creator/import/gnu_cs/arm/4.8.4/bin/../lib/gcc/arm-none-eabi/4.8.4/../../../../arm-none-eabi/lib/armv6-m\libnosys.a
END GROUP
                0x00000000                CY_APPL_ORIGIN = 0x0
                0x00000080                CY_FLASH_ROW_SIZE = 0x80
                0x00000001                CY_APPL_NUM = 0x1
                0x00000040                CY_METADATA_SIZE = 0x40
                0x200001c0                PROVIDE (__cy_heap_start, _end)
                0x00000001                PROVIDE (__cy_region_num, ((__cy_regions_end - __cy_regions) / 0x10))
                0x20004000                PROVIDE (__cy_stack, (ORIGIN (ram) + 0x4000))
                0x20003800                PROVIDE (__cy_heap_end, (__cy_stack - 0x800))

.cybootloader   0x00000000        0x0
 *(.cybootloader)
                0x00000000                appl1_start = CY_APPL_ORIGIN?CY_APPL_ORIGIN:ALIGN (CY_FLASH_ROW_SIZE)
                0x0000ff80                appl2_start = (appl1_start + ALIGN ((((0x20000 - appl1_start) - (0x2 * CY_FLASH_ROW_SIZE)) / 0x2), CY_FLASH_ROW_SIZE))
                0x00000000                appl_start = (CY_APPL_NUM == 0x1)?appl1_start:appl2_start

.text           0x00000000     0x2ba0
 CREATE_OBJECT_SYMBOLS
                0x00000000                PROVIDE (__cy_interrupt_vector, RomVectors)
 *(.romvectors)
 .romvectors    0x00000000       0x10 .\CortexM0\ARM_GCC_484\Debug\Cm0Start.o
                0x00000000                RomVectors
                0x00000001                ASSERT ((. != __cy_interrupt_vector), No interrupt vector)
                0x00000001                ASSERT (CY_APPL_ORIGIN?(SIZEOF (.cybootloader) <= CY_APPL_ORIGIN):0x1, Wrong image location)
                0x00000010                PROVIDE (__cy_reset, Reset)
 *(.text.Reset)
 .text.Reset    0x00000010        0x8 .\CortexM0\ARM_GCC_484\Debug\Cm0Start.o
                0x00000010                Reset
                0x00000001                ASSERT ((. != __cy_reset), No reset code)
 *(.psocinit)
 .psocinit      0x00000018      0x330 .\CortexM0\ARM_GCC_484\Debug\BLE_Battery_Level01.a(cyfitter_cfg.o)
                0x000001d4                cyfitter_cfg
                0x00000348                . = MAX (., 0x100)
 *(.text .text.* .gnu.linkonce.t.*)
 .text          0x00000348       0x60 d:/program files (x86)/cypress/psoc creator/3.1/psoc creator/import/gnu_cs/arm/4.8.4/bin/../lib/gcc/arm-none-eabi/4.8.4/armv6-m/crtbegin.o
 .text.Data_Acquire_and_Print
                0x000003a8       0x38 .\CortexM0\ARM_GCC_484\Debug\main.o
                0x000003a8                Data_Acquire_and_Print
 .text.UartRX_Interrupt
                0x000003e0       0xcc .\CortexM0\ARM_GCC_484\Debug\main.o
                0x000003e0                UartRX_Interrupt
 .text.main     0x000004ac      0x688 .\CortexM0\ARM_GCC_484\Debug\main.o
                0x000004ac                main
 .text._write   0x00000b34       0x38 .\CortexM0\ARM_GCC_484\Debug\debug.o
                0x00000b34                _write
 .text.IntDefaultHandler
                0x00000b6c        0x8 .\CortexM0\ARM_GCC_484\Debug\Cm0Start.o
                0x00000b6c                IntDefaultHandler
 .text._sbrk    0x00000b74       0x54 .\CortexM0\ARM_GCC_484\Debug\Cm0Start.o
                0x00000b74                _sbrk
 .text.Start_c  0x00000bc8       0x98 .\CortexM0\ARM_GCC_484\Debug\Cm0Start.o
                0x00000bc8                Start_c
 .text.initialize_psoc
                0x00000c60       0x70 .\CortexM0\ARM_GCC_484\Debug\Cm0Start.o
                0x00000c60                initialize_psoc
 .text.CYMEMZERO
                0x00000cd0       0x20 .\CortexM0\ARM_GCC_484\Debug\BLE_Battery_Level01.a(cyfitter_cfg.o)
 .text.cfg_write_bytes32
                0x00000cf0       0x80 .\CortexM0\ARM_GCC_484\Debug\BLE_Battery_Level01.a(cyfitter_cfg.o)
 .text.AnalogSetDefault
                0x00000d70       0x5c .\CortexM0\ARM_GCC_484\Debug\BLE_Battery_Level01.a(cyfitter_cfg.o)
 .text.SetAnalogRoutingPumps
                0x00000dcc       0x40 .\CortexM0\ARM_GCC_484\Debug\BLE_Battery_Level01.a(cyfitter_cfg.o)
                0x00000dcc                SetAnalogRoutingPumps
 .text.UART_DEB_Init
                0x00000e0c        0xc .\CortexM0\ARM_GCC_484\Debug\BLE_Battery_Level01.a(UART_DEB.o)
                0x00000e0c                UART_DEB_Init
 .text.UART_DEB_Enable
                0x00000e18       0x20 .\CortexM0\ARM_GCC_484\Debug\BLE_Battery_Level01.a(UART_DEB.o)
                0x00000e18                UART_DEB_Enable
 .text.UART_DEB_Start
                0x00000e38       0x24 .\CortexM0\ARM_GCC_484\Debug\BLE_Battery_Level01.a(UART_DEB.o)
                0x00000e38                UART_DEB_Start
 .text.UART_DEB_ScbEnableIntr
                0x00000e5c       0x10 .\CortexM0\ARM_GCC_484\Debug\BLE_Battery_Level01.a(UART_DEB.o)
 .text.UART_DEB_SpiUartReadRxData
                0x00000e6c       0x20 .\CortexM0\ARM_GCC_484\Debug\BLE_Battery_Level01.a(UART_DEB_SPI_UART.o)
                0x00000e6c                UART_DEB_SpiUartReadRxData
 .text.UART_DEB_SpiUartWriteTxData
                0x00000e8c       0x2c .\CortexM0\ARM_GCC_484\Debug\BLE_Battery_Level01.a(UART_DEB_SPI_UART.o)
                0x00000e8c                UART_DEB_SpiUartWriteTxData
 .text.UART_DEB_UartInit
                0x00000eb8       0xcc .\CortexM0\ARM_GCC_484\Debug\BLE_Battery_Level01.a(UART_DEB_UART.o)
                0x00000eb8                UART_DEB_UartInit
 .text.CySysClkWcoSetHighPowerMode
                0x00000f84       0x3c .\CortexM0\ARM_GCC_484\Debug\BLE_Battery_Level01.a(CyLib.o)
 .text.CySysClkWcoSetLowPowerMode
                0x00000fc0       0x48 .\CortexM0\ARM_GCC_484\Debug\BLE_Battery_Level01.a(CyLib.o)
 .text.CySysClkEcoStart
                0x00001008       0x74 .\CortexM0\ARM_GCC_484\Debug\BLE_Battery_Level01.a(CyLib.o)
                0x00001008                CySysClkEcoStart
 .text.CySysClkEcoReadStatus
                0x0000107c       0x18 .\CortexM0\ARM_GCC_484\Debug\BLE_Battery_Level01.a(CyLib.o)
                0x0000107c                CySysClkEcoReadStatus
 .text.CySysClkWcoStart
                0x00001094       0x20 .\CortexM0\ARM_GCC_484\Debug\BLE_Battery_Level01.a(CyLib.o)
                0x00001094                CySysClkWcoStart
 .text.CySysClkWcoSetPowerMode
                0x000010b4       0x40 .\CortexM0\ARM_GCC_484\Debug\BLE_Battery_Level01.a(CyLib.o)
                0x000010b4                CySysClkWcoSetPowerMode
 .text.CyIntSetVector
                0x000010f4       0x4c .\CortexM0\ARM_GCC_484\Debug\BLE_Battery_Level01.a(CyLib.o)
                0x000010f4                CyIntSetVector
 .text.CyIntSetPriority
                0x00001140       0xa8 .\CortexM0\ARM_GCC_484\Debug\BLE_Battery_Level01.a(CyLib.o)
                0x00001140                CyIntSetPriority
 .text.CyIntEnable
                0x000011e8       0x2c .\CortexM0\ARM_GCC_484\Debug\BLE_Battery_Level01.a(CyLib.o)
                0x000011e8                CyIntEnable
 .text.CyIntDisable
                0x00001214       0x2c .\CortexM0\ARM_GCC_484\Debug\BLE_Battery_Level01.a(CyLib.o)
                0x00001214                CyIntDisable
 .text.CyHalt   0x00001240       0x14 .\CortexM0\ARM_GCC_484\Debug\BLE_Battery_Level01.a(CyLib.o)
                0x00001240                CyHalt
 .text.CyDelay  0x00001254       0x48 .\CortexM0\ARM_GCC_484\Debug\BLE_Battery_Level01.a(CyLib.o)
                0x00001254                CyDelay
 .text.CyDelayUs
                0x0000129c       0x28 .\CortexM0\ARM_GCC_484\Debug\BLE_Battery_Level01.a(CyLib.o)
                0x0000129c                CyDelayUs
 .text.ADC_SAR_Start
                0x000012c4       0x24 .\CortexM0\ARM_GCC_484\Debug\BLE_Battery_Level01.a(ADC_SAR.o)
                0x000012c4                ADC_SAR_Start
 .text.ADC_SAR_Init
                0x000012e8      0x1a8 .\CortexM0\ARM_GCC_484\Debug\BLE_Battery_Level01.a(ADC_SAR.o)
                0x000012e8                ADC_SAR_Init
 .text.ADC_SAR_Enable
                0x00001490       0x38 .\CortexM0\ARM_GCC_484\Debug\BLE_Battery_Level01.a(ADC_SAR.o)
                0x00001490                ADC_SAR_Enable
 .text.ADC_SAR_StartConvert
                0x000014c8       0x1c .\CortexM0\ARM_GCC_484\Debug\BLE_Battery_Level01.a(ADC_SAR.o)
                0x000014c8                ADC_SAR_StartConvert
 .text.ADC_SAR_IsEndConversion
                0x000014e4       0x48 .\CortexM0\ARM_GCC_484\Debug\BLE_Battery_Level01.a(ADC_SAR.o)
                0x000014e4                ADC_SAR_IsEndConversion
 .text.ADC_SAR_GetResult16
                0x0000152c       0x44 .\CortexM0\ARM_GCC_484\Debug\BLE_Battery_Level01.a(ADC_SAR.o)
                0x0000152c                ADC_SAR_GetResult16
 .text.ADC_SAR_ISR
                0x00001570       0x1c .\CortexM0\ARM_GCC_484\Debug\BLE_Battery_Level01.a(ADC_SAR_INT.o)
                0x00001570                ADC_SAR_ISR
 .text.PWM_GREEN_Start
                0x0000158c       0x24 .\CortexM0\ARM_GCC_484\Debug\BLE_Battery_Level01.a(PWM_GREEN.o)
                0x0000158c                PWM_GREEN_Start
 .text.PWM_GREEN_Init
                0x000015b0       0x54 .\CortexM0\ARM_GCC_484\Debug\BLE_Battery_Level01.a(PWM_GREEN.o)
                0x000015b0                PWM_GREEN_Init
 .text.PWM_GREEN_Enable
                0x00001604       0x20 .\CortexM0\ARM_GCC_484\Debug\BLE_Battery_Level01.a(PWM_GREEN.o)
                0x00001604                PWM_GREEN_Enable
 .text.PWM_GREEN_Stop
                0x00001624       0x1c .\CortexM0\ARM_GCC_484\Debug\BLE_Battery_Level01.a(PWM_GREEN.o)
                0x00001624                PWM_GREEN_Stop
 .text.PWM_GREEN_WriteCounter
                0x00001640       0x20 .\CortexM0\ARM_GCC_484\Debug\BLE_Battery_Level01.a(PWM_GREEN.o)
                0x00001640                PWM_GREEN_WriteCounter
 .text.PWM_GREEN_WritePeriod
                0x00001660       0x20 .\CortexM0\ARM_GCC_484\Debug\BLE_Battery_Level01.a(PWM_GREEN.o)
                0x00001660                PWM_GREEN_WritePeriod
 .text.PWM_GREEN_WriteCompare
                0x00001680       0x20 .\CortexM0\ARM_GCC_484\Debug\BLE_Battery_Level01.a(PWM_GREEN.o)
                0x00001680                PWM_GREEN_WriteCompare
 .text.PWM_IR_AND_RED_Start
                0x000016a0       0x24 .\CortexM0\ARM_GCC_484\Debug\BLE_Battery_Level01.a(PWM_IR_AND_RED.o)
                0x000016a0                PWM_IR_AND_RED_Start
 .text.PWM_IR_AND_RED_Init
                0x000016c4       0x58 .\CortexM0\ARM_GCC_484\Debug\BLE_Battery_Level01.a(PWM_IR_AND_RED.o)
                0x000016c4                PWM_IR_AND_RED_Init
 .text.PWM_IR_AND_RED_Enable
                0x0000171c       0x20 .\CortexM0\ARM_GCC_484\Debug\BLE_Battery_Level01.a(PWM_IR_AND_RED.o)
                0x0000171c                PWM_IR_AND_RED_Enable
 .text.PWM_IR_AND_RED_Stop
                0x0000173c       0x1c .\CortexM0\ARM_GCC_484\Debug\BLE_Battery_Level01.a(PWM_IR_AND_RED.o)
                0x0000173c                PWM_IR_AND_RED_Stop
 .text.PWM_IR_AND_RED_WriteCounter
                0x00001758       0x20 .\CortexM0\ARM_GCC_484\Debug\BLE_Battery_Level01.a(PWM_IR_AND_RED.o)
                0x00001758                PWM_IR_AND_RED_WriteCounter
 .text.PWM_IR_AND_RED_WritePeriod
                0x00001778       0x20 .\CortexM0\ARM_GCC_484\Debug\BLE_Battery_Level01.a(PWM_IR_AND_RED.o)
                0x00001778                PWM_IR_AND_RED_WritePeriod
 .text.PWM_IR_AND_RED_WriteCompare1
                0x00001798       0x20 .\CortexM0\ARM_GCC_484\Debug\BLE_Battery_Level01.a(PWM_IR_AND_RED.o)
                0x00001798                PWM_IR_AND_RED_WriteCompare1
 .text.PWM_IR_AND_RED_WriteCompare2
                0x000017b8       0x20 .\CortexM0\ARM_GCC_484\Debug\BLE_Battery_Level01.a(PWM_IR_AND_RED.o)
                0x000017b8                PWM_IR_AND_RED_WriteCompare2
 .text.Opamp_Init
                0x000017d8       0x34 .\CortexM0\ARM_GCC_484\Debug\BLE_Battery_Level01.a(Opamp.o)
                0x000017d8                Opamp_Init
 .text.Opamp_Enable
                0x0000180c       0x24 .\CortexM0\ARM_GCC_484\Debug\BLE_Battery_Level01.a(Opamp.o)
                0x0000180c                Opamp_Enable
 .text.Opamp_Start
                0x00001830       0x24 .\CortexM0\ARM_GCC_484\Debug\BLE_Battery_Level01.a(Opamp.o)
                0x00001830                Opamp_Start
 .text.Opamp_SetPower
                0x00001854       0x38 .\CortexM0\ARM_GCC_484\Debug\BLE_Battery_Level01.a(Opamp.o)
                0x00001854                Opamp_SetPower
 .text.PWM_NIR1_Start
                0x0000188c       0x24 .\CortexM0\ARM_GCC_484\Debug\BLE_Battery_Level01.a(PWM_NIR1.o)
                0x0000188c                PWM_NIR1_Start
 .text.PWM_NIR1_Init
                0x000018b0       0x58 .\CortexM0\ARM_GCC_484\Debug\BLE_Battery_Level01.a(PWM_NIR1.o)
                0x000018b0                PWM_NIR1_Init
 .text.PWM_NIR1_Enable
                0x00001908       0x20 .\CortexM0\ARM_GCC_484\Debug\BLE_Battery_Level01.a(PWM_NIR1.o)
                0x00001908                PWM_NIR1_Enable
 .text.PWM_NIR1_Stop
                0x00001928       0x1c .\CortexM0\ARM_GCC_484\Debug\BLE_Battery_Level01.a(PWM_NIR1.o)
                0x00001928                PWM_NIR1_Stop
 .text.PWM_NIR1_WriteCounter
                0x00001944       0x20 .\CortexM0\ARM_GCC_484\Debug\BLE_Battery_Level01.a(PWM_NIR1.o)
                0x00001944                PWM_NIR1_WriteCounter
 .text.PWM_NIR1_WritePeriod
                0x00001964       0x20 .\CortexM0\ARM_GCC_484\Debug\BLE_Battery_Level01.a(PWM_NIR1.o)
                0x00001964                PWM_NIR1_WritePeriod
 .text.PWM_NIR1_WriteCompare1
                0x00001984       0x20 .\CortexM0\ARM_GCC_484\Debug\BLE_Battery_Level01.a(PWM_NIR1.o)
                0x00001984                PWM_NIR1_WriteCompare1
 .text.PWM_NIR1_WriteCompare2
                0x000019a4       0x20 .\CortexM0\ARM_GCC_484\Debug\BLE_Battery_Level01.a(PWM_NIR1.o)
                0x000019a4                PWM_NIR1_WriteCompare2
 .text.UART_DEB_SCB_IRQ_Start
                0x000019c4       0x24 .\CortexM0\ARM_GCC_484\Debug\BLE_Battery_Level01.a(UART_DEB_SCB_IRQ.o)
                0x000019c4                UART_DEB_SCB_IRQ_Start
 .text.UART_DEB_SCB_IRQ_StartEx
                0x000019e8       0x24 .\CortexM0\ARM_GCC_484\Debug\BLE_Battery_Level01.a(UART_DEB_SCB_IRQ.o)
                0x000019e8                UART_DEB_SCB_IRQ_StartEx
 .text.UART_DEB_SCB_IRQ_Interrupt
                0x00001a0c        0x8 .\CortexM0\ARM_GCC_484\Debug\BLE_Battery_Level01.a(UART_DEB_SCB_IRQ.o)
                0x00001a0c                UART_DEB_SCB_IRQ_Interrupt
 .text.UART_DEB_SCB_IRQ_SetVector
                0x00001a14       0x18 .\CortexM0\ARM_GCC_484\Debug\BLE_Battery_Level01.a(UART_DEB_SCB_IRQ.o)
                0x00001a14                UART_DEB_SCB_IRQ_SetVector
 .text.UART_DEB_SCB_IRQ_SetPriority
                0x00001a2c       0x50 .\CortexM0\ARM_GCC_484\Debug\BLE_Battery_Level01.a(UART_DEB_SCB_IRQ.o)
                0x00001a2c                UART_DEB_SCB_IRQ_SetPriority
 .text.UART_DEB_SCB_IRQ_Enable
                0x00001a7c       0x14 .\CortexM0\ARM_GCC_484\Debug\BLE_Battery_Level01.a(UART_DEB_SCB_IRQ.o)
                0x00001a7c                UART_DEB_SCB_IRQ_Enable
 .text.UART_DEB_SCB_IRQ_Disable
                0x00001a90       0x14 .\CortexM0\ARM_GCC_484\Debug\BLE_Battery_Level01.a(UART_DEB_SCB_IRQ.o)
                0x00001a90                UART_DEB_SCB_IRQ_Disable
 .text.UART_DEB_SPI_UART_ISR
                0x00001aa4       0x1c .\CortexM0\ARM_GCC_484\Debug\BLE_Battery_Level01.a(UART_DEB_SPI_UART_INT.o)
                0x00001aa4                UART_DEB_SPI_UART_ISR
 .text          0x00001ac0       0x20 .\CortexM0\ARM_GCC_484\Debug\BLE_Battery_Level01.a(CyBootAsmGnu.o)
                0x00001ac0                CyDelayCycles
                0x00001ad2                CyEnterCriticalSection
                0x00001ada                CyExitCriticalSection
 .text          0x00001ae0       0x9c d:/program files (x86)/cypress/psoc creator/3.1/psoc creator/import/gnu_cs/arm/4.8.4/bin/../lib/gcc/arm-none-eabi/4.8.4/armv6-m\libgcc.a(_udivsi3.o)
                0x00001ae0                __aeabi_uidiv
                0x00001ae0                __udivsi3
                0x00001b68                __aeabi_uidivmod
 .text          0x00001b7c       0xc0 d:/program files (x86)/cypress/psoc creator/3.1/psoc creator/import/gnu_cs/arm/4.8.4/bin/../lib/gcc/arm-none-eabi/4.8.4/armv6-m\libgcc.a(_divsi3.o)
                0x00001b7c                __divsi3
                0x00001b7c                __aeabi_idiv
                0x00001c28                __aeabi_idivmod
 .text          0x00001c3c        0x4 d:/program files (x86)/cypress/psoc creator/3.1/psoc creator/import/gnu_cs/arm/4.8.4/bin/../lib/gcc/arm-none-eabi/4.8.4/armv6-m\libgcc.a(_dvmd_tls.o)
                0x00001c3c                __aeabi_idiv0
                0x00001c3c                __aeabi_ldiv0
 .text.__errno  0x00001c40        0xc d:/program files (x86)/cypress/psoc creator/3.1/psoc creator/import/gnu_cs/arm/4.8.4/bin/../lib/gcc/arm-none-eabi/4.8.4/../../../../arm-none-eabi/lib/armv6-m\libg_s.a(lib_a-errno.o)
                0x00001c40                __errno
 .text.__libc_init_array
                0x00001c4c       0x4c d:/program files (x86)/cypress/psoc creator/3.1/psoc creator/import/gnu_cs/arm/4.8.4/bin/../lib/gcc/arm-none-eabi/4.8.4/../../../../arm-none-eabi/lib/armv6-m\libg_s.a(lib_a-init.o)
                0x00001c4c                __libc_init_array
 .text.memset   0x00001c98       0x10 d:/program files (x86)/cypress/psoc creator/3.1/psoc creator/import/gnu_cs/arm/4.8.4/bin/../lib/gcc/arm-none-eabi/4.8.4/../../../../arm-none-eabi/lib/armv6-m\libg_s.a(lib_a-memset.o)
                0x00001c98                memset
 .text.printf   0x00001ca8       0x34 d:/program files (x86)/cypress/psoc creator/3.1/psoc creator/import/gnu_cs/arm/4.8.4/bin/../lib/gcc/arm-none-eabi/4.8.4/../../../../arm-none-eabi/lib/armv6-m\libg_s.a(lib_a-printf.o)
                0x00001ca8                iprintf
                0x00001ca8                printf
 .text._puts_r  0x00001cdc       0xc2 d:/program files (x86)/cypress/psoc creator/3.1/psoc creator/import/gnu_cs/arm/4.8.4/bin/../lib/gcc/arm-none-eabi/4.8.4/../../../../arm-none-eabi/lib/armv6-m\libg_s.a(lib_a-puts.o)
                0x00001cdc                _puts_r
 *fill*         0x00001d9e        0x2 
 .text.puts     0x00001da0       0x14 d:/program files (x86)/cypress/psoc creator/3.1/psoc creator/import/gnu_cs/arm/4.8.4/bin/../lib/gcc/arm-none-eabi/4.8.4/../../../../arm-none-eabi/lib/armv6-m\libg_s.a(lib_a-puts.o)
                0x00001da0                puts
 .text.__sfputc_r
                0x00001db4       0x2a d:/program files (x86)/cypress/psoc creator/3.1/psoc creator/import/gnu_cs/arm/4.8.4/bin/../lib/gcc/arm-none-eabi/4.8.4/../../../../arm-none-eabi/lib/armv6-m\libg_s.a(lib_a-vfprintf.o)
 .text.__sfputs_r
                0x00001dde       0x24 d:/program files (x86)/cypress/psoc creator/3.1/psoc creator/import/gnu_cs/arm/4.8.4/bin/../lib/gcc/arm-none-eabi/4.8.4/../../../../arm-none-eabi/lib/armv6-m\libg_s.a(lib_a-vfprintf.o)
                0x00001dde                __sfputs_r
 *fill*         0x00001e02        0x2 
 .text._vfprintf_r
                0x00001e04      0x210 d:/program files (x86)/cypress/psoc creator/3.1/psoc creator/import/gnu_cs/arm/4.8.4/bin/../lib/gcc/arm-none-eabi/4.8.4/../../../../arm-none-eabi/lib/armv6-m\libg_s.a(lib_a-vfprintf.o)
                0x00001e04                _vfprintf_r
                0x00001e04                _vfiprintf_r
 .text._printf_common
                0x00002014       0xe8 d:/program files (x86)/cypress/psoc creator/3.1/psoc creator/import/gnu_cs/arm/4.8.4/bin/../lib/gcc/arm-none-eabi/4.8.4/../../../../arm-none-eabi/lib/armv6-m\libg_s.a(lib_a-vfprintf_i.o)
                0x00002014                _printf_common
 .text._printf_i
                0x000020fc      0x22c d:/program files (x86)/cypress/psoc creator/3.1/psoc creator/import/gnu_cs/arm/4.8.4/bin/../lib/gcc/arm-none-eabi/4.8.4/../../../../arm-none-eabi/lib/armv6-m\libg_s.a(lib_a-vfprintf_i.o)
                0x000020fc                _printf_i
 .text.__swbuf_r
                0x00002328       0xb0 d:/program files (x86)/cypress/psoc creator/3.1/psoc creator/import/gnu_cs/arm/4.8.4/bin/../lib/gcc/arm-none-eabi/4.8.4/../../../../arm-none-eabi/lib/armv6-m\libg_s.a(lib_a-wbuf.o)
                0x00002328                __swbuf_r
 .text.__swsetup_r
                0x000023d8       0xe4 d:/program files (x86)/cypress/psoc creator/3.1/psoc creator/import/gnu_cs/arm/4.8.4/bin/../lib/gcc/arm-none-eabi/4.8.4/../../../../arm-none-eabi/lib/armv6-m\libg_s.a(lib_a-wsetup.o)
                0x000023d8                __swsetup_r
 .text.__sflush_r
                0x000024bc      0x112 d:/program files (x86)/cypress/psoc creator/3.1/psoc creator/import/gnu_cs/arm/4.8.4/bin/../lib/gcc/arm-none-eabi/4.8.4/../../../../arm-none-eabi/lib/armv6-m\libg_s.a(lib_a-fflush.o)
                0x000024bc                __sflush_r
 *fill*         0x000025ce        0x2 
 .text._fflush_r
                0x000025d0       0x58 d:/program files (x86)/cypress/psoc creator/3.1/psoc creator/import/gnu_cs/arm/4.8.4/bin/../lib/gcc/arm-none-eabi/4.8.4/../../../../arm-none-eabi/lib/armv6-m\libg_s.a(lib_a-fflush.o)
                0x000025d0                _fflush_r
 .text._cleanup_r
                0x00002628       0x34 d:/program files (x86)/cypress/psoc creator/3.1/psoc creator/import/gnu_cs/arm/4.8.4/bin/../lib/gcc/arm-none-eabi/4.8.4/../../../../arm-none-eabi/lib/armv6-m\libg_s.a(lib_a-findfp.o)
                0x00002628                _cleanup_r
 .text.std.isra.0
                0x0000265c       0x48 d:/program files (x86)/cypress/psoc creator/3.1/psoc creator/import/gnu_cs/arm/4.8.4/bin/../lib/gcc/arm-none-eabi/4.8.4/../../../../arm-none-eabi/lib/armv6-m\libg_s.a(lib_a-findfp.o)
 .text.__sfmoreglue
                0x000026a4       0x2c d:/program files (x86)/cypress/psoc creator/3.1/psoc creator/import/gnu_cs/arm/4.8.4/bin/../lib/gcc/arm-none-eabi/4.8.4/../../../../arm-none-eabi/lib/armv6-m\libg_s.a(lib_a-findfp.o)
                0x000026a4                __sfmoreglue
 .text.__sinit  0x000026d0       0x64 d:/program files (x86)/cypress/psoc creator/3.1/psoc creator/import/gnu_cs/arm/4.8.4/bin/../lib/gcc/arm-none-eabi/4.8.4/../../../../arm-none-eabi/lib/armv6-m\libg_s.a(lib_a-findfp.o)
                0x000026d0                __sinit
 .text.__sfp    0x00002734       0x7c d:/program files (x86)/cypress/psoc creator/3.1/psoc creator/import/gnu_cs/arm/4.8.4/bin/../lib/gcc/arm-none-eabi/4.8.4/../../../../arm-none-eabi/lib/armv6-m\libg_s.a(lib_a-findfp.o)
                0x00002734                __sfp
 .text.__smakebuf_r
                0x000027b0       0xa0 d:/program files (x86)/cypress/psoc creator/3.1/psoc creator/import/gnu_cs/arm/4.8.4/bin/../lib/gcc/arm-none-eabi/4.8.4/../../../../arm-none-eabi/lib/armv6-m\libg_s.a(lib_a-makebuf.o)
                0x000027b0                __smakebuf_r
 .text.memchr   0x00002850       0x16 d:/program files (x86)/cypress/psoc creator/3.1/psoc creator/import/gnu_cs/arm/4.8.4/bin/../lib/gcc/arm-none-eabi/4.8.4/../../../../arm-none-eabi/lib/armv6-m\libg_s.a(lib_a-memchr-stub.o)
                0x00002850                memchr
 *fill*         0x00002866        0x2 
 .text._free_r  0x00002868       0x90 d:/program files (x86)/cypress/psoc creator/3.1/psoc creator/import/gnu_cs/arm/4.8.4/bin/../lib/gcc/arm-none-eabi/4.8.4/../../../../arm-none-eabi/lib/armv6-m\libg_s.a(lib_a-nano-freer.o)
                0x00002868                _free_r
 .text._malloc_r
                0x000028f8       0xa8 d:/program files (x86)/cypress/psoc creator/3.1/psoc creator/import/gnu_cs/arm/4.8.4/bin/../lib/gcc/arm-none-eabi/4.8.4/../../../../arm-none-eabi/lib/armv6-m\libg_s.a(lib_a-nano-mallocr.o)
                0x000028f8                _malloc_r
 .text._sbrk_r  0x000029a0       0x24 d:/program files (x86)/cypress/psoc creator/3.1/psoc creator/import/gnu_cs/arm/4.8.4/bin/../lib/gcc/arm-none-eabi/4.8.4/../../../../arm-none-eabi/lib/armv6-m\libg_s.a(lib_a-sbrkr.o)
                0x000029a0                _sbrk_r
 .text.__sread  0x000029c4       0x28 d:/program files (x86)/cypress/psoc creator/3.1/psoc creator/import/gnu_cs/arm/4.8.4/bin/../lib/gcc/arm-none-eabi/4.8.4/../../../../arm-none-eabi/lib/armv6-m\libg_s.a(lib_a-stdio.o)
                0x000029c4                __sread
 .text.__swrite
                0x000029ec       0x38 d:/program files (x86)/cypress/psoc creator/3.1/psoc creator/import/gnu_cs/arm/4.8.4/bin/../lib/gcc/arm-none-eabi/4.8.4/../../../../arm-none-eabi/lib/armv6-m\libg_s.a(lib_a-stdio.o)
                0x000029ec                __swrite
 .text.__sseek  0x00002a24       0x2c d:/program files (x86)/cypress/psoc creator/3.1/psoc creator/import/gnu_cs/arm/4.8.4/bin/../lib/gcc/arm-none-eabi/4.8.4/../../../../arm-none-eabi/lib/armv6-m\libg_s.a(lib_a-stdio.o)
                0x00002a24                __sseek
 .text.__sclose
                0x00002a50        0xc d:/program files (x86)/cypress/psoc creator/3.1/psoc creator/import/gnu_cs/arm/4.8.4/bin/../lib/gcc/arm-none-eabi/4.8.4/../../../../arm-none-eabi/lib/armv6-m\libg_s.a(lib_a-stdio.o)
                0x00002a50                __sclose
 .text.strlen   0x00002a5c        0xe d:/program files (x86)/cypress/psoc creator/3.1/psoc creator/import/gnu_cs/arm/4.8.4/bin/../lib/gcc/arm-none-eabi/4.8.4/../../../../arm-none-eabi/lib/armv6-m\libg_s.a(lib_a-strlen.o)
                0x00002a5c                strlen
 *fill*         0x00002a6a        0x2 
 .text._write_r
                0x00002a6c       0x28 d:/program files (x86)/cypress/psoc creator/3.1/psoc creator/import/gnu_cs/arm/4.8.4/bin/../lib/gcc/arm-none-eabi/4.8.4/../../../../arm-none-eabi/lib/armv6-m\libg_s.a(lib_a-writer.o)
                0x00002a6c                _write_r
 .text._close_r
                0x00002a94       0x24 d:/program files (x86)/cypress/psoc creator/3.1/psoc creator/import/gnu_cs/arm/4.8.4/bin/../lib/gcc/arm-none-eabi/4.8.4/../../../../arm-none-eabi/lib/armv6-m\libg_s.a(lib_a-closer.o)
                0x00002a94                _close_r
 .text._fstat_r
                0x00002ab8       0x24 d:/program files (x86)/cypress/psoc creator/3.1/psoc creator/import/gnu_cs/arm/4.8.4/bin/../lib/gcc/arm-none-eabi/4.8.4/../../../../arm-none-eabi/lib/armv6-m\libg_s.a(lib_a-fstatr.o)
                0x00002ab8                _fstat_r
 .text._isatty_r
                0x00002adc       0x24 d:/program files (x86)/cypress/psoc creator/3.1/psoc creator/import/gnu_cs/arm/4.8.4/bin/../lib/gcc/arm-none-eabi/4.8.4/../../../../arm-none-eabi/lib/armv6-m\libg_s.a(lib_a-isattyr.o)
                0x00002adc                _isatty_r
 .text._lseek_r
                0x00002b00       0x28 d:/program files (x86)/cypress/psoc creator/3.1/psoc creator/import/gnu_cs/arm/4.8.4/bin/../lib/gcc/arm-none-eabi/4.8.4/../../../../arm-none-eabi/lib/armv6-m\libg_s.a(lib_a-lseekr.o)
                0x00002b00                _lseek_r
 .text._read_r  0x00002b28       0x28 d:/program files (x86)/cypress/psoc creator/3.1/psoc creator/import/gnu_cs/arm/4.8.4/bin/../lib/gcc/arm-none-eabi/4.8.4/../../../../arm-none-eabi/lib/armv6-m\libg_s.a(lib_a-readr.o)
                0x00002b28                _read_r
 .text._close   0x00002b50       0x10 d:/program files (x86)/cypress/psoc creator/3.1/psoc creator/import/gnu_cs/arm/4.8.4/bin/../lib/gcc/arm-none-eabi/4.8.4/../../../../arm-none-eabi/lib/armv6-m\libnosys.a(close.o)
                0x00002b50                _close
 .text._fstat   0x00002b60       0x10 d:/program files (x86)/cypress/psoc creator/3.1/psoc creator/import/gnu_cs/arm/4.8.4/bin/../lib/gcc/arm-none-eabi/4.8.4/../../../../arm-none-eabi/lib/armv6-m\libnosys.a(fstat.o)
                0x00002b60                _fstat
 .text._isatty  0x00002b70       0x10 d:/program files (x86)/cypress/psoc creator/3.1/psoc creator/import/gnu_cs/arm/4.8.4/bin/../lib/gcc/arm-none-eabi/4.8.4/../../../../arm-none-eabi/lib/armv6-m\libnosys.a(isatty.o)
                0x00002b70                _isatty
 .text._lseek   0x00002b80       0x10 d:/program files (x86)/cypress/psoc creator/3.1/psoc creator/import/gnu_cs/arm/4.8.4/bin/../lib/gcc/arm-none-eabi/4.8.4/../../../../arm-none-eabi/lib/armv6-m\libnosys.a(lseek.o)
                0x00002b80                _lseek
 .text._read    0x00002b90       0x10 d:/program files (x86)/cypress/psoc creator/3.1/psoc creator/import/gnu_cs/arm/4.8.4/bin/../lib/gcc/arm-none-eabi/4.8.4/../../../../arm-none-eabi/lib/armv6-m\libnosys.a(read.o)
                0x00002b90                _read
 *(.plt)
 *(.gnu.warning)
 *(.glue_7t)
 .glue_7t       0x00000000        0x0 linker stubs
 *(.glue_7)
 .glue_7        0x00000000        0x0 linker stubs
 *(.vfp11_veneer)
 .vfp11_veneer  0x00000000        0x0 linker stubs
 *(.bootloader)
 *(.ARM.extab* .gnu.linkonce.armextab.*)
 *(.gcc_except_table)

.v4_bx          0x00002ba0        0x0
 .v4_bx         0x00000000        0x0 linker stubs

.iplt           0x00002ba0        0x0
 .iplt          0x00000000        0x0 d:/program files (x86)/cypress/psoc creator/3.1/psoc creator/import/gnu_cs/arm/4.8.4/bin/../lib/gcc/arm-none-eabi/4.8.4/armv6-m/crtbegin.o

.eh_frame_hdr
 *(.eh_frame_hdr)

.eh_frame       0x00002ba0        0x4
 *(.eh_frame)
 .eh_frame      0x00002ba0        0x0 d:/program files (x86)/cypress/psoc creator/3.1/psoc creator/import/gnu_cs/arm/4.8.4/bin/../lib/gcc/arm-none-eabi/4.8.4/armv6-m/crtbegin.o
 .eh_frame      0x00002ba0        0x4 d:/program files (x86)/cypress/psoc creator/3.1/psoc creator/import/gnu_cs/arm/4.8.4/bin/../lib/gcc/arm-none-eabi/4.8.4/armv6-m/crtend.o
                0x00002ba4                PROVIDE (__exidx_start, .)

.ARM.exidx
 *(.ARM.exidx* .gnu.linkonce.armexidx.*)
                0x00002ba4                __exidx_end = .

.rodata         0x00002ba4      0x38c
 *(.rodata .rodata.* .gnu.linkonce.r.*)
 .rodata        0x00002ba4      0x154 .\CortexM0\ARM_GCC_484\Debug\main.o
 .rodata        0x00002cf8      0x168 .\CortexM0\ARM_GCC_484\Debug\BLE_Battery_Level01.a(cyfitter_cfg.o)
 .rodata.str1.1
                0x00002e60        0x2 d:/program files (x86)/cypress/psoc creator/3.1/psoc creator/import/gnu_cs/arm/4.8.4/bin/../lib/gcc/arm-none-eabi/4.8.4/../../../../arm-none-eabi/lib/armv6-m\libg_s.a(lib_a-impure.o)
 *fill*         0x00002e62        0x2 
 .rodata._global_impure_ptr
                0x00002e64        0x4 d:/program files (x86)/cypress/psoc creator/3.1/psoc creator/import/gnu_cs/arm/4.8.4/bin/../lib/gcc/arm-none-eabi/4.8.4/../../../../arm-none-eabi/lib/armv6-m\libg_s.a(lib_a-impure.o)
                0x00002e64                _global_impure_ptr
 .rodata.str1.1
                0x00002e68       0x11 d:/program files (x86)/cypress/psoc creator/3.1/psoc creator/import/gnu_cs/arm/4.8.4/bin/../lib/gcc/arm-none-eabi/4.8.4/../../../../arm-none-eabi/lib/armv6-m\libg_s.a(lib_a-vfprintf.o)
 .rodata.str1.1
                0x00002e79       0x22 d:/program files (x86)/cypress/psoc creator/3.1/psoc creator/import/gnu_cs/arm/4.8.4/bin/../lib/gcc/arm-none-eabi/4.8.4/../../../../arm-none-eabi/lib/armv6-m\libg_s.a(lib_a-vfprintf_i.o)
 *fill*         0x00002e9b        0x1 
 .rodata.__sf_fake_stdin
                0x00002e9c       0x20 d:/program files (x86)/cypress/psoc creator/3.1/psoc creator/import/gnu_cs/arm/4.8.4/bin/../lib/gcc/arm-none-eabi/4.8.4/../../../../arm-none-eabi/lib/armv6-m\libg_s.a(lib_a-findfp.o)
                0x00002e9c                __sf_fake_stdin
 .rodata.__sf_fake_stdout
                0x00002ebc       0x20 d:/program files (x86)/cypress/psoc creator/3.1/psoc creator/import/gnu_cs/arm/4.8.4/bin/../lib/gcc/arm-none-eabi/4.8.4/../../../../arm-none-eabi/lib/armv6-m\libg_s.a(lib_a-findfp.o)
                0x00002ebc                __sf_fake_stdout
 .rodata.__sf_fake_stderr
                0x00002edc       0x20 d:/program files (x86)/cypress/psoc creator/3.1/psoc creator/import/gnu_cs/arm/4.8.4/bin/../lib/gcc/arm-none-eabi/4.8.4/../../../../arm-none-eabi/lib/armv6-m\libg_s.a(lib_a-findfp.o)
                0x00002edc                __sf_fake_stderr
                0x00002efc                . = ALIGN (0x4)
 *(.init)
 .init          0x00002efc        0x4 d:/program files (x86)/cypress/psoc creator/3.1/psoc creator/import/gnu_cs/arm/4.8.4/bin/../lib/gcc/arm-none-eabi/4.8.4/armv6-m/crti.o
                0x00002efc                _init
 .init          0x00002f00        0x8 d:/program files (x86)/cypress/psoc creator/3.1/psoc creator/import/gnu_cs/arm/4.8.4/bin/../lib/gcc/arm-none-eabi/4.8.4/armv6-m/crtn.o
                0x00002f08                . = ALIGN (0x4)
                0x00002f08                __preinit_array_start = .
 *(.preinit_array)
                0x00002f08                __preinit_array_end = .
                0x00002f08                . = ALIGN (0x4)
                0x00002f08                __init_array_start = .
 *(SORT(.init_array.*))
 *(.init_array)
 .init_array    0x00002f08        0x4 d:/program files (x86)/cypress/psoc creator/3.1/psoc creator/import/gnu_cs/arm/4.8.4/bin/../lib/gcc/arm-none-eabi/4.8.4/armv6-m/crtbegin.o
 .init_array    0x00002f0c        0x4 .\CortexM0\ARM_GCC_484\Debug\Cm0Start.o
                0x00002f10                __init_array_end = .
                0x00002f10                . = ALIGN (0x4)
 *(.fini)
 .fini          0x00002f10        0x4 d:/program files (x86)/cypress/psoc creator/3.1/psoc creator/import/gnu_cs/arm/4.8.4/bin/../lib/gcc/arm-none-eabi/4.8.4/armv6-m/crti.o
                0x00002f10                _fini
 .fini          0x00002f14        0x8 d:/program files (x86)/cypress/psoc creator/3.1/psoc creator/import/gnu_cs/arm/4.8.4/bin/../lib/gcc/arm-none-eabi/4.8.4/armv6-m/crtn.o
                0x00002f1c                . = ALIGN (0x4)
                0x00002f1c                __fini_array_start = .
 *(.fini_array)
 .fini_array    0x00002f1c        0x4 d:/program files (x86)/cypress/psoc creator/3.1/psoc creator/import/gnu_cs/arm/4.8.4/bin/../lib/gcc/arm-none-eabi/4.8.4/armv6-m/crtbegin.o
 *(SORT(.fini_array.*))
                0x00002f20                __fini_array_end = .
                0x00002f20                . = ALIGN (0x4)
 *crtbegin.o(.ctors)
 *(EXCLUDE_FILE(*crtend.o) .ctors)
 *(SORT(.ctors.*))
 *crtend.o(.ctors)
                0x00002f20                . = ALIGN (0x4)
 *crtbegin.o(.dtors)
 *(EXCLUDE_FILE(*crtend.o) .dtors)
 *(SORT(.dtors.*))
 *crtend.o(.dtors)
                0x00002f20                . = ALIGN (0x4)
                0x00002f20                __cy_regions = .
                0x00002f20        0x4 LONG 0x2f30 __cy_region_init_ram
                0x00002f24        0x4 LONG 0x200000c8 __cy_region_start_data
                0x00002f28        0x4 LONG 0x98 __cy_region_init_size_ram
                0x00002f2c        0x4 LONG 0x60 __cy_region_zero_size_ram
                0x00002f30                __cy_regions_end = .
                0x00002f30                . = ALIGN (0x8)
                0x00002f30                _etext = .

.ramvectors     0x20000000       0xc0
                0x20000000                __cy_region_start_ram = .
 *(.ramvectors)
 .ramvectors    0x20000000       0xc0 .\CortexM0\ARM_GCC_484\Debug\Cm0Start.o
                0x20000000                CyRamVectors

.noinit         0x200000c0        0x4
 *(.noinit)
 .noinit        0x200000c0        0x4 .\CortexM0\ARM_GCC_484\Debug\Cm0Start.o

.data           0x200000c8       0x98 load address 0x00002f30
                0x200000c8                __cy_region_start_data = .
 *(.jcr)
 .jcr           0x200000c8        0x0 d:/program files (x86)/cypress/psoc creator/3.1/psoc creator/import/gnu_cs/arm/4.8.4/bin/../lib/gcc/arm-none-eabi/4.8.4/armv6-m/crtbegin.o
 .jcr           0x200000c8        0x4 d:/program files (x86)/cypress/psoc creator/3.1/psoc creator/import/gnu_cs/arm/4.8.4/bin/../lib/gcc/arm-none-eabi/4.8.4/armv6-m/crtend.o
 *(.got.plt)
 *(.got)
 *(.shdata)
 *(.data .data.* .gnu.linkonce.d.*)
 .data          0x200000cc       0x18 .\CortexM0\ARM_GCC_484\Debug\main.o
                0x200000cc                Ledtype
                0x200000e0                g_pconf_cmd
 .data          0x200000e4        0x4 .\CortexM0\ARM_GCC_484\Debug\Cm0Start.o
 .data          0x200000e8        0x4 .\CortexM0\ARM_GCC_484\Debug\BLE_Battery_Level01.a(cyfitter_cfg.o)
 .data          0x200000ec       0x10 .\CortexM0\ARM_GCC_484\Debug\BLE_Battery_Level01.a(CyLib.o)
                0x200000ec                cydelayFreqHz
                0x200000f0                cydelayFreqKhz
                0x200000f4                cydelayFreqMhz
                0x200000f8                cydelay32kMs
 .data.impure_data
                0x200000fc       0x60 d:/program files (x86)/cypress/psoc creator/3.1/psoc creator/import/gnu_cs/arm/4.8.4/bin/../lib/gcc/arm-none-eabi/4.8.4/../../../../arm-none-eabi/lib/armv6-m\libg_s.a(lib_a-impure.o)
 .data._impure_ptr
                0x2000015c        0x4 d:/program files (x86)/cypress/psoc creator/3.1/psoc creator/import/gnu_cs/arm/4.8.4/bin/../lib/gcc/arm-none-eabi/4.8.4/../../../../arm-none-eabi/lib/armv6-m\libg_s.a(lib_a-impure.o)
                0x2000015c                _impure_ptr
                0x20000160                . = ALIGN (0x8)
 *(.ram)
                0x20000160                _edata = .

.igot.plt       0x20000160        0x0 load address 0x00002fc8
 .igot.plt      0x00000000        0x0 d:/program files (x86)/cypress/psoc creator/3.1/psoc creator/import/gnu_cs/arm/4.8.4/bin/../lib/gcc/arm-none-eabi/4.8.4/armv6-m/crtbegin.o

.bss            0x20000160       0x60 load address 0x00002fc8
                0x20000160                PROVIDE (__bss_start__, .)
 *(.shbss)
 *(.bss .bss.* .gnu.linkonce.b.*)
 .bss           0x20000160       0x1c d:/program files (x86)/cypress/psoc creator/3.1/psoc creator/import/gnu_cs/arm/4.8.4/bin/../lib/gcc/arm-none-eabi/4.8.4/armv6-m/crtbegin.o
 .bss           0x2000017c        0x4 .\CortexM0\ARM_GCC_484\Debug\main.o
 .bss           0x20000180        0x8 .\CortexM0\ARM_GCC_484\Debug\BLE_Battery_Level01.a(UART_DEB.o)
                0x20000180                UART_DEB_initVar
                0x20000184                UART_DEB_customIntrHandler
 .bss           0x20000188        0x1 .\CortexM0\ARM_GCC_484\Debug\BLE_Battery_Level01.a(ADC_SAR.o)
                0x20000188                ADC_SAR_initVar
 .bss           0x20000189        0x1 .\CortexM0\ARM_GCC_484\Debug\BLE_Battery_Level01.a(PWM_GREEN.o)
                0x20000189                PWM_GREEN_initVar
 .bss           0x2000018a        0x1 .\CortexM0\ARM_GCC_484\Debug\BLE_Battery_Level01.a(PWM_IR_AND_RED.o)
                0x2000018a                PWM_IR_AND_RED_initVar
 *fill*         0x2000018b        0x1 
 .bss           0x2000018c        0x8 .\CortexM0\ARM_GCC_484\Debug\BLE_Battery_Level01.a(Opamp.o)
                0x2000018c                Opamp_initVar
 .bss           0x20000194        0x1 .\CortexM0\ARM_GCC_484\Debug\BLE_Battery_Level01.a(PWM_NIR1.o)
                0x20000194                PWM_NIR1_initVar
 *fill*         0x20000195        0x3 
 .bss.__malloc_sbrk_start
                0x20000198        0x4 d:/program files (x86)/cypress/psoc creator/3.1/psoc creator/import/gnu_cs/arm/4.8.4/bin/../lib/gcc/arm-none-eabi/4.8.4/../../../../arm-none-eabi/lib/armv6-m\libg_s.a(lib_a-nano-mallocr.o)
                0x20000198                __malloc_sbrk_start
 .bss.__malloc_free_list
                0x2000019c        0x4 d:/program files (x86)/cypress/psoc creator/3.1/psoc creator/import/gnu_cs/arm/4.8.4/bin/../lib/gcc/arm-none-eabi/4.8.4/../../../../arm-none-eabi/lib/armv6-m\libg_s.a(lib_a-nano-mallocr.o)
                0x2000019c                __malloc_free_list
 *(COMMON)
 COMMON         0x200001a0       0x12 .\CortexM0\ARM_GCC_484\Debug\main.o
                0x200001a0                g_config_cmd
                0x200001b0                g_adcResult
 *fill*         0x200001b2        0x2 
 COMMON         0x200001b4        0x6 .\CortexM0\ARM_GCC_484\Debug\BLE_Battery_Level01.a(ADC_SAR.o)
                0x200001b4                ADC_SAR_countsPer10Volt
                0x200001b8                ADC_SAR_offset
 *fill*         0x200001ba        0x2 
 COMMON         0x200001bc        0x4 d:/program files (x86)/cypress/psoc creator/3.1/psoc creator/import/gnu_cs/arm/4.8.4/bin/../lib/gcc/arm-none-eabi/4.8.4/../../../../arm-none-eabi/lib/armv6-m\libg_s.a(lib_a-reent.o)
                0x200001bc                errno
                0x200001c0                . = ALIGN (0x8)
 *(.ram.b)
                0x200001c0                _end = .
                0x200001c0                __end = .
                0x200001c0                PROVIDE (end, .)
                0x200001c0                PROVIDE (__bss_end__, .)
                0x00002f30                __cy_region_init_ram = LOADADDR (.data)
                0x00000098                __cy_region_init_size_ram = (_edata - ADDR (.data))
                0x00000060                __cy_region_zero_size_ram = (_end - _edata)

.heap           0x200001c0      0x400 load address 0x00002fc8
                0x200001c0                . = _end
                0x200005c0                . = (. + 0x400)
 *fill*         0x200001c0      0x400 
                0x200005c0                __cy_heap_limit = .

.stack          0x20003800      0x800
                0x20003800                __cy_stack_limit = .
                0x20004000                . = (. + 0x800)
 *fill*         0x20003800      0x800 
                0x00000001                ASSERT ((__cy_stack_limit >= __cy_heap_limit), region RAM overflowed with stack)

.cyloadermeta
 *(.cyloadermeta)

.cyloadablemeta
 *(.cyloadablemeta)

.cyflashprotect
                0x90400000       0x80
 *(.cyflashprotect)
 .cyflashprotect
                0x90400000       0x80 .\CortexM0\ARM_GCC_484\Debug\cymetadata.o
                0x90400000                cy_meta_flashprotect

.cymeta         0x90500000        0xc
 *(.cymeta)
 .cymeta        0x90500000        0xc .\CortexM0\ARM_GCC_484\Debug\cymetadata.o
                0x90500000                cy_metadata

.cychipprotect  0x90600000        0x4
 *(.cychipprotect)
 .cychipprotect
                0x90600000        0x4 .\CortexM0\ARM_GCC_484\Debug\cymetadata.o
                0x90600000                cy_meta_chipprotect

.rel.dyn        0x00002fc8        0x0 load address 0x90600004
 .rel.iplt      0x00000000        0x0 d:/program files (x86)/cypress/psoc creator/3.1/psoc creator/import/gnu_cs/arm/4.8.4/bin/../lib/gcc/arm-none-eabi/4.8.4/armv6-m/crtbegin.o

.stab           0x00000000       0x84
 *(.stab)
 .stab          0x00000000       0x24 d:/program files (x86)/cypress/psoc creator/3.1/psoc creator/import/gnu_cs/arm/4.8.4/bin/../lib/gcc/arm-none-eabi/4.8.4/../../../../arm-none-eabi/lib/armv6-m\libnosys.a(close.o)
 .stab          0x00000024       0x18 d:/program files (x86)/cypress/psoc creator/3.1/psoc creator/import/gnu_cs/arm/4.8.4/bin/../lib/gcc/arm-none-eabi/4.8.4/../../../../arm-none-eabi/lib/armv6-m\libnosys.a(fstat.o)
                                 0x24 (size before relaxing)
 .stab          0x0000003c       0x18 d:/program files (x86)/cypress/psoc creator/3.1/psoc creator/import/gnu_cs/arm/4.8.4/bin/../lib/gcc/arm-none-eabi/4.8.4/../../../../arm-none-eabi/lib/armv6-m\libnosys.a(isatty.o)
                                 0x24 (size before relaxing)
 .stab          0x00000054       0x18 d:/program files (x86)/cypress/psoc creator/3.1/psoc creator/import/gnu_cs/arm/4.8.4/bin/../lib/gcc/arm-none-eabi/4.8.4/../../../../arm-none-eabi/lib/armv6-m\libnosys.a(lseek.o)
                                 0x24 (size before relaxing)
 .stab          0x0000006c       0x18 d:/program files (x86)/cypress/psoc creator/3.1/psoc creator/import/gnu_cs/arm/4.8.4/bin/../lib/gcc/arm-none-eabi/4.8.4/../../../../arm-none-eabi/lib/armv6-m\libnosys.a(read.o)
                                 0x24 (size before relaxing)

.stabstr        0x00000000      0x117
 *(.stabstr)
 .stabstr       0x00000000      0x117 d:/program files (x86)/cypress/psoc creator/3.1/psoc creator/import/gnu_cs/arm/4.8.4/bin/../lib/gcc/arm-none-eabi/4.8.4/../../../../arm-none-eabi/lib/armv6-m\libnosys.a(close.o)

.debug
 *(.debug)

.line
 *(.line)

.debug_srcinfo
 *(.debug_srcinfo)

.debug_sfnames
 *(.debug_sfnames)

.debug_aranges  0x00000000      0x858
 *(.debug_aranges)
 .debug_aranges
                0x00000000       0x30 .\CortexM0\ARM_GCC_484\Debug\main.o
 .debug_aranges
                0x00000030       0x28 .\CortexM0\ARM_GCC_484\Debug\debug.o
 .debug_aranges
                0x00000058       0x18 .\CortexM0\ARM_GCC_484\Debug\cymetadata.o
 .debug_aranges
                0x00000070       0x48 .\CortexM0\ARM_GCC_484\Debug\Cm0Start.o
 .debug_aranges
                0x000000b8       0x60 .\CortexM0\ARM_GCC_484\Debug\BLE_Battery_Level01.a(cyfitter_cfg.o)
 .debug_aranges
                0x00000118       0x60 .\CortexM0\ARM_GCC_484\Debug\BLE_Battery_Level01.a(UART_DEB.o)
 .debug_aranges
                0x00000178       0x60 .\CortexM0\ARM_GCC_484\Debug\BLE_Battery_Level01.a(UART_DEB_SPI_UART.o)
 .debug_aranges
                0x000001d8       0x78 .\CortexM0\ARM_GCC_484\Debug\BLE_Battery_Level01.a(UART_DEB_UART.o)
 .debug_aranges
                0x00000250      0x298 .\CortexM0\ARM_GCC_484\Debug\BLE_Battery_Level01.a(CyLib.o)
 .debug_aranges
                0x000004e8       0xa8 .\CortexM0\ARM_GCC_484\Debug\BLE_Battery_Level01.a(ADC_SAR.o)
 .debug_aranges
                0x00000590       0x20 .\CortexM0\ARM_GCC_484\Debug\BLE_Battery_Level01.a(ADC_SAR_INT.o)
 .debug_aranges
                0x000005b0       0x80 .\CortexM0\ARM_GCC_484\Debug\BLE_Battery_Level01.a(PWM_GREEN.o)
 .debug_aranges
                0x00000630       0x90 .\CortexM0\ARM_GCC_484\Debug\BLE_Battery_Level01.a(PWM_IR_AND_RED.o)
 .debug_aranges
                0x000006c0       0x48 .\CortexM0\ARM_GCC_484\Debug\BLE_Battery_Level01.a(Opamp.o)
 .debug_aranges
                0x00000708       0x90 .\CortexM0\ARM_GCC_484\Debug\BLE_Battery_Level01.a(PWM_NIR1.o)
 .debug_aranges
                0x00000798       0x80 .\CortexM0\ARM_GCC_484\Debug\BLE_Battery_Level01.a(UART_DEB_SCB_IRQ.o)
 .debug_aranges
                0x00000818       0x20 .\CortexM0\ARM_GCC_484\Debug\BLE_Battery_Level01.a(UART_DEB_SPI_UART_INT.o)
 .debug_aranges
                0x00000838       0x20 .\CortexM0\ARM_GCC_484\Debug\BLE_Battery_Level01.a(CyBootAsmGnu.o)

.debug_pubnames
 *(.debug_pubnames)

.debug_info     0x00000000     0x318a
 *(.debug_info .gnu.linkonce.wi.*)
 .debug_info    0x00000000      0x224 .\CortexM0\ARM_GCC_484\Debug\main.o
 .debug_info    0x00000224      0x128 .\CortexM0\ARM_GCC_484\Debug\debug.o
 .debug_info    0x0000034c       0xfd .\CortexM0\ARM_GCC_484\Debug\cymetadata.o
 .debug_info    0x00000449      0x2ff .\CortexM0\ARM_GCC_484\Debug\Cm0Start.o
 .debug_info    0x00000748      0x477 .\CortexM0\ARM_GCC_484\Debug\BLE_Battery_Level01.a(cyfitter_cfg.o)
 .debug_info    0x00000bbf      0x1d9 .\CortexM0\ARM_GCC_484\Debug\BLE_Battery_Level01.a(UART_DEB.o)
 .debug_info    0x00000d98      0x20d .\CortexM0\ARM_GCC_484\Debug\BLE_Battery_Level01.a(UART_DEB_SPI_UART.o)
 .debug_info    0x00000fa5      0x2ae .\CortexM0\ARM_GCC_484\Debug\BLE_Battery_Level01.a(UART_DEB_UART.o)
 .debug_info    0x00001253      0xe2b .\CortexM0\ARM_GCC_484\Debug\BLE_Battery_Level01.a(CyLib.o)
 .debug_info    0x0000207e      0x474 .\CortexM0\ARM_GCC_484\Debug\BLE_Battery_Level01.a(ADC_SAR.o)
 .debug_info    0x000024f2       0xc4 .\CortexM0\ARM_GCC_484\Debug\BLE_Battery_Level01.a(ADC_SAR_INT.o)
 .debug_info    0x000025b6      0x226 .\CortexM0\ARM_GCC_484\Debug\BLE_Battery_Level01.a(PWM_GREEN.o)
 .debug_info    0x000027dc      0x262 .\CortexM0\ARM_GCC_484\Debug\BLE_Battery_Level01.a(PWM_IR_AND_RED.o)
 .debug_info    0x00002a3e      0x164 .\CortexM0\ARM_GCC_484\Debug\BLE_Battery_Level01.a(Opamp.o)
 .debug_info    0x00002ba2      0x262 .\CortexM0\ARM_GCC_484\Debug\BLE_Battery_Level01.a(PWM_NIR1.o)
 .debug_info    0x00002e04      0x241 .\CortexM0\ARM_GCC_484\Debug\BLE_Battery_Level01.a(UART_DEB_SCB_IRQ.o)
 .debug_info    0x00003045       0xb7 .\CortexM0\ARM_GCC_484\Debug\BLE_Battery_Level01.a(UART_DEB_SPI_UART_INT.o)
 .debug_info    0x000030fc       0x8e .\CortexM0\ARM_GCC_484\Debug\BLE_Battery_Level01.a(CyBootAsmGnu.o)

.debug_abbrev   0x00000000     0x1335
 *(.debug_abbrev)
 .debug_abbrev  0x00000000      0x102 .\CortexM0\ARM_GCC_484\Debug\main.o
 .debug_abbrev  0x00000102       0xa1 .\CortexM0\ARM_GCC_484\Debug\debug.o
 .debug_abbrev  0x000001a3       0x5d .\CortexM0\ARM_GCC_484\Debug\cymetadata.o
 .debug_abbrev  0x00000200      0x1b4 .\CortexM0\ARM_GCC_484\Debug\Cm0Start.o
 .debug_abbrev  0x000003b4      0x1b3 .\CortexM0\ARM_GCC_484\Debug\BLE_Battery_Level01.a(cyfitter_cfg.o)
 .debug_abbrev  0x00000567      0x120 .\CortexM0\ARM_GCC_484\Debug\BLE_Battery_Level01.a(UART_DEB.o)
 .debug_abbrev  0x00000687      0x15c .\CortexM0\ARM_GCC_484\Debug\BLE_Battery_Level01.a(UART_DEB_SPI_UART.o)
 .debug_abbrev  0x000007e3      0x111 .\CortexM0\ARM_GCC_484\Debug\BLE_Battery_Level01.a(UART_DEB_UART.o)
 .debug_abbrev  0x000008f4      0x237 .\CortexM0\ARM_GCC_484\Debug\BLE_Battery_Level01.a(CyLib.o)
 .debug_abbrev  0x00000b2b      0x170 .\CortexM0\ARM_GCC_484\Debug\BLE_Battery_Level01.a(ADC_SAR.o)
 .debug_abbrev  0x00000c9b       0x72 .\CortexM0\ARM_GCC_484\Debug\BLE_Battery_Level01.a(ADC_SAR_INT.o)
 .debug_abbrev  0x00000d0d      0x123 .\CortexM0\ARM_GCC_484\Debug\BLE_Battery_Level01.a(PWM_GREEN.o)
 .debug_abbrev  0x00000e30      0x123 .\CortexM0\ARM_GCC_484\Debug\BLE_Battery_Level01.a(PWM_IR_AND_RED.o)
 .debug_abbrev  0x00000f53       0xd3 .\CortexM0\ARM_GCC_484\Debug\BLE_Battery_Level01.a(Opamp.o)
 .debug_abbrev  0x00001026      0x123 .\CortexM0\ARM_GCC_484\Debug\BLE_Battery_Level01.a(PWM_NIR1.o)
 .debug_abbrev  0x00001149      0x168 .\CortexM0\ARM_GCC_484\Debug\BLE_Battery_Level01.a(UART_DEB_SCB_IRQ.o)
 .debug_abbrev  0x000012b1       0x70 .\CortexM0\ARM_GCC_484\Debug\BLE_Battery_Level01.a(UART_DEB_SPI_UART_INT.o)
 .debug_abbrev  0x00001321       0x14 .\CortexM0\ARM_GCC_484\Debug\BLE_Battery_Level01.a(CyBootAsmGnu.o)

.debug_line     0x00000000     0x1cf3
 *(.debug_line)
 .debug_line    0x00000000      0x1ee .\CortexM0\ARM_GCC_484\Debug\main.o
 .debug_line    0x000001ee       0x89 .\CortexM0\ARM_GCC_484\Debug\debug.o
 .debug_line    0x00000277       0x53 .\CortexM0\ARM_GCC_484\Debug\cymetadata.o
 .debug_line    0x000002ca      0x1bc .\CortexM0\ARM_GCC_484\Debug\Cm0Start.o
 .debug_line    0x00000486      0x1dc .\CortexM0\ARM_GCC_484\Debug\BLE_Battery_Level01.a(cyfitter_cfg.o)
 .debug_line    0x00000662      0x107 .\CortexM0\ARM_GCC_484\Debug\BLE_Battery_Level01.a(UART_DEB.o)
 .debug_line    0x00000769      0x129 .\CortexM0\ARM_GCC_484\Debug\BLE_Battery_Level01.a(UART_DEB_SPI_UART.o)
 .debug_line    0x00000892      0x16a .\CortexM0\ARM_GCC_484\Debug\BLE_Battery_Level01.a(UART_DEB_UART.o)
 .debug_line    0x000009fc      0x911 .\CortexM0\ARM_GCC_484\Debug\BLE_Battery_Level01.a(CyLib.o)
 .debug_line    0x0000130d      0x23c .\CortexM0\ARM_GCC_484\Debug\BLE_Battery_Level01.a(ADC_SAR.o)
 .debug_line    0x00001549       0x68 .\CortexM0\ARM_GCC_484\Debug\BLE_Battery_Level01.a(ADC_SAR_INT.o)
 .debug_line    0x000015b1      0x14d .\CortexM0\ARM_GCC_484\Debug\BLE_Battery_Level01.a(PWM_GREEN.o)
 .debug_line    0x000016fe      0x175 .\CortexM0\ARM_GCC_484\Debug\BLE_Battery_Level01.a(PWM_IR_AND_RED.o)
 .debug_line    0x00001873       0xc3 .\CortexM0\ARM_GCC_484\Debug\BLE_Battery_Level01.a(Opamp.o)
 .debug_line    0x00001936      0x16f .\CortexM0\ARM_GCC_484\Debug\BLE_Battery_Level01.a(PWM_NIR1.o)
 .debug_line    0x00001aa5      0x15f .\CortexM0\ARM_GCC_484\Debug\BLE_Battery_Level01.a(UART_DEB_SCB_IRQ.o)
 .debug_line    0x00001c04       0x87 .\CortexM0\ARM_GCC_484\Debug\BLE_Battery_Level01.a(UART_DEB_SPI_UART_INT.o)
 .debug_line    0x00001c8b       0x68 .\CortexM0\ARM_GCC_484\Debug\BLE_Battery_Level01.a(CyBootAsmGnu.o)

.debug_frame    0x00000000     0x2538
 *(.debug_frame)
 .debug_frame   0x00000000       0x80 .\CortexM0\ARM_GCC_484\Debug\main.o
 .debug_frame   0x00000080       0x50 .\CortexM0\ARM_GCC_484\Debug\debug.o
 .debug_frame   0x000000d0       0xc8 .\CortexM0\ARM_GCC_484\Debug\Cm0Start.o
 .debug_frame   0x00000198      0x128 .\CortexM0\ARM_GCC_484\Debug\BLE_Battery_Level01.a(cyfitter_cfg.o)
 .debug_frame   0x000002c0      0x118 .\CortexM0\ARM_GCC_484\Debug\BLE_Battery_Level01.a(UART_DEB.o)
 .debug_frame   0x000003d8      0x128 .\CortexM0\ARM_GCC_484\Debug\BLE_Battery_Level01.a(UART_DEB_SPI_UART.o)
 .debug_frame   0x00000500      0x184 .\CortexM0\ARM_GCC_484\Debug\BLE_Battery_Level01.a(UART_DEB_UART.o)
 .debug_frame   0x00000684      0x9d0 .\CortexM0\ARM_GCC_484\Debug\BLE_Battery_Level01.a(CyLib.o)
 .debug_frame   0x00001054      0x24c .\CortexM0\ARM_GCC_484\Debug\BLE_Battery_Level01.a(ADC_SAR.o)
 .debug_frame   0x000012a0       0x30 .\CortexM0\ARM_GCC_484\Debug\BLE_Battery_Level01.a(ADC_SAR_INT.o)
 .debug_frame   0x000012d0      0x194 .\CortexM0\ARM_GCC_484\Debug\BLE_Battery_Level01.a(PWM_GREEN.o)
 .debug_frame   0x00001464      0x1d0 .\CortexM0\ARM_GCC_484\Debug\BLE_Battery_Level01.a(PWM_IR_AND_RED.o)
 .debug_frame   0x00001634       0xc0 .\CortexM0\ARM_GCC_484\Debug\BLE_Battery_Level01.a(Opamp.o)
 .debug_frame   0x000016f4      0x1d0 .\CortexM0\ARM_GCC_484\Debug\BLE_Battery_Level01.a(PWM_NIR1.o)
 .debug_frame   0x000018c4      0x190 .\CortexM0\ARM_GCC_484\Debug\BLE_Battery_Level01.a(UART_DEB_SCB_IRQ.o)
 .debug_frame   0x00001a54       0x2c .\CortexM0\ARM_GCC_484\Debug\BLE_Battery_Level01.a(UART_DEB_SPI_UART_INT.o)
 .debug_frame   0x00001a80       0x20 d:/program files (x86)/cypress/psoc creator/3.1/psoc creator/import/gnu_cs/arm/4.8.4/bin/../lib/gcc/arm-none-eabi/4.8.4/armv6-m\libgcc.a(_udivsi3.o)
 .debug_frame   0x00001aa0       0x20 d:/program files (x86)/cypress/psoc creator/3.1/psoc creator/import/gnu_cs/arm/4.8.4/bin/../lib/gcc/arm-none-eabi/4.8.4/armv6-m\libgcc.a(_divsi3.o)
 .debug_frame   0x00001ac0       0x30 d:/program files (x86)/cypress/psoc creator/3.1/psoc creator/import/gnu_cs/arm/4.8.4/bin/../lib/gcc/arm-none-eabi/4.8.4/armv6-m\libgcc.a(_muldi3.o)
 .debug_frame   0x00001af0       0x50 d:/program files (x86)/cypress/psoc creator/3.1/psoc creator/import/gnu_cs/arm/4.8.4/bin/../lib/gcc/arm-none-eabi/4.8.4/armv6-m\libgcc.a(bpabi.o)
 .debug_frame   0x00001b40       0x3c d:/program files (x86)/cypress/psoc creator/3.1/psoc creator/import/gnu_cs/arm/4.8.4/bin/../lib/gcc/arm-none-eabi/4.8.4/armv6-m\libgcc.a(divsf3.o)
 .debug_frame   0x00001b7c       0x3c d:/program files (x86)/cypress/psoc creator/3.1/psoc creator/import/gnu_cs/arm/4.8.4/bin/../lib/gcc/arm-none-eabi/4.8.4/armv6-m\libgcc.a(mulsf3.o)
 .debug_frame   0x00001bb8       0x2c d:/program files (x86)/cypress/psoc creator/3.1/psoc creator/import/gnu_cs/arm/4.8.4/bin/../lib/gcc/arm-none-eabi/4.8.4/armv6-m\libgcc.a(floatsisf.o)
 .debug_frame   0x00001be4       0x3c d:/program files (x86)/cypress/psoc creator/3.1/psoc creator/import/gnu_cs/arm/4.8.4/bin/../lib/gcc/arm-none-eabi/4.8.4/armv6-m\libgcc.a(_divdi3.o)
 .debug_frame   0x00001c20       0x3c d:/program files (x86)/cypress/psoc creator/3.1/psoc creator/import/gnu_cs/arm/4.8.4/bin/../lib/gcc/arm-none-eabi/4.8.4/armv6-m\libgcc.a(_udivdi3.o)
 .debug_frame   0x00001c5c       0x20 d:/program files (x86)/cypress/psoc creator/3.1/psoc creator/import/gnu_cs/arm/4.8.4/bin/../lib/gcc/arm-none-eabi/4.8.4/../../../../arm-none-eabi/lib/armv6-m\libg_s.a(lib_a-errno.o)
 .debug_frame   0x00001c7c       0x28 d:/program files (x86)/cypress/psoc creator/3.1/psoc creator/import/gnu_cs/arm/4.8.4/bin/../lib/gcc/arm-none-eabi/4.8.4/../../../../arm-none-eabi/lib/armv6-m\libg_s.a(lib_a-exit.o)
 .debug_frame   0x00001ca4       0x2c d:/program files (x86)/cypress/psoc creator/3.1/psoc creator/import/gnu_cs/arm/4.8.4/bin/../lib/gcc/arm-none-eabi/4.8.4/../../../../arm-none-eabi/lib/armv6-m\libg_s.a(lib_a-init.o)
 .debug_frame   0x00001cd0       0x28 d:/program files (x86)/cypress/psoc creator/3.1/psoc creator/import/gnu_cs/arm/4.8.4/bin/../lib/gcc/arm-none-eabi/4.8.4/../../../../arm-none-eabi/lib/armv6-m\libg_s.a(lib_a-memcpy-stub.o)
 .debug_frame   0x00001cf8       0x20 d:/program files (x86)/cypress/psoc creator/3.1/psoc creator/import/gnu_cs/arm/4.8.4/bin/../lib/gcc/arm-none-eabi/4.8.4/../../../../arm-none-eabi/lib/armv6-m\libg_s.a(lib_a-memset.o)
 .debug_frame   0x00001d18       0x50 d:/program files (x86)/cypress/psoc creator/3.1/psoc creator/import/gnu_cs/arm/4.8.4/bin/../lib/gcc/arm-none-eabi/4.8.4/../../../../arm-none-eabi/lib/armv6-m\libg_s.a(lib_a-printf.o)
 .debug_frame   0x00001d68       0x44 d:/program files (x86)/cypress/psoc creator/3.1/psoc creator/import/gnu_cs/arm/4.8.4/bin/../lib/gcc/arm-none-eabi/4.8.4/../../../../arm-none-eabi/lib/armv6-m\libg_s.a(lib_a-puts.o)
 .debug_frame   0x00001dac       0xa0 d:/program files (x86)/cypress/psoc creator/3.1/psoc creator/import/gnu_cs/arm/4.8.4/bin/../lib/gcc/arm-none-eabi/4.8.4/../../../../arm-none-eabi/lib/armv6-m\libg_s.a(lib_a-vfprintf.o)
 .debug_frame   0x00001e4c       0x54 d:/program files (x86)/cypress/psoc creator/3.1/psoc creator/import/gnu_cs/arm/4.8.4/bin/../lib/gcc/arm-none-eabi/4.8.4/../../../../arm-none-eabi/lib/armv6-m\libg_s.a(lib_a-vfprintf_i.o)
 .debug_frame   0x00001ea0       0x44 d:/program files (x86)/cypress/psoc creator/3.1/psoc creator/import/gnu_cs/arm/4.8.4/bin/../lib/gcc/arm-none-eabi/4.8.4/../../../../arm-none-eabi/lib/armv6-m\libg_s.a(lib_a-wbuf.o)
 .debug_frame   0x00001ee4       0x2c d:/program files (x86)/cypress/psoc creator/3.1/psoc creator/import/gnu_cs/arm/4.8.4/bin/../lib/gcc/arm-none-eabi/4.8.4/../../../../arm-none-eabi/lib/armv6-m\libg_s.a(lib_a-wsetup.o)
 .debug_frame   0x00001f10       0x68 d:/program files (x86)/cypress/psoc creator/3.1/psoc creator/import/gnu_cs/arm/4.8.4/bin/../lib/gcc/arm-none-eabi/4.8.4/../../../../arm-none-eabi/lib/armv6-m\libg_s.a(lib_a-fflush.o)
 .debug_frame   0x00001f78      0x148 d:/program files (x86)/cypress/psoc creator/3.1/psoc creator/import/gnu_cs/arm/4.8.4/bin/../lib/gcc/arm-none-eabi/4.8.4/../../../../arm-none-eabi/lib/armv6-m\libg_s.a(lib_a-findfp.o)
 .debug_frame   0x000020c0       0x30 d:/program files (x86)/cypress/psoc creator/3.1/psoc creator/import/gnu_cs/arm/4.8.4/bin/../lib/gcc/arm-none-eabi/4.8.4/../../../../arm-none-eabi/lib/armv6-m\libg_s.a(lib_a-fvwrite.o)
 .debug_frame   0x000020f0       0x58 d:/program files (x86)/cypress/psoc creator/3.1/psoc creator/import/gnu_cs/arm/4.8.4/bin/../lib/gcc/arm-none-eabi/4.8.4/../../../../arm-none-eabi/lib/armv6-m\libg_s.a(lib_a-fwalk.o)
 .debug_frame   0x00002148       0x30 d:/program files (x86)/cypress/psoc creator/3.1/psoc creator/import/gnu_cs/arm/4.8.4/bin/../lib/gcc/arm-none-eabi/4.8.4/../../../../arm-none-eabi/lib/armv6-m\libg_s.a(lib_a-makebuf.o)
 .debug_frame   0x00002178       0x20 d:/program files (x86)/cypress/psoc creator/3.1/psoc creator/import/gnu_cs/arm/4.8.4/bin/../lib/gcc/arm-none-eabi/4.8.4/../../../../arm-none-eabi/lib/armv6-m\libg_s.a(lib_a-memchr-stub.o)
 .debug_frame   0x00002198       0x2c d:/program files (x86)/cypress/psoc creator/3.1/psoc creator/import/gnu_cs/arm/4.8.4/bin/../lib/gcc/arm-none-eabi/4.8.4/../../../../arm-none-eabi/lib/armv6-m\libg_s.a(lib_a-memmove.o)
 .debug_frame   0x000021c4       0x2c d:/program files (x86)/cypress/psoc creator/3.1/psoc creator/import/gnu_cs/arm/4.8.4/bin/../lib/gcc/arm-none-eabi/4.8.4/../../../../arm-none-eabi/lib/armv6-m\libg_s.a(lib_a-nano-freer.o)
 .debug_frame   0x000021f0       0x2c d:/program files (x86)/cypress/psoc creator/3.1/psoc creator/import/gnu_cs/arm/4.8.4/bin/../lib/gcc/arm-none-eabi/4.8.4/../../../../arm-none-eabi/lib/armv6-m\libg_s.a(lib_a-nano-mallocr.o)
 .debug_frame   0x0000221c       0x30 d:/program files (x86)/cypress/psoc creator/3.1/psoc creator/import/gnu_cs/arm/4.8.4/bin/../lib/gcc/arm-none-eabi/4.8.4/../../../../arm-none-eabi/lib/armv6-m\libg_s.a(lib_a-nano-reallocr.o)
 .debug_frame   0x0000224c       0x2c d:/program files (x86)/cypress/psoc creator/3.1/psoc creator/import/gnu_cs/arm/4.8.4/bin/../lib/gcc/arm-none-eabi/4.8.4/../../../../arm-none-eabi/lib/armv6-m\libg_s.a(lib_a-sbrkr.o)
 .debug_frame   0x00002278       0x90 d:/program files (x86)/cypress/psoc creator/3.1/psoc creator/import/gnu_cs/arm/4.8.4/bin/../lib/gcc/arm-none-eabi/4.8.4/../../../../arm-none-eabi/lib/armv6-m\libg_s.a(lib_a-stdio.o)
 .debug_frame   0x00002308       0x20 d:/program files (x86)/cypress/psoc creator/3.1/psoc creator/import/gnu_cs/arm/4.8.4/bin/../lib/gcc/arm-none-eabi/4.8.4/../../../../arm-none-eabi/lib/armv6-m\libg_s.a(lib_a-strlen.o)
 .debug_frame   0x00002328       0x2c d:/program files (x86)/cypress/psoc creator/3.1/psoc creator/import/gnu_cs/arm/4.8.4/bin/../lib/gcc/arm-none-eabi/4.8.4/../../../../arm-none-eabi/lib/armv6-m\libg_s.a(lib_a-writer.o)
 .debug_frame   0x00002354       0x2c d:/program files (x86)/cypress/psoc creator/3.1/psoc creator/import/gnu_cs/arm/4.8.4/bin/../lib/gcc/arm-none-eabi/4.8.4/../../../../arm-none-eabi/lib/armv6-m\libg_s.a(lib_a-closer.o)
 .debug_frame   0x00002380       0x2c d:/program files (x86)/cypress/psoc creator/3.1/psoc creator/import/gnu_cs/arm/4.8.4/bin/../lib/gcc/arm-none-eabi/4.8.4/../../../../arm-none-eabi/lib/armv6-m\libg_s.a(lib_a-fstatr.o)
 .debug_frame   0x000023ac       0x2c d:/program files (x86)/cypress/psoc creator/3.1/psoc creator/import/gnu_cs/arm/4.8.4/bin/../lib/gcc/arm-none-eabi/4.8.4/../../../../arm-none-eabi/lib/armv6-m\libg_s.a(lib_a-isattyr.o)
 .debug_frame   0x000023d8       0x2c d:/program files (x86)/cypress/psoc creator/3.1/psoc creator/import/gnu_cs/arm/4.8.4/bin/../lib/gcc/arm-none-eabi/4.8.4/../../../../arm-none-eabi/lib/armv6-m\libg_s.a(lib_a-lseekr.o)
 .debug_frame   0x00002404       0x20 d:/program files (x86)/cypress/psoc creator/3.1/psoc creator/import/gnu_cs/arm/4.8.4/bin/../lib/gcc/arm-none-eabi/4.8.4/../../../../arm-none-eabi/lib/armv6-m\libg_s.a(lib_a-nano-msizer.o)
 .debug_frame   0x00002424       0x2c d:/program files (x86)/cypress/psoc creator/3.1/psoc creator/import/gnu_cs/arm/4.8.4/bin/../lib/gcc/arm-none-eabi/4.8.4/../../../../arm-none-eabi/lib/armv6-m\libg_s.a(lib_a-readr.o)
 .debug_frame   0x00002450       0x48 d:/program files (x86)/cypress/psoc creator/3.1/psoc creator/import/gnu_cs/arm/4.8.4/bin/../lib/gcc/arm-none-eabi/4.8.4/../../../../arm-none-eabi/lib/armv6-m\libg_s.a(lib_a-reent.o)
 .debug_frame   0x00002498       0x20 d:/program files (x86)/cypress/psoc creator/3.1/psoc creator/import/gnu_cs/arm/4.8.4/bin/../lib/gcc/arm-none-eabi/4.8.4/../../../../arm-none-eabi/lib/armv6-m\libnosys.a(close.o)
 .debug_frame   0x000024b8       0x20 d:/program files (x86)/cypress/psoc creator/3.1/psoc creator/import/gnu_cs/arm/4.8.4/bin/../lib/gcc/arm-none-eabi/4.8.4/../../../../arm-none-eabi/lib/armv6-m\libnosys.a(fstat.o)
 .debug_frame   0x000024d8       0x20 d:/program files (x86)/cypress/psoc creator/3.1/psoc creator/import/gnu_cs/arm/4.8.4/bin/../lib/gcc/arm-none-eabi/4.8.4/../../../../arm-none-eabi/lib/armv6-m\libnosys.a(isatty.o)
 .debug_frame   0x000024f8       0x20 d:/program files (x86)/cypress/psoc creator/3.1/psoc creator/import/gnu_cs/arm/4.8.4/bin/../lib/gcc/arm-none-eabi/4.8.4/../../../../arm-none-eabi/lib/armv6-m\libnosys.a(lseek.o)
 .debug_frame   0x00002518       0x20 d:/program files (x86)/cypress/psoc creator/3.1/psoc creator/import/gnu_cs/arm/4.8.4/bin/../lib/gcc/arm-none-eabi/4.8.4/../../../../arm-none-eabi/lib/armv6-m\libnosys.a(read.o)

.debug_str      0x00000000     0x1b52
 *(.debug_str)
 .debug_str     0x00000000      0x1d0 .\CortexM0\ARM_GCC_484\Debug\main.o
                                0x214 (size before relaxing)
 .debug_str     0x000001d0       0x27 .\CortexM0\ARM_GCC_484\Debug\debug.o
                                0x18d (size before relaxing)
 .debug_str     0x000001f7       0x5b .\CortexM0\ARM_GCC_484\Debug\cymetadata.o
                                0x1ba (size before relaxing)
 .debug_str     0x00000252      0x128 .\CortexM0\ARM_GCC_484\Debug\Cm0Start.o
                                0x2a8 (size before relaxing)
 .debug_str     0x0000037a      0x1b3 .\CortexM0\ARM_GCC_484\Debug\BLE_Battery_Level01.a(cyfitter_cfg.o)
                                0x369 (size before relaxing)
 .debug_str     0x0000052d      0x12b .\CortexM0\ARM_GCC_484\Debug\BLE_Battery_Level01.a(UART_DEB.o)
                                0x2a4 (size before relaxing)
 .debug_str     0x00000658      0x15f .\CortexM0\ARM_GCC_484\Debug\BLE_Battery_Level01.a(UART_DEB_SPI_UART.o)
                                0x2d6 (size before relaxing)
 .debug_str     0x000007b7      0x1a3 .\CortexM0\ARM_GCC_484\Debug\BLE_Battery_Level01.a(UART_DEB_UART.o)
                                0x332 (size before relaxing)
 .debug_str     0x0000095a      0x85f .\CortexM0\ARM_GCC_484\Debug\BLE_Battery_Level01.a(CyLib.o)
                                0xa07 (size before relaxing)
 .debug_str     0x000011b9      0x22f .\CortexM0\ARM_GCC_484\Debug\BLE_Battery_Level01.a(ADC_SAR.o)
                                0x3cf (size before relaxing)
 .debug_str     0x000013e8       0x3f .\CortexM0\ARM_GCC_484\Debug\BLE_Battery_Level01.a(ADC_SAR_INT.o)
                                0x1a5 (size before relaxing)
 .debug_str     0x00001427      0x172 .\CortexM0\ARM_GCC_484\Debug\BLE_Battery_Level01.a(PWM_GREEN.o)
                                0x2dd (size before relaxing)
 .debug_str     0x00001599      0x1d4 .\CortexM0\ARM_GCC_484\Debug\BLE_Battery_Level01.a(PWM_IR_AND_RED.o)
                                0x363 (size before relaxing)
 .debug_str     0x0000176d       0x9f .\CortexM0\ARM_GCC_484\Debug\BLE_Battery_Level01.a(Opamp.o)
                                0x202 (size before relaxing)
 .debug_str     0x0000180c      0x16e .\CortexM0\ARM_GCC_484\Debug\BLE_Battery_Level01.a(PWM_NIR1.o)
                                0x2fd (size before relaxing)
 .debug_str     0x0000197a      0x191 .\CortexM0\ARM_GCC_484\Debug\BLE_Battery_Level01.a(UART_DEB_SCB_IRQ.o)
                                0x337 (size before relaxing)
 .debug_str     0x00001b0b       0x47 .\CortexM0\ARM_GCC_484\Debug\BLE_Battery_Level01.a(UART_DEB_SPI_UART_INT.o)
                                0x1c8 (size before relaxing)

.debug_loc
 *(.debug_loc)

.debug_macinfo
 *(.debug_macinfo)

.debug_ranges   0x00000000      0x720
 *(.debug_ranges)
 .debug_ranges  0x00000000       0x20 .\CortexM0\ARM_GCC_484\Debug\main.o
 .debug_ranges  0x00000020       0x18 .\CortexM0\ARM_GCC_484\Debug\debug.o
 .debug_ranges  0x00000038       0x38 .\CortexM0\ARM_GCC_484\Debug\Cm0Start.o
 .debug_ranges  0x00000070       0x50 .\CortexM0\ARM_GCC_484\Debug\BLE_Battery_Level01.a(cyfitter_cfg.o)
 .debug_ranges  0x000000c0       0x50 .\CortexM0\ARM_GCC_484\Debug\BLE_Battery_Level01.a(UART_DEB.o)
 .debug_ranges  0x00000110       0x50 .\CortexM0\ARM_GCC_484\Debug\BLE_Battery_Level01.a(UART_DEB_SPI_UART.o)
 .debug_ranges  0x00000160       0x68 .\CortexM0\ARM_GCC_484\Debug\BLE_Battery_Level01.a(UART_DEB_UART.o)
 .debug_ranges  0x000001c8      0x288 .\CortexM0\ARM_GCC_484\Debug\BLE_Battery_Level01.a(CyLib.o)
 .debug_ranges  0x00000450       0x98 .\CortexM0\ARM_GCC_484\Debug\BLE_Battery_Level01.a(ADC_SAR.o)
 .debug_ranges  0x000004e8       0x10 .\CortexM0\ARM_GCC_484\Debug\BLE_Battery_Level01.a(ADC_SAR_INT.o)
 .debug_ranges  0x000004f8       0x70 .\CortexM0\ARM_GCC_484\Debug\BLE_Battery_Level01.a(PWM_GREEN.o)
 .debug_ranges  0x00000568       0x80 .\CortexM0\ARM_GCC_484\Debug\BLE_Battery_Level01.a(PWM_IR_AND_RED.o)
 .debug_ranges  0x000005e8       0x38 .\CortexM0\ARM_GCC_484\Debug\BLE_Battery_Level01.a(Opamp.o)
 .debug_ranges  0x00000620       0x80 .\CortexM0\ARM_GCC_484\Debug\BLE_Battery_Level01.a(PWM_NIR1.o)
 .debug_ranges  0x000006a0       0x70 .\CortexM0\ARM_GCC_484\Debug\BLE_Battery_Level01.a(UART_DEB_SCB_IRQ.o)
 .debug_ranges  0x00000710       0x10 .\CortexM0\ARM_GCC_484\Debug\BLE_Battery_Level01.a(UART_DEB_SPI_UART_INT.o)

.comment        0x00000000       0x70
 .comment       0x00000000       0x70 .\CortexM0\ARM_GCC_484\Debug\main.o
                                 0x71 (size before relaxing)
 .comment       0x00000000       0x71 .\CortexM0\ARM_GCC_484\Debug\debug.o
 .comment       0x00000000       0x71 .\CortexM0\ARM_GCC_484\Debug\cymetadata.o
 .comment       0x00000000       0x71 .\CortexM0\ARM_GCC_484\Debug\Cm0Start.o
 .comment       0x00000000       0x71 .\CortexM0\ARM_GCC_484\Debug\BLE_Battery_Level01.a(cyfitter_cfg.o)
 .comment       0x00000000       0x71 .\CortexM0\ARM_GCC_484\Debug\BLE_Battery_Level01.a(UART_DEB.o)
 .comment       0x00000000       0x71 .\CortexM0\ARM_GCC_484\Debug\BLE_Battery_Level01.a(UART_DEB_SPI_UART.o)
 .comment       0x00000000       0x71 .\CortexM0\ARM_GCC_484\Debug\BLE_Battery_Level01.a(UART_DEB_UART.o)
 .comment       0x00000000       0x71 .\CortexM0\ARM_GCC_484\Debug\BLE_Battery_Level01.a(CyLib.o)
 .comment       0x00000000       0x71 .\CortexM0\ARM_GCC_484\Debug\BLE_Battery_Level01.a(ADC_SAR.o)
 .comment       0x00000000       0x71 .\CortexM0\ARM_GCC_484\Debug\BLE_Battery_Level01.a(ADC_SAR_INT.o)
 .comment       0x00000000       0x71 .\CortexM0\ARM_GCC_484\Debug\BLE_Battery_Level01.a(PWM_GREEN.o)
 .comment       0x00000000       0x71 .\CortexM0\ARM_GCC_484\Debug\BLE_Battery_Level01.a(PWM_IR_AND_RED.o)
 .comment       0x00000000       0x71 .\CortexM0\ARM_GCC_484\Debug\BLE_Battery_Level01.a(Opamp.o)
 .comment       0x00000000       0x71 .\CortexM0\ARM_GCC_484\Debug\BLE_Battery_Level01.a(PWM_NIR1.o)
 .comment       0x00000000       0x71 .\CortexM0\ARM_GCC_484\Debug\BLE_Battery_Level01.a(UART_DEB_SCB_IRQ.o)
 .comment       0x00000000       0x71 .\CortexM0\ARM_GCC_484\Debug\BLE_Battery_Level01.a(UART_DEB_SPI_UART_INT.o)

.debug_weaknames
 *(.debug_weaknames)

.debug_funcnames
 *(.debug_funcnames)

.debug_typenames
 *(.debug_typenames)

.debug_varnames
 *(.debug_varnames)

.note.gnu.arm.ident
 *(.note.gnu.arm.ident)

.ARM.attributes
                0x00000000       0x28
 *(.ARM.attributes)
 .ARM.attributes
                0x00000000       0x1e d:/program files (x86)/cypress/psoc creator/3.1/psoc creator/import/gnu_cs/arm/4.8.4/bin/../lib/gcc/arm-none-eabi/4.8.4/armv6-m/crti.o
 .ARM.attributes
                0x0000001e       0x2c d:/program files (x86)/cypress/psoc creator/3.1/psoc creator/import/gnu_cs/arm/4.8.4/bin/../lib/gcc/arm-none-eabi/4.8.4/armv6-m/crtbegin.o
 .ARM.attributes
                0x0000004a       0x1b d:/program files (x86)/cypress/psoc creator/3.1/psoc creator/import/gnu_cs/arm/4.8.4/bin/../lib/gcc/arm-none-eabi/4.8.4/../../../../arm-none-eabi/lib/armv6-m/crt0.o
 .ARM.attributes
                0x00000065       0x31 .\CortexM0\ARM_GCC_484\Debug\main.o
 .ARM.attributes
                0x00000096       0x31 .\CortexM0\ARM_GCC_484\Debug\debug.o
 .ARM.attributes
                0x000000c7       0x31 .\CortexM0\ARM_GCC_484\Debug\cymetadata.o
 .ARM.attributes
                0x000000f8       0x31 .\CortexM0\ARM_GCC_484\Debug\Cm0Start.o
 .ARM.attributes
                0x00000129       0x31 .\CortexM0\ARM_GCC_484\Debug\BLE_Battery_Level01.a(cyfitter_cfg.o)
 .ARM.attributes
                0x0000015a       0x31 .\CortexM0\ARM_GCC_484\Debug\BLE_Battery_Level01.a(UART_DEB.o)
 .ARM.attributes
                0x0000018b       0x31 .\CortexM0\ARM_GCC_484\Debug\BLE_Battery_Level01.a(UART_DEB_SPI_UART.o)
 .ARM.attributes
                0x000001bc       0x31 .\CortexM0\ARM_GCC_484\Debug\BLE_Battery_Level01.a(UART_DEB_UART.o)
 .ARM.attributes
                0x000001ed       0x31 .\CortexM0\ARM_GCC_484\Debug\BLE_Battery_Level01.a(CyLib.o)
 .ARM.attributes
                0x0000021e       0x31 .\CortexM0\ARM_GCC_484\Debug\BLE_Battery_Level01.a(ADC_SAR.o)
 .ARM.attributes
                0x0000024f       0x31 .\CortexM0\ARM_GCC_484\Debug\BLE_Battery_Level01.a(ADC_SAR_INT.o)
 .ARM.attributes
                0x00000280       0x31 .\CortexM0\ARM_GCC_484\Debug\BLE_Battery_Level01.a(PWM_GREEN.o)
 .ARM.attributes
                0x000002b1       0x31 .\CortexM0\ARM_GCC_484\Debug\BLE_Battery_Level01.a(PWM_IR_AND_RED.o)
 .ARM.attributes
                0x000002e2       0x31 .\CortexM0\ARM_GCC_484\Debug\BLE_Battery_Level01.a(Opamp.o)
 .ARM.attributes
                0x00000313       0x31 .\CortexM0\ARM_GCC_484\Debug\BLE_Battery_Level01.a(PWM_NIR1.o)
 .ARM.attributes
                0x00000344       0x31 .\CortexM0\ARM_GCC_484\Debug\BLE_Battery_Level01.a(UART_DEB_SCB_IRQ.o)
 .ARM.attributes
                0x00000375       0x31 .\CortexM0\ARM_GCC_484\Debug\BLE_Battery_Level01.a(UART_DEB_SPI_UART_INT.o)
 .ARM.attributes
                0x000003a6       0x21 .\CortexM0\ARM_GCC_484\Debug\BLE_Battery_Level01.a(CyBootAsmGnu.o)
 .ARM.attributes
                0x000003c7       0x1e d:/program files (x86)/cypress/psoc creator/3.1/psoc creator/import/gnu_cs/arm/4.8.4/bin/../lib/gcc/arm-none-eabi/4.8.4/armv6-m\libgcc.a(_udivsi3.o)
 .ARM.attributes
                0x000003e5       0x1e d:/program files (x86)/cypress/psoc creator/3.1/psoc creator/import/gnu_cs/arm/4.8.4/bin/../lib/gcc/arm-none-eabi/4.8.4/armv6-m\libgcc.a(_divsi3.o)
 .ARM.attributes
                0x00000403       0x1e d:/program files (x86)/cypress/psoc creator/3.1/psoc creator/import/gnu_cs/arm/4.8.4/bin/../lib/gcc/arm-none-eabi/4.8.4/armv6-m\libgcc.a(_dvmd_tls.o)
 .ARM.attributes
                0x00000421       0x1e d:/program files (x86)/cypress/psoc creator/3.1/psoc creator/import/gnu_cs/arm/4.8.4/bin/../lib/gcc/arm-none-eabi/4.8.4/armv6-m\libgcc.a(_aeabi_ldivmod.o)
 .ARM.attributes
                0x0000043f       0x2c d:/program files (x86)/cypress/psoc creator/3.1/psoc creator/import/gnu_cs/arm/4.8.4/bin/../lib/gcc/arm-none-eabi/4.8.4/armv6-m\libgcc.a(_muldi3.o)
 .ARM.attributes
                0x0000046b       0x2c d:/program files (x86)/cypress/psoc creator/3.1/psoc creator/import/gnu_cs/arm/4.8.4/bin/../lib/gcc/arm-none-eabi/4.8.4/armv6-m\libgcc.a(bpabi.o)
 .ARM.attributes
                0x00000497       0x2c d:/program files (x86)/cypress/psoc creator/3.1/psoc creator/import/gnu_cs/arm/4.8.4/bin/../lib/gcc/arm-none-eabi/4.8.4/armv6-m\libgcc.a(divsf3.o)
 .ARM.attributes
                0x000004c3       0x2c d:/program files (x86)/cypress/psoc creator/3.1/psoc creator/import/gnu_cs/arm/4.8.4/bin/../lib/gcc/arm-none-eabi/4.8.4/armv6-m\libgcc.a(mulsf3.o)
 .ARM.attributes
                0x000004ef       0x2c d:/program files (x86)/cypress/psoc creator/3.1/psoc creator/import/gnu_cs/arm/4.8.4/bin/../lib/gcc/arm-none-eabi/4.8.4/armv6-m\libgcc.a(floatsisf.o)
 .ARM.attributes
                0x0000051b       0x1e d:/program files (x86)/cypress/psoc creator/3.1/psoc creator/import/gnu_cs/arm/4.8.4/bin/../lib/gcc/arm-none-eabi/4.8.4/armv6-m\libgcc.a(_clzsi2.o)
 .ARM.attributes
                0x00000539       0x2c d:/program files (x86)/cypress/psoc creator/3.1/psoc creator/import/gnu_cs/arm/4.8.4/bin/../lib/gcc/arm-none-eabi/4.8.4/armv6-m\libgcc.a(_divdi3.o)
 .ARM.attributes
                0x00000565       0x2c d:/program files (x86)/cypress/psoc creator/3.1/psoc creator/import/gnu_cs/arm/4.8.4/bin/../lib/gcc/arm-none-eabi/4.8.4/armv6-m\libgcc.a(_udivdi3.o)
 .ARM.attributes
                0x00000591       0x2c d:/program files (x86)/cypress/psoc creator/3.1/psoc creator/import/gnu_cs/arm/4.8.4/bin/../lib/gcc/arm-none-eabi/4.8.4/../../../../arm-none-eabi/lib/armv6-m\libg_s.a(lib_a-errno.o)
 .ARM.attributes
                0x000005bd       0x2c d:/program files (x86)/cypress/psoc creator/3.1/psoc creator/import/gnu_cs/arm/4.8.4/bin/../lib/gcc/arm-none-eabi/4.8.4/../../../../arm-none-eabi/lib/armv6-m\libg_s.a(lib_a-exit.o)
 .ARM.attributes
                0x000005e9       0x2c d:/program files (x86)/cypress/psoc creator/3.1/psoc creator/import/gnu_cs/arm/4.8.4/bin/../lib/gcc/arm-none-eabi/4.8.4/../../../../arm-none-eabi/lib/armv6-m\libg_s.a(lib_a-impure.o)
 .ARM.attributes
                0x00000615       0x2c d:/program files (x86)/cypress/psoc creator/3.1/psoc creator/import/gnu_cs/arm/4.8.4/bin/../lib/gcc/arm-none-eabi/4.8.4/../../../../arm-none-eabi/lib/armv6-m\libg_s.a(lib_a-init.o)
 .ARM.attributes
                0x00000641       0x2c d:/program files (x86)/cypress/psoc creator/3.1/psoc creator/import/gnu_cs/arm/4.8.4/bin/../lib/gcc/arm-none-eabi/4.8.4/../../../../arm-none-eabi/lib/armv6-m\libg_s.a(lib_a-memcpy-stub.o)
 .ARM.attributes
                0x0000066d       0x2c d:/program files (x86)/cypress/psoc creator/3.1/psoc creator/import/gnu_cs/arm/4.8.4/bin/../lib/gcc/arm-none-eabi/4.8.4/../../../../arm-none-eabi/lib/armv6-m\libg_s.a(lib_a-memset.o)
 .ARM.attributes
                0x00000699       0x2c d:/program files (x86)/cypress/psoc creator/3.1/psoc creator/import/gnu_cs/arm/4.8.4/bin/../lib/gcc/arm-none-eabi/4.8.4/../../../../arm-none-eabi/lib/armv6-m\libg_s.a(lib_a-printf.o)
 .ARM.attributes
                0x000006c5       0x2c d:/program files (x86)/cypress/psoc creator/3.1/psoc creator/import/gnu_cs/arm/4.8.4/bin/../lib/gcc/arm-none-eabi/4.8.4/../../../../arm-none-eabi/lib/armv6-m\libg_s.a(lib_a-puts.o)
 .ARM.attributes
                0x000006f1       0x2c d:/program files (x86)/cypress/psoc creator/3.1/psoc creator/import/gnu_cs/arm/4.8.4/bin/../lib/gcc/arm-none-eabi/4.8.4/../../../../arm-none-eabi/lib/armv6-m\libg_s.a(lib_a-vfprintf.o)
 .ARM.attributes
                0x0000071d       0x2c d:/program files (x86)/cypress/psoc creator/3.1/psoc creator/import/gnu_cs/arm/4.8.4/bin/../lib/gcc/arm-none-eabi/4.8.4/../../../../arm-none-eabi/lib/armv6-m\libg_s.a(lib_a-vfprintf_i.o)
 .ARM.attributes
                0x00000749       0x2c d:/program files (x86)/cypress/psoc creator/3.1/psoc creator/import/gnu_cs/arm/4.8.4/bin/../lib/gcc/arm-none-eabi/4.8.4/../../../../arm-none-eabi/lib/armv6-m\libg_s.a(lib_a-wbuf.o)
 .ARM.attributes
                0x00000775       0x2c d:/program files (x86)/cypress/psoc creator/3.1/psoc creator/import/gnu_cs/arm/4.8.4/bin/../lib/gcc/arm-none-eabi/4.8.4/../../../../arm-none-eabi/lib/armv6-m\libg_s.a(lib_a-wsetup.o)
 .ARM.attributes
                0x000007a1       0x2c d:/program files (x86)/cypress/psoc creator/3.1/psoc creator/import/gnu_cs/arm/4.8.4/bin/../lib/gcc/arm-none-eabi/4.8.4/../../../../arm-none-eabi/lib/armv6-m\libg_s.a(lib_a-fflush.o)
 .ARM.attributes
                0x000007cd       0x2c d:/program files (x86)/cypress/psoc creator/3.1/psoc creator/import/gnu_cs/arm/4.8.4/bin/../lib/gcc/arm-none-eabi/4.8.4/../../../../arm-none-eabi/lib/armv6-m\libg_s.a(lib_a-findfp.o)
 .ARM.attributes
                0x000007f9       0x2c d:/program files (x86)/cypress/psoc creator/3.1/psoc creator/import/gnu_cs/arm/4.8.4/bin/../lib/gcc/arm-none-eabi/4.8.4/../../../../arm-none-eabi/lib/armv6-m\libg_s.a(lib_a-fvwrite.o)
 .ARM.attributes
                0x00000825       0x2c d:/program files (x86)/cypress/psoc creator/3.1/psoc creator/import/gnu_cs/arm/4.8.4/bin/../lib/gcc/arm-none-eabi/4.8.4/../../../../arm-none-eabi/lib/armv6-m\libg_s.a(lib_a-fwalk.o)
 .ARM.attributes
                0x00000851       0x2c d:/program files (x86)/cypress/psoc creator/3.1/psoc creator/import/gnu_cs/arm/4.8.4/bin/../lib/gcc/arm-none-eabi/4.8.4/../../../../arm-none-eabi/lib/armv6-m\libg_s.a(lib_a-makebuf.o)
 .ARM.attributes
                0x0000087d       0x2c d:/program files (x86)/cypress/psoc creator/3.1/psoc creator/import/gnu_cs/arm/4.8.4/bin/../lib/gcc/arm-none-eabi/4.8.4/../../../../arm-none-eabi/lib/armv6-m\libg_s.a(lib_a-memchr-stub.o)
 .ARM.attributes
                0x000008a9       0x2c d:/program files (x86)/cypress/psoc creator/3.1/psoc creator/import/gnu_cs/arm/4.8.4/bin/../lib/gcc/arm-none-eabi/4.8.4/../../../../arm-none-eabi/lib/armv6-m\libg_s.a(lib_a-memmove.o)
 .ARM.attributes
                0x000008d5       0x2c d:/program files (x86)/cypress/psoc creator/3.1/psoc creator/import/gnu_cs/arm/4.8.4/bin/../lib/gcc/arm-none-eabi/4.8.4/../../../../arm-none-eabi/lib/armv6-m\libg_s.a(lib_a-nano-freer.o)
 .ARM.attributes
                0x00000901       0x2c d:/program files (x86)/cypress/psoc creator/3.1/psoc creator/import/gnu_cs/arm/4.8.4/bin/../lib/gcc/arm-none-eabi/4.8.4/../../../../arm-none-eabi/lib/armv6-m\libg_s.a(lib_a-nano-mallocr.o)
 .ARM.attributes
                0x0000092d       0x2c d:/program files (x86)/cypress/psoc creator/3.1/psoc creator/import/gnu_cs/arm/4.8.4/bin/../lib/gcc/arm-none-eabi/4.8.4/../../../../arm-none-eabi/lib/armv6-m\libg_s.a(lib_a-nano-reallocr.o)
 .ARM.attributes
                0x00000959       0x2c d:/program files (x86)/cypress/psoc creator/3.1/psoc creator/import/gnu_cs/arm/4.8.4/bin/../lib/gcc/arm-none-eabi/4.8.4/../../../../arm-none-eabi/lib/armv6-m\libg_s.a(lib_a-sbrkr.o)
 .ARM.attributes
                0x00000985       0x2c d:/program files (x86)/cypress/psoc creator/3.1/psoc creator/import/gnu_cs/arm/4.8.4/bin/../lib/gcc/arm-none-eabi/4.8.4/../../../../arm-none-eabi/lib/armv6-m\libg_s.a(lib_a-stdio.o)
 .ARM.attributes
                0x000009b1       0x2c d:/program files (x86)/cypress/psoc creator/3.1/psoc creator/import/gnu_cs/arm/4.8.4/bin/../lib/gcc/arm-none-eabi/4.8.4/../../../../arm-none-eabi/lib/armv6-m\libg_s.a(lib_a-strlen.o)
 .ARM.attributes
                0x000009dd       0x2c d:/program files (x86)/cypress/psoc creator/3.1/psoc creator/import/gnu_cs/arm/4.8.4/bin/../lib/gcc/arm-none-eabi/4.8.4/../../../../arm-none-eabi/lib/armv6-m\libg_s.a(lib_a-writer.o)
 .ARM.attributes
                0x00000a09       0x2c d:/program files (x86)/cypress/psoc creator/3.1/psoc creator/import/gnu_cs/arm/4.8.4/bin/../lib/gcc/arm-none-eabi/4.8.4/../../../../arm-none-eabi/lib/armv6-m\libg_s.a(lib_a-closer.o)
 .ARM.attributes
                0x00000a35       0x2c d:/program files (x86)/cypress/psoc creator/3.1/psoc creator/import/gnu_cs/arm/4.8.4/bin/../lib/gcc/arm-none-eabi/4.8.4/../../../../arm-none-eabi/lib/armv6-m\libg_s.a(lib_a-fstatr.o)
 .ARM.attributes
                0x00000a61       0x2c d:/program files (x86)/cypress/psoc creator/3.1/psoc creator/import/gnu_cs/arm/4.8.4/bin/../lib/gcc/arm-none-eabi/4.8.4/../../../../arm-none-eabi/lib/armv6-m\libg_s.a(lib_a-isattyr.o)
 .ARM.attributes
                0x00000a8d       0x2c d:/program files (x86)/cypress/psoc creator/3.1/psoc creator/import/gnu_cs/arm/4.8.4/bin/../lib/gcc/arm-none-eabi/4.8.4/../../../../arm-none-eabi/lib/armv6-m\libg_s.a(lib_a-lseekr.o)
 .ARM.attributes
                0x00000ab9       0x2c d:/program files (x86)/cypress/psoc creator/3.1/psoc creator/import/gnu_cs/arm/4.8.4/bin/../lib/gcc/arm-none-eabi/4.8.4/../../../../arm-none-eabi/lib/armv6-m\libg_s.a(lib_a-nano-msizer.o)
 .ARM.attributes
                0x00000ae5       0x2c d:/program files (x86)/cypress/psoc creator/3.1/psoc creator/import/gnu_cs/arm/4.8.4/bin/../lib/gcc/arm-none-eabi/4.8.4/../../../../arm-none-eabi/lib/armv6-m\libg_s.a(lib_a-readr.o)
 .ARM.attributes
                0x00000b11       0x2c d:/program files (x86)/cypress/psoc creator/3.1/psoc creator/import/gnu_cs/arm/4.8.4/bin/../lib/gcc/arm-none-eabi/4.8.4/../../../../arm-none-eabi/lib/armv6-m\libg_s.a(lib_a-reent.o)
 .ARM.attributes
                0x00000b3d       0x2c d:/program files (x86)/cypress/psoc creator/3.1/psoc creator/import/gnu_cs/arm/4.8.4/bin/../lib/gcc/arm-none-eabi/4.8.4/armv6-m/crtend.o
 .ARM.attributes
                0x00000b69       0x1e d:/program files (x86)/cypress/psoc creator/3.1/psoc creator/import/gnu_cs/arm/4.8.4/bin/../lib/gcc/arm-none-eabi/4.8.4/armv6-m/crtn.o
 .ARM.attributes
                0x00000b87       0x2c d:/program files (x86)/cypress/psoc creator/3.1/psoc creator/import/gnu_cs/arm/4.8.4/bin/../lib/gcc/arm-none-eabi/4.8.4/../../../../arm-none-eabi/lib/armv6-m\libnosys.a(close.o)
 .ARM.attributes
                0x00000bb3       0x2c d:/program files (x86)/cypress/psoc creator/3.1/psoc creator/import/gnu_cs/arm/4.8.4/bin/../lib/gcc/arm-none-eabi/4.8.4/../../../../arm-none-eabi/lib/armv6-m\libnosys.a(fstat.o)
 .ARM.attributes
                0x00000bdf       0x2c d:/program files (x86)/cypress/psoc creator/3.1/psoc creator/import/gnu_cs/arm/4.8.4/bin/../lib/gcc/arm-none-eabi/4.8.4/../../../../arm-none-eabi/lib/armv6-m\libnosys.a(isatty.o)
 .ARM.attributes
                0x00000c0b       0x2c d:/program files (x86)/cypress/psoc creator/3.1/psoc creator/import/gnu_cs/arm/4.8.4/bin/../lib/gcc/arm-none-eabi/4.8.4/../../../../arm-none-eabi/lib/armv6-m\libnosys.a(lseek.o)
 .ARM.attributes
                0x00000c37       0x2c d:/program files (x86)/cypress/psoc creator/3.1/psoc creator/import/gnu_cs/arm/4.8.4/bin/../lib/gcc/arm-none-eabi/4.8.4/../../../../arm-none-eabi/lib/armv6-m\libnosys.a(read.o)

/DISCARD/
 *(.note.GNU-stack)
OUTPUT(.\CortexM0\ARM_GCC_484\Debug\BLE_Battery_Level01.elf elf32-littlearm)
