Archive member included because of file (symbol)

.\CortexM0\ARM_GCC_484\Debug\BLE_Battery_Level01.a(cyfitter_cfg.o)
                              .\CortexM0\ARM_GCC_484\Debug\Cm0Start.o (cyfitter_cfg)
.\CortexM0\ARM_GCC_484\Debug\BLE_Battery_Level01.a(UART_DEB.o)
                              .\CortexM0\ARM_GCC_484\Debug\main.o (UART_DEB_Start)
.\CortexM0\ARM_GCC_484\Debug\BLE_Battery_Level01.a(UART_DEB_SPI_UART.o)
                              .\CortexM0\ARM_GCC_484\Debug\main.o (UART_DEB_SpiUartReadRxData)
.\CortexM0\ARM_GCC_484\Debug\BLE_Battery_Level01.a(UART_DEB_UART.o)
                              .\CortexM0\ARM_GCC_484\Debug\BLE_Battery_Level01.a(UART_DEB.o) (UART_DEB_UartInit)
.\CortexM0\ARM_GCC_484\Debug\BLE_Battery_Level01.a(CyLib.o)
                              .\CortexM0\ARM_GCC_484\Debug\BLE_Battery_Level01.a(cyfitter_cfg.o) (CyDelayUs)
.\CortexM0\ARM_GCC_484\Debug\BLE_Battery_Level01.a(PWM_GREEN.o)
                              .\CortexM0\ARM_GCC_484\Debug\main.o (PWM_GREEN_Start)
.\CortexM0\ARM_GCC_484\Debug\BLE_Battery_Level01.a(PWM_IR_AND_RED.o)
                              .\CortexM0\ARM_GCC_484\Debug\main.o (PWM_IR_AND_RED_Start)
.\CortexM0\ARM_GCC_484\Debug\BLE_Battery_Level01.a(PWM_NIR1.o)
                              .\CortexM0\ARM_GCC_484\Debug\main.o (PWM_NIR1_Start)
.\CortexM0\ARM_GCC_484\Debug\BLE_Battery_Level01.a(UART_DEB_SCB_IRQ.o)
                              .\CortexM0\ARM_GCC_484\Debug\main.o (UART_DEB_SCB_IRQ_Start)
.\CortexM0\ARM_GCC_484\Debug\BLE_Battery_Level01.a(UART_DEB_SPI_UART_INT.o)
                              .\CortexM0\ARM_GCC_484\Debug\BLE_Battery_Level01.a(UART_DEB_UART.o) (UART_DEB_SPI_UART_ISR)
.\CortexM0\ARM_GCC_484\Debug\BLE_Battery_Level01.a(CyBootAsmGnu.o)
                              .\CortexM0\ARM_GCC_484\Debug\BLE_Battery_Level01.a(CyLib.o) (CyDelayCycles)
c:/program files (x86)/cypress/psoc creator/3.1/psoc creator/import/gnu_cs/arm/4.8.4/bin/../lib/gcc/arm-none-eabi/4.8.4/armv6-m\libgcc.a(_udivsi3.o)
                              .\CortexM0\ARM_GCC_484\Debug\BLE_Battery_Level01.a(CyLib.o) (__aeabi_uidiv)
c:/program files (x86)/cypress/psoc creator/3.1/psoc creator/import/gnu_cs/arm/4.8.4/bin/../lib/gcc/arm-none-eabi/4.8.4/armv6-m\libgcc.a(_divsi3.o)
                              .\CortexM0\ARM_GCC_484\Debug\Cm0Start.o (__aeabi_idiv)
c:/program files (x86)/cypress/psoc creator/3.1/psoc creator/import/gnu_cs/arm/4.8.4/bin/../lib/gcc/arm-none-eabi/4.8.4/armv6-m\libgcc.a(_dvmd_tls.o)
                              c:/program files (x86)/cypress/psoc creator/3.1/psoc creator/import/gnu_cs/arm/4.8.4/bin/../lib/gcc/arm-none-eabi/4.8.4/armv6-m\libgcc.a(_udivsi3.o) (__aeabi_idiv0)
c:/program files (x86)/cypress/psoc creator/3.1/psoc creator/import/gnu_cs/arm/4.8.4/bin/../lib/gcc/arm-none-eabi/4.8.4/../../../../arm-none-eabi/lib/armv6-m\libg_s.a(lib_a-errno.o)
                              .\CortexM0\ARM_GCC_484\Debug\Cm0Start.o (__errno)
c:/program files (x86)/cypress/psoc creator/3.1/psoc creator/import/gnu_cs/arm/4.8.4/bin/../lib/gcc/arm-none-eabi/4.8.4/../../../../arm-none-eabi/lib/armv6-m\libg_s.a(lib_a-exit.o)
                              c:/program files (x86)/cypress/psoc creator/3.1/psoc creator/import/gnu_cs/arm/4.8.4/bin/../lib/gcc/arm-none-eabi/4.8.4/../../../../arm-none-eabi/lib/armv6-m/crt0.o (exit)
c:/program files (x86)/cypress/psoc creator/3.1/psoc creator/import/gnu_cs/arm/4.8.4/bin/../lib/gcc/arm-none-eabi/4.8.4/../../../../arm-none-eabi/lib/armv6-m\libg_s.a(lib_a-impure.o)
                              c:/program files (x86)/cypress/psoc creator/3.1/psoc creator/import/gnu_cs/arm/4.8.4/bin/../lib/gcc/arm-none-eabi/4.8.4/../../../../arm-none-eabi/lib/armv6-m\libg_s.a(lib_a-exit.o) (_global_impure_ptr)
c:/program files (x86)/cypress/psoc creator/3.1/psoc creator/import/gnu_cs/arm/4.8.4/bin/../lib/gcc/arm-none-eabi/4.8.4/../../../../arm-none-eabi/lib/armv6-m\libg_s.a(lib_a-init.o)
                              c:/program files (x86)/cypress/psoc creator/3.1/psoc creator/import/gnu_cs/arm/4.8.4/bin/../lib/gcc/arm-none-eabi/4.8.4/../../../../arm-none-eabi/lib/armv6-m/crt0.o (__libc_init_array)
c:/program files (x86)/cypress/psoc creator/3.1/psoc creator/import/gnu_cs/arm/4.8.4/bin/../lib/gcc/arm-none-eabi/4.8.4/../../../../arm-none-eabi/lib/armv6-m\libg_s.a(lib_a-memcpy-stub.o)
                              .\CortexM0\ARM_GCC_484\Debug\BLE_Battery_Level01.a(cyfitter_cfg.o) (memcpy)
c:/program files (x86)/cypress/psoc creator/3.1/psoc creator/import/gnu_cs/arm/4.8.4/bin/../lib/gcc/arm-none-eabi/4.8.4/../../../../arm-none-eabi/lib/armv6-m\libg_s.a(lib_a-memset.o)
                              c:/program files (x86)/cypress/psoc creator/3.1/psoc creator/import/gnu_cs/arm/4.8.4/bin/../lib/gcc/arm-none-eabi/4.8.4/../../../../arm-none-eabi/lib/armv6-m/crt0.o (memset)
[...]
Memory Configuration

Name             Origin             Length             Attributes
rom              0x00000000         0x00020000         xr
ram              0x20000000         0x00004000         xrw
*default*        0x00000000         0xffffffff

Linker script and memory map

LOAD c:/program files (x86)/cypress/psoc creator/3.1/psoc creator/import/gnu_cs/arm/4.8.4/bin/../lib/gcc/arm-none-eabi/4.8.4/armv6-m/crti.o
LOAD c:/program files (x86)/cypress/psoc creator/3.1/psoc creator/import/gnu_cs/arm/4.8.4/bin/../lib/gcc/arm-none-eabi/4.8.4/armv6-m/crtbegin.o
LOAD c:/program files (x86)/cypress/psoc creator/3.1/psoc creator/import/gnu_cs/arm/4.8.4/bin/../lib/gcc/arm-none-eabi/4.8.4/../../../../arm-none-eabi/lib/armv6-m/crt0.o
START GROUP
LOAD .\CortexM0\ARM_GCC_484\Debug\main.o
LOAD .\CortexM0\ARM_GCC_484\Debug\debug.o
LOAD .\CortexM0\ARM_GCC_484\Debug\cymetadata.o
LOAD .\CortexM0\ARM_GCC_484\Debug\Cm0Start.o
LOAD .\CortexM0\ARM_GCC_484\Debug\BLE_Battery_Level01.a
LOAD C:\Program Files (x86)\Cypress\PSoC Creator\3.1\PSoC Creator\psoc\content\cycomponentlibrary\CyComponentLibrary.cylib\CortexM0\ARM_GCC_484\Debug\CyComponentLibrary.a
END GROUP
START GROUP
LOAD c:/program files (x86)/cypress/psoc creator/3.1/psoc creator/import/gnu_cs/arm/4.8.4/bin/../lib/gcc/arm-none-eabi/4.8.4/armv6-m\libgcc.a
LOAD c:/program files (x86)/cypress/psoc creator/3.1/psoc creator/import/gnu_cs/arm/4.8.4/bin/../lib/gcc/arm-none-eabi/4.8.4/../../../../arm-none-eabi/lib/armv6-m\libg_s.a
LOAD c:/program files (x86)/cypress/psoc creator/3.1/psoc creator/import/gnu_cs/arm/4.8.4/bin/../lib/gcc/arm-none-eabi/4.8.4/../../../../arm-none-eabi/lib/armv6-m\libc_s.a
END GROUP
START GROUP
LOAD c:/program files (x86)/cypress/psoc creator/3.1/psoc creator/import/gnu_cs/arm/4.8.4/bin/../lib/gcc/arm-none-eabi/4.8.4/armv6-m\libgcc.a
LOAD c:/program files (x86)/cypress/psoc creator/3.1/psoc creator/import/gnu_cs/arm/4.8.4/bin/../lib/gcc/arm-none-eabi/4.8.4/../../../../arm-none-eabi/lib/armv6-m\libc_s.a
END GROUP
LOAD c:/program files (x86)/cypress/psoc creator/3.1/psoc creator/import/gnu_cs/arm/4.8.4/bin/../lib/gcc/arm-none-eabi/4.8.4/armv6-m/crtend.o
LOAD c:/program files (x86)/cypress/psoc creator/3.1/psoc creator/import/gnu_cs/arm/4.8.4/bin/../lib/gcc/arm-none-eabi/4.8.4/armv6-m/crtn.o
START GROUP
LOAD c:/program files (x86)/cypress/psoc creator/3.1/psoc creator/import/gnu_cs/arm/4.8.4/bin/../lib/gcc/arm-none-eabi/4.8.4/armv6-m\libgcc.a
LOAD c:/program files (x86)/cypress/psoc creator/3.1/psoc creator/import/gnu_cs/arm/4.8.4/bin/../lib/gcc/arm-none-eabi/4.8.4/../../../../arm-none-eabi/lib/armv6-m\libc.a
LOAD c:/program files (x86)/cypress/psoc creator/3.1/psoc creator/import/gnu_cs/arm/4.8.4/bin/../lib/gcc/arm-none-eabi/4.8.4/../../../../arm-none-eabi/lib/armv6-m\libnosys.a
END GROUP
                0x00000000                CY_APPL_ORIGIN = 0x0
                0x00000080                CY_FLASH_ROW_SIZE = 0x80
                0x00000001                CY_APPL_NUM = 0x1
                0x00000040                CY_METADATA_SIZE = 0x40
                0x20000180                PROVIDE (__cy_heap_start, _end)
                0x00000001                PROVIDE (__cy_region_num, ((__cy_regions_end - __cy_regions) / 0x10))
                0x20004000                PROVIDE (__cy_stack, (ORIGIN (ram) + 0x4000))
                0x20003800                PROVIDE (__cy_heap_end, (__cy_stack - 0x800))

.cybootloader   0x00000000        0x0
 *(.cybootloader)
                0x00000000                appl1_start = CY_APPL_ORIGIN?CY_APPL_ORIGIN:ALIGN (CY_FLASH_ROW_SIZE)
                0x0000ff80                appl2_start = (appl1_start + ALIGN ((((0x20000 - appl1_start) - (0x2 * CY_FLASH_ROW_SIZE)) / 0x2), CY_FLASH_ROW_SIZE))
                0x00000000                appl_start = (CY_APPL_NUM == 0x1)?appl1_start:appl2_start

.text           0x00000000     0x19b0
 CREATE_OBJECT_SYMBOLS
                0x00000000                PROVIDE (__cy_interrupt_vector, RomVectors)
 *(.romvectors)
 .romvectors    0x00000000       0x10 .\CortexM0\ARM_GCC_484\Debug\Cm0Start.o
                0x00000000                RomVectors
                0x00000001                ASSERT ((. != __cy_interrupt_vector), No interrupt vector)
                0x00000001                ASSERT (CY_APPL_ORIGIN?(SIZEOF (.cybootloader) <= CY_APPL_ORIGIN):0x1, Wrong image location)
                0x00000010                PROVIDE (__cy_reset, Reset)
 *(.text.Reset)
 .text.Reset    0x00000010        0x8 .\CortexM0\ARM_GCC_484\Debug\Cm0Start.o
                0x00000010                Reset
                0x00000001                ASSERT ((. != __cy_reset), No reset code)
 *(.psocinit)
 .psocinit      0x00000018      0x330 .\CortexM0\ARM_GCC_484\Debug\BLE_Battery_Level01.a(cyfitter_cfg.o)
                0x000001d4                cyfitter_cfg
                0x00000348                . = MAX (., 0x100)
 *(.text .text.* .gnu.linkonce.t.*)
 .text          0x00000348       0x60 c:/program files (x86)/cypress/psoc creator/3.1/psoc creator/import/gnu_cs/arm/4.8.4/bin/../lib/gcc/arm-none-eabi/4.8.4/armv6-m/crtbegin.o
 .text.Uart_Rx_Interrput
                0x000003a8       0x30 .\CortexM0\ARM_GCC_484\Debug\main.o
                0x000003a8                Uart_Rx_Interrput
 .text.main     0x000003d8       0x4c .\CortexM0\ARM_GCC_484\Debug\main.o
                0x000003d8                main
 .text._write   0x00000424       0x38 .\CortexM0\ARM_GCC_484\Debug\debug.o
                0x00000424                _write
 .text.IntDefaultHandler
                0x0000045c        0x8 .\CortexM0\ARM_GCC_484\Debug\Cm0Start.o
                0x0000045c                IntDefaultHandler
 .text._sbrk    0x00000464       0x54 .\CortexM0\ARM_GCC_484\Debug\Cm0Start.o
                0x00000464                _sbrk
 .text.Start_c  0x000004b8       0x98 .\CortexM0\ARM_GCC_484\Debug\Cm0Start.o
                0x000004b8                Start_c
 .text.initialize_psoc
                0x00000550       0x70 .\CortexM0\ARM_GCC_484\Debug\Cm0Start.o
                0x00000550                initialize_psoc
 .text.CYMEMZERO
                0x000005c0       0x20 .\CortexM0\ARM_GCC_484\Debug\BLE_Battery_Level01.a(cyfitter_cfg.o)
 .text.cfg_write_bytes32
                0x000005e0       0x80 .\CortexM0\ARM_GCC_484\Debug\BLE_Battery_Level01.a(cyfitter_cfg.o)
 .text.AnalogSetDefault
                0x00000660       0x5c .\CortexM0\ARM_GCC_484\Debug\BLE_Battery_Level01.a(cyfitter_cfg.o)
 .text.SetAnalogRoutingPumps
                0x000006bc       0x40 .\CortexM0\ARM_GCC_484\Debug\BLE_Battery_Level01.a(cyfitter_cfg.o)
                0x000006bc                SetAnalogRoutingPumps
 .text.UART_DEB_Init
                0x000006fc        0xc .\CortexM0\ARM_GCC_484\Debug\BLE_Battery_Level01.a(UART_DEB.o)
                0x000006fc                UART_DEB_Init
 .text.UART_DEB_Enable
                0x00000708       0x20 .\CortexM0\ARM_GCC_484\Debug\BLE_Battery_Level01.a(UART_DEB.o)
                0x00000708                UART_DEB_Enable
 .text.UART_DEB_Start
                0x00000728       0x24 .\CortexM0\ARM_GCC_484\Debug\BLE_Battery_Level01.a(UART_DEB.o)
                0x00000728                UART_DEB_Start
 .text.UART_DEB_ScbEnableIntr
                0x0000074c       0x10 .\CortexM0\ARM_GCC_484\Debug\BLE_Battery_Level01.a(UART_DEB.o)
 .text.UART_DEB_SpiUartReadRxData
                0x0000075c       0x20 .\CortexM0\ARM_GCC_484\Debug\BLE_Battery_Level01.a(UART_DEB_SPI_UART.o)
                0x0000075c                UART_DEB_SpiUartReadRxData
 .text.UART_DEB_SpiUartWriteTxData
                0x0000077c       0x2c .\CortexM0\ARM_GCC_484\Debug\BLE_Battery_Level01.a(UART_DEB_SPI_UART.o)
                0x0000077c                UART_DEB_SpiUartWriteTxData
 .text.UART_DEB_UartInit
                0x000007a8       0xcc .\CortexM0\ARM_GCC_484\Debug\BLE_Battery_Level01.a(UART_DEB_UART.o)
                0x000007a8                UART_DEB_UartInit
 .text.CySysClkWcoSetHighPowerMode
                0x00000874       0x3c .\CortexM0\ARM_GCC_484\Debug\BLE_Battery_Level01.a(CyLib.o)
 .text.CySysClkWcoSetLowPowerMode
                0x000008b0       0x48 .\CortexM0\ARM_GCC_484\Debug\BLE_Battery_Level01.a(CyLib.o)
 .text.CySysClkEcoStart
                0x000008f8       0x74 .\CortexM0\ARM_GCC_484\Debug\BLE_Battery_Level01.a(CyLib.o)
                0x000008f8                CySysClkEcoStart
 .text.CySysClkEcoReadStatus
                0x0000096c       0x18 .\CortexM0\ARM_GCC_484\Debug\BLE_Battery_Level01.a(CyLib.o)
                0x0000096c                CySysClkEcoReadStatus
 .text.CySysClkWcoStart
                0x00000984       0x20 .\CortexM0\ARM_GCC_484\Debug\BLE_Battery_Level01.a(CyLib.o)
                0x00000984                CySysClkWcoStart
 .text.CySysClkWcoSetPowerMode
                0x000009a4       0x40 .\CortexM0\ARM_GCC_484\Debug\BLE_Battery_Level01.a(CyLib.o)
                0x000009a4                CySysClkWcoSetPowerMode
 .text.CyIntSetVector
                0x000009e4       0x4c .\CortexM0\ARM_GCC_484\Debug\BLE_Battery_Level01.a(CyLib.o)
                0x000009e4                CyIntSetVector
 .text.CyIntSetPriority
                0x00000a30       0xa8 .\CortexM0\ARM_GCC_484\Debug\BLE_Battery_Level01.a(CyLib.o)
                0x00000a30                CyIntSetPriority
 .text.CyIntEnable
                0x00000ad8       0x2c .\CortexM0\ARM_GCC_484\Debug\BLE_Battery_Level01.a(CyLib.o)
                0x00000ad8                CyIntEnable
 .text.CyIntDisable
                0x00000b04       0x2c .\CortexM0\ARM_GCC_484\Debug\BLE_Battery_Level01.a(CyLib.o)
                0x00000b04                CyIntDisable
 .text.CyHalt   0x00000b30       0x14 .\CortexM0\ARM_GCC_484\Debug\BLE_Battery_Level01.a(CyLib.o)
                0x00000b30                CyHalt
 .text.CyDelay  0x00000b44       0x48 .\CortexM0\ARM_GCC_484\Debug\BLE_Battery_Level01.a(CyLib.o)
                0x00000b44                CyDelay
 .text.CyDelayUs
                0x00000b8c       0x28 .\CortexM0\ARM_GCC_484\Debug\BLE_Battery_Level01.a(CyLib.o)
                0x00000b8c                CyDelayUs
 .text.PWM_GREEN_Start
                0x00000bb4       0x24 .\CortexM0\ARM_GCC_484\Debug\BLE_Battery_Level01.a(PWM_GREEN.o)
                0x00000bb4                PWM_GREEN_Start
 .text.PWM_GREEN_Init
                0x00000bd8       0x54 .\CortexM0\ARM_GCC_484\Debug\BLE_Battery_Level01.a(PWM_GREEN.o)
                0x00000bd8                PWM_GREEN_Init
 .text.PWM_GREEN_Enable
                0x00000c2c       0x20 .\CortexM0\ARM_GCC_484\Debug\BLE_Battery_Level01.a(PWM_GREEN.o)
                0x00000c2c                PWM_GREEN_Enable
 .text.PWM_GREEN_WriteCounter
                0x00000c4c       0x20 .\CortexM0\ARM_GCC_484\Debug\BLE_Battery_Level01.a(PWM_GREEN.o)
                0x00000c4c                PWM_GREEN_WriteCounter
 .text.PWM_GREEN_WritePeriod
                0x00000c6c       0x20 .\CortexM0\ARM_GCC_484\Debug\BLE_Battery_Level01.a(PWM_GREEN.o)
                0x00000c6c                PWM_GREEN_WritePeriod
 .text.PWM_GREEN_WriteCompare
                0x00000c8c       0x20 .\CortexM0\ARM_GCC_484\Debug\BLE_Battery_Level01.a(PWM_GREEN.o)
                0x00000c8c                PWM_GREEN_WriteCompare
 .text.PWM_IR_AND_RED_Start
                0x00000cac       0x24 .\CortexM0\ARM_GCC_484\Debug\BLE_Battery_Level01.a(PWM_IR_AND_RED.o)
                0x00000cac                PWM_IR_AND_RED_Start
 .text.PWM_IR_AND_RED_Init
                0x00000cd0       0x58 .\CortexM0\ARM_GCC_484\Debug\BLE_Battery_Level01.a(PWM_IR_AND_RED.o)
                0x00000cd0                PWM_IR_AND_RED_Init
 .text.PWM_IR_AND_RED_Enable
                0x00000d28       0x20 .\CortexM0\ARM_GCC_484\Debug\BLE_Battery_Level01.a(PWM_IR_AND_RED.o)
                0x00000d28                PWM_IR_AND_RED_Enable
 .text.PWM_IR_AND_RED_WriteCounter
                0x00000d48       0x20 .\CortexM0\ARM_GCC_484\Debug\BLE_Battery_Level01.a(PWM_IR_AND_RED.o)
                0x00000d48                PWM_IR_AND_RED_WriteCounter
 .text.PWM_IR_AND_RED_WritePeriod
                0x00000d68       0x20 .\CortexM0\ARM_GCC_484\Debug\BLE_Battery_Level01.a(PWM_IR_AND_RED.o)
                0x00000d68                PWM_IR_AND_RED_WritePeriod
 .text.PWM_IR_AND_RED_WriteCompare1
                0x00000d88       0x20 .\CortexM0\ARM_GCC_484\Debug\BLE_Battery_Level01.a(PWM_IR_AND_RED.o)
                0x00000d88                PWM_IR_AND_RED_WriteCompare1
 .text.PWM_IR_AND_RED_WriteCompare2
                0x00000da8       0x20 .\CortexM0\ARM_GCC_484\Debug\BLE_Battery_Level01.a(PWM_IR_AND_RED.o)
                0x00000da8                PWM_IR_AND_RED_WriteCompare2
 .text.PWM_NIR1_Start
                0x00000dc8       0x24 .\CortexM0\ARM_GCC_484\Debug\BLE_Battery_Level01.a(PWM_NIR1.o)
                0x00000dc8                PWM_NIR1_Start
 .text.PWM_NIR1_Init
                0x00000dec       0x58 .\CortexM0\ARM_GCC_484\Debug\BLE_Battery_Level01.a(PWM_NIR1.o)
                0x00000dec                PWM_NIR1_Init
 .text.PWM_NIR1_Enable
                0x00000e44       0x20 .\CortexM0\ARM_GCC_484\Debug\BLE_Battery_Level01.a(PWM_NIR1.o)
                0x00000e44                PWM_NIR1_Enable
 .text.PWM_NIR1_Stop
                0x00000e64       0x1c .\CortexM0\ARM_GCC_484\Debug\BLE_Battery_Level01.a(PWM_NIR1.o)
                0x00000e64                PWM_NIR1_Stop
 .text.PWM_NIR1_WriteCounter
                0x00000e80       0x20 .\CortexM0\ARM_GCC_484\Debug\BLE_Battery_Level01.a(PWM_NIR1.o)
                0x00000e80                PWM_NIR1_WriteCounter
 .text.PWM_NIR1_WritePeriod
                0x00000ea0       0x20 .\CortexM0\ARM_GCC_484\Debug\BLE_Battery_Level01.a(PWM_NIR1.o)
                0x00000ea0                PWM_NIR1_WritePeriod
 .text.PWM_NIR1_WriteCompare1
                0x00000ec0       0x20 .\CortexM0\ARM_GCC_484\Debug\BLE_Battery_Level01.a(PWM_NIR1.o)
                0x00000ec0                PWM_NIR1_WriteCompare1
 .text.PWM_NIR1_WriteCompare2
                0x00000ee0       0x20 .\CortexM0\ARM_GCC_484\Debug\BLE_Battery_Level01.a(PWM_NIR1.o)
                0x00000ee0                PWM_NIR1_WriteCompare2
 .text.UART_DEB_SCB_IRQ_Start
                0x00000f00       0x24 .\CortexM0\ARM_GCC_484\Debug\BLE_Battery_Level01.a(UART_DEB_SCB_IRQ.o)
                0x00000f00                UART_DEB_SCB_IRQ_Start
 .text.UART_DEB_SCB_IRQ_StartEx
                0x00000f24       0x24 .\CortexM0\ARM_GCC_484\Debug\BLE_Battery_Level01.a(UART_DEB_SCB_IRQ.o)
                0x00000f24                UART_DEB_SCB_IRQ_StartEx
 .text.UART_DEB_SCB_IRQ_Interrupt
                0x00000f48        0x8 .\CortexM0\ARM_GCC_484\Debug\BLE_Battery_Level01.a(UART_DEB_SCB_IRQ.o)
                0x00000f48                UART_DEB_SCB_IRQ_Interrupt
 .text.UART_DEB_SCB_IRQ_SetVector
                0x00000f50       0x18 .\CortexM0\ARM_GCC_484\Debug\BLE_Battery_Level01.a(UART_DEB_SCB_IRQ.o)
                0x00000f50                UART_DEB_SCB_IRQ_SetVector
 .text.UART_DEB_SCB_IRQ_SetPriority
                0x00000f68       0x50 .\CortexM0\ARM_GCC_484\Debug\BLE_Battery_Level01.a(UART_DEB_SCB_IRQ.o)
                0x00000f68                UART_DEB_SCB_IRQ_SetPriority
 .text.UART_DEB_SCB_IRQ_Enable
                0x00000fb8       0x14 .\CortexM0\ARM_GCC_484\Debug\BLE_Battery_Level01.a(UART_DEB_SCB_IRQ.o)
                0x00000fb8                UART_DEB_SCB_IRQ_Enable
 .text.UART_DEB_SCB_IRQ_Disable
                0x00000fcc       0x14 .\CortexM0\ARM_GCC_484\Debug\BLE_Battery_Level01.a(UART_DEB_SCB_IRQ.o)
                0x00000fcc                UART_DEB_SCB_IRQ_Disable
 .text.UART_DEB_SPI_UART_ISR
                0x00000fe0       0x1c .\CortexM0\ARM_GCC_484\Debug\BLE_Battery_Level01.a(UART_DEB_SPI_UART_INT.o)
                0x00000fe0                UART_DEB_SPI_UART_ISR
 *fill*         0x00000ffc        0x4 
 .text          0x00001000       0x20 .\CortexM0\ARM_GCC_484\Debug\BLE_Battery_Level01.a(CyBootAsmGnu.o)
                0x00001000                CyDelayCycles
                0x00001012                CyEnterCriticalSection
                0x0000101a                CyExitCriticalSection
 .text.__errno  0x00001020        0xc c:/program files (x86)/cypress/psoc creator/3.1/psoc creator/import/gnu_cs/arm/4.8.4/bin/../lib/gcc/arm-none-eabi/4.8.4/../../../../arm-none-eabi/lib/armv6-m\libg_s.a(lib_a-errno.o)
                0x00001020                __errno
 .text.__libc_init_array
                0x0000102c       0x4c c:/program files (x86)/cypress/psoc creator/3.1/psoc creator/import/gnu_cs/arm/4.8.4/bin/../lib/gcc/arm-none-eabi/4.8.4/../../../../arm-none-eabi/lib/armv6-m\libg_s.a(lib_a-init.o)
                0x0000102c                __libc_init_array
 .text.memset   0x00001078       0x10 c:/program files (x86)/cypress/psoc creator/3.1/psoc creator/import/gnu_cs/arm/4.8.4/bin/../lib/gcc/arm-none-eabi/4.8.4/../../../../arm-none-eabi/lib/armv6-m\libg_s.a(lib_a-memset.o)
                0x00001078                memset
 .text._puts_r  0x00001088       0xc2 c:/program files (x86)/cypress/psoc creator/3.1/psoc creator/import/gnu_cs/arm/4.8.4/bin/../lib/gcc/arm-none-eabi/4.8.4/../../../../arm-none-eabi/lib/armv6-m\libg_s.a(lib_a-puts.o)
                0x00001088                _puts_r
 *fill*         0x0000114a        0x2 
 .text.puts     0x0000114c       0x14 c:/program files (x86)/cypress/psoc creator/3.1/psoc creator/import/gnu_cs/arm/4.8.4/bin/../lib/gcc/arm-none-eabi/4.8.4/../../../../arm-none-eabi/lib/armv6-m\libg_s.a(lib_a-puts.o)
                0x0000114c                puts
 .text.__swbuf_r
                0x00001160       0xb0 c:/program files (x86)/cypress/psoc creator/3.1/psoc creator/import/gnu_cs/arm/4.8.4/bin/../lib/gcc/arm-none-eabi/4.8.4/../../../../arm-none-eabi/lib/armv6-m\libg_s.a(lib_a-wbuf.o)
                0x00001160                __swbuf_r
 .text.__swsetup_r
                0x00001210       0xe4 c:/program files (x86)/cypress/psoc creator/3.1/psoc creator/import/gnu_cs/arm/4.8.4/bin/../lib/gcc/arm-none-eabi/4.8.4/../../../../arm-none-eabi/lib/armv6-m\libg_s.a(lib_a-wsetup.o)
                0x00001210                __swsetup_r
 .text.__sflush_r
                0x000012f4      0x112 c:/program files (x86)/cypress/psoc creator/3.1/psoc creator/import/gnu_cs/arm/4.8.4/bin/../lib/gcc/arm-none-eabi/4.8.4/../../../../arm-none-eabi/lib/armv6-m\libg_s.a(lib_a-fflush.o)
                0x000012f4                __sflush_r
 *fill*         0x00001406        0x2 
 .text._fflush_r
                0x00001408       0x58 c:/program files (x86)/cypress/psoc creator/3.1/psoc creator/import/gnu_cs/arm/4.8.4/bin/../lib/gcc/arm-none-eabi/4.8.4/../../../../arm-none-eabi/lib/armv6-m\libg_s.a(lib_a-fflush.o)
                0x00001408                _fflush_r
 .text._cleanup_r
                0x00001460       0x34 c:/program files (x86)/cypress/psoc creator/3.1/psoc creator/import/gnu_cs/arm/4.8.4/bin/../lib/gcc/arm-none-eabi/4.8.4/../../../../arm-none-eabi/lib/armv6-m\libg_s.a(lib_a-findfp.o)
                0x00001460                _cleanup_r
 .text.std.isra.0
                0x00001494       0x48 c:/program files (x86)/cypress/psoc creator/3.1/psoc creator/import/gnu_cs/arm/4.8.4/bin/../lib/gcc/arm-none-eabi/4.8.4/../../../../arm-none-eabi/lib/armv6-m\libg_s.a(lib_a-findfp.o)
 .text.__sfmoreglue
                0x000014dc       0x2c c:/program files (x86)/cypress/psoc creator/3.1/psoc creator/import/gnu_cs/arm/4.8.4/bin/../lib/gcc/arm-none-eabi/4.8.4/../../../../arm-none-eabi/lib/armv6-m\libg_s.a(lib_a-findfp.o)
                0x000014dc                __sfmoreglue
 .text.__sinit  0x00001508       0x64 c:/program files (x86)/cypress/psoc creator/3.1/psoc creator/import/gnu_cs/arm/4.8.4/bin/../lib/gcc/arm-none-eabi/4.8.4/../../../../arm-none-eabi/lib/armv6-m\libg_s.a(lib_a-findfp.o)
                0x00001508                __sinit
 .text.__sfp    0x0000156c       0x7c c:/program files (x86)/cypress/psoc creator/3.1/psoc creator/import/gnu_cs/arm/4.8.4/bin/../lib/gcc/arm-none-eabi/4.8.4/../../../../arm-none-eabi/lib/armv6-m\libg_s.a(lib_a-findfp.o)
                0x0000156c                __sfp
 .text.__smakebuf_r
                0x000015e8       0xa0 c:/program files (x86)/cypress/psoc creator/3.1/psoc creator/import/gnu_cs/arm/4.8.4/bin/../lib/gcc/arm-none-eabi/4.8.4/../../../../arm-none-eabi/lib/armv6-m\libg_s.a(lib_a-makebuf.o)
                0x000015e8                __smakebuf_r
 .text._free_r  0x00001688       0x90 c:/program files (x86)/cypress/psoc creator/3.1/psoc creator/import/gnu_cs/arm/4.8.4/bin/../lib/gcc/arm-none-eabi/4.8.4/../../../../arm-none-eabi/lib/armv6-m\libg_s.a(lib_a-nano-freer.o)
                0x00001688                _free_r
 .text._malloc_r
                0x00001718       0xa8 c:/program files (x86)/cypress/psoc creator/3.1/psoc creator/import/gnu_cs/arm/4.8.4/bin/../lib/gcc/arm-none-eabi/4.8.4/../../../../arm-none-eabi/lib/armv6-m\libg_s.a(lib_a-nano-mallocr.o)
                0x00001718                _malloc_r
 .text._sbrk_r  0x000017c0       0x24 c:/program files (x86)/cypress/psoc creator/3.1/psoc creator/import/gnu_cs/arm/4.8.4/bin/../lib/gcc/arm-none-eabi/4.8.4/../../../../arm-none-eabi/lib/armv6-m\libg_s.a(lib_a-sbrkr.o)
                0x000017c0                _sbrk_r
 .text.__sread  0x000017e4       0x28 c:/program files (x86)/cypress/psoc creator/3.1/psoc creator/import/gnu_cs/arm/4.8.4/bin/../lib/gcc/arm-none-eabi/4.8.4/../../../../arm-none-eabi/lib/armv6-m\libg_s.a(lib_a-stdio.o)
                0x000017e4                __sread
 .text.__swrite
                0x0000180c       0x38 c:/program files (x86)/cypress/psoc creator/3.1/psoc creator/import/gnu_cs/arm/4.8.4/bin/../lib/gcc/arm-none-eabi/4.8.4/../../../../arm-none-eabi/lib/armv6-m\libg_s.a(lib_a-stdio.o)
                0x0000180c                __swrite
 .text.__sseek  0x00001844       0x2c c:/program files (x86)/cypress/psoc creator/3.1/psoc creator/import/gnu_cs/arm/4.8.4/bin/../lib/gcc/arm-none-eabi/4.8.4/../../../../arm-none-eabi/lib/armv6-m\libg_s.a(lib_a-stdio.o)
                0x00001844                __sseek
 .text.__sclose
                0x00001870        0xc c:/program files (x86)/cypress/psoc creator/3.1/psoc creator/import/gnu_cs/arm/4.8.4/bin/../lib/gcc/arm-none-eabi/4.8.4/../../../../arm-none-eabi/lib/armv6-m\libg_s.a(lib_a-stdio.o)
                0x00001870                __sclose
 .text._write_r
                0x0000187c       0x28 c:/program files (x86)/cypress/psoc creator/3.1/psoc creator/import/gnu_cs/arm/4.8.4/bin/../lib/gcc/arm-none-eabi/4.8.4/../../../../arm-none-eabi/lib/armv6-m\libg_s.a(lib_a-writer.o)
                0x0000187c                _write_r
 .text._close_r
                0x000018a4       0x24 c:/program files (x86)/cypress/psoc creator/3.1/psoc creator/import/gnu_cs/arm/4.8.4/bin/../lib/gcc/arm-none-eabi/4.8.4/../../../../arm-none-eabi/lib/armv6-m\libg_s.a(lib_a-closer.o)
                0x000018a4                _close_r
 .text._fstat_r
                0x000018c8       0x24 c:/program files (x86)/cypress/psoc creator/3.1/psoc creator/import/gnu_cs/arm/4.8.4/bin/../lib/gcc/arm-none-eabi/4.8.4/../../../../arm-none-eabi/lib/armv6-m\libg_s.a(lib_a-fstatr.o)
                0x000018c8                _fstat_r
 .text._isatty_r
                0x000018ec       0x24 c:/program files (x86)/cypress/psoc creator/3.1/psoc creator/import/gnu_cs/arm/4.8.4/bin/../lib/gcc/arm-none-eabi/4.8.4/../../../../arm-none-eabi/lib/armv6-m\libg_s.a(lib_a-isattyr.o)
                0x000018ec                _isatty_r
 .text._lseek_r
                0x00001910       0x28 c:/program files (x86)/cypress/psoc creator/3.1/psoc creator/import/gnu_cs/arm/4.8.4/bin/../lib/gcc/arm-none-eabi/4.8.4/../../../../arm-none-eabi/lib/armv6-m\libg_s.a(lib_a-lseekr.o)
                0x00001910                _lseek_r
 .text._read_r  0x00001938       0x28 c:/program files (x86)/cypress/psoc creator/3.1/psoc creator/import/gnu_cs/arm/4.8.4/bin/../lib/gcc/arm-none-eabi/4.8.4/../../../../arm-none-eabi/lib/armv6-m\libg_s.a(lib_a-readr.o)
                0x00001938                _read_r
 .text._close   0x00001960       0x10 c:/program files (x86)/cypress/psoc creator/3.1/psoc creator/import/gnu_cs/arm/4.8.4/bin/../lib/gcc/arm-none-eabi/4.8.4/../../../../arm-none-eabi/lib/armv6-m\libnosys.a(close.o)
                0x00001960                _close
 .text._fstat   0x00001970       0x10 c:/program files (x86)/cypress/psoc creator/3.1/psoc creator/import/gnu_cs/arm/4.8.4/bin/../lib/gcc/arm-none-eabi/4.8.4/../../../../arm-none-eabi/lib/armv6-m\libnosys.a(fstat.o)
                0x00001970                _fstat
 .text._isatty  0x00001980       0x10 c:/program files (x86)/cypress/psoc creator/3.1/psoc creator/import/gnu_cs/arm/4.8.4/bin/../lib/gcc/arm-none-eabi/4.8.4/../../../../arm-none-eabi/lib/armv6-m\libnosys.a(isatty.o)
                0x00001980                _isatty
 .text._lseek   0x00001990       0x10 c:/program files (x86)/cypress/psoc creator/3.1/psoc creator/import/gnu_cs/arm/4.8.4/bin/../lib/gcc/arm-none-eabi/4.8.4/../../../../arm-none-eabi/lib/armv6-m\libnosys.a(lseek.o)
                0x00001990                _lseek
 .text._read    0x000019a0       0x10 c:/program files (x86)/cypress/psoc creator/3.1/psoc creator/import/gnu_cs/arm/4.8.4/bin/../lib/gcc/arm-none-eabi/4.8.4/../../../../arm-none-eabi/lib/armv6-m\libnosys.a(read.o)
                0x000019a0                _read
 *(.plt)
 *(.gnu.warning)
 *(.glue_7t)
 .glue_7t       0x00000000        0x0 linker stubs
 *(.glue_7)
 .glue_7        0x00000000        0x0 linker stubs
 *(.vfp11_veneer)
 .vfp11_veneer  0x00000000        0x0 linker stubs
 *(.bootloader)
 *(.ARM.extab* .gnu.linkonce.armextab.*)
 *(.gcc_except_table)

.v4_bx          0x000019b0        0x0
 .v4_bx         0x00000000        0x0 linker stubs

.iplt           0x000019b0        0x0
 .iplt          0x00000000        0x0 c:/program files (x86)/cypress/psoc creator/3.1/psoc creator/import/gnu_cs/arm/4.8.4/bin/../lib/gcc/arm-none-eabi/4.8.4/armv6-m/crtbegin.o

.eh_frame_hdr
 *(.eh_frame_hdr)

.eh_frame       0x000019b0        0x4
 *(.eh_frame)
 .eh_frame      0x000019b0        0x0 c:/program files (x86)/cypress/psoc creator/3.1/psoc creator/import/gnu_cs/arm/4.8.4/bin/../lib/gcc/arm-none-eabi/4.8.4/armv6-m/crtbegin.o
 .eh_frame      0x000019b0        0x4 c:/program files (x86)/cypress/psoc creator/3.1/psoc creator/import/gnu_cs/arm/4.8.4/bin/../lib/gcc/arm-none-eabi/4.8.4/armv6-m/crtend.o
                0x000019b4                PROVIDE (__exidx_start, .)

.ARM.exidx
 *(.ARM.exidx* .gnu.linkonce.armexidx.*)
                0x000019b4                __exidx_end = .

.rodata         0x000019b4      0x22c
 *(.rodata .rodata.* .gnu.linkonce.r.*)
 .rodata        0x000019b4       0x24 .\CortexM0\ARM_GCC_484\Debug\main.o
 .rodata        0x000019d8      0x168 .\CortexM0\ARM_GCC_484\Debug\BLE_Battery_Level01.a(cyfitter_cfg.o)
 .rodata.str1.1
                0x00001b40        0x2 c:/program files (x86)/cypress/psoc creator/3.1/psoc creator/import/gnu_cs/arm/4.8.4/bin/../lib/gcc/arm-none-eabi/4.8.4/../../../../arm-none-eabi/lib/armv6-m\libg_s.a(lib_a-impure.o)
 *fill*         0x00001b42        0x2 
 .rodata._global_impure_ptr
                0x00001b44        0x4 c:/program files (x86)/cypress/psoc creator/3.1/psoc creator/import/gnu_cs/arm/4.8.4/bin/../lib/gcc/arm-none-eabi/4.8.4/../../../../arm-none-eabi/lib/armv6-m\libg_s.a(lib_a-impure.o)
                0x00001b44                _global_impure_ptr
 .rodata.__sf_fake_stdin
                0x00001b48       0x20 c:/program files (x86)/cypress/psoc creator/3.1/psoc creator/import/gnu_cs/arm/4.8.4/bin/../lib/gcc/arm-none-eabi/4.8.4/../../../../arm-none-eabi/lib/armv6-m\libg_s.a(lib_a-findfp.o)
                0x00001b48                __sf_fake_stdin
 .rodata.__sf_fake_stdout
                0x00001b68       0x20 c:/program files (x86)/cypress/psoc creator/3.1/psoc creator/import/gnu_cs/arm/4.8.4/bin/../lib/gcc/arm-none-eabi/4.8.4/../../../../arm-none-eabi/lib/armv6-m\libg_s.a(lib_a-findfp.o)
                0x00001b68                __sf_fake_stdout
 .rodata.__sf_fake_stderr
                0x00001b88       0x20 c:/program files (x86)/cypress/psoc creator/3.1/psoc creator/import/gnu_cs/arm/4.8.4/bin/../lib/gcc/arm-none-eabi/4.8.4/../../../../arm-none-eabi/lib/armv6-m\libg_s.a(lib_a-findfp.o)
                0x00001b88                __sf_fake_stderr
                0x00001ba8                . = ALIGN (0x4)
 *(.init)
 .init          0x00001ba8        0x4 c:/program files (x86)/cypress/psoc creator/3.1/psoc creator/import/gnu_cs/arm/4.8.4/bin/../lib/gcc/arm-none-eabi/4.8.4/armv6-m/crti.o
                0x00001ba8                _init
 .init          0x00001bac        0x8 c:/program files (x86)/cypress/psoc creator/3.1/psoc creator/import/gnu_cs/arm/4.8.4/bin/../lib/gcc/arm-none-eabi/4.8.4/armv6-m/crtn.o
                0x00001bb4                . = ALIGN (0x4)
                0x00001bb4                __preinit_array_start = .
 *(.preinit_array)
                0x00001bb4                __preinit_array_end = .
                0x00001bb4                . = ALIGN (0x4)
                0x00001bb4                __init_array_start = .
 *(SORT(.init_array.*))
 *(.init_array)
 .init_array    0x00001bb4        0x4 c:/program files (x86)/cypress/psoc creator/3.1/psoc creator/import/gnu_cs/arm/4.8.4/bin/../lib/gcc/arm-none-eabi/4.8.4/armv6-m/crtbegin.o
 .init_array    0x00001bb8        0x4 .\CortexM0\ARM_GCC_484\Debug\Cm0Start.o
                0x00001bbc                __init_array_end = .
                0x00001bbc                . = ALIGN (0x4)
 *(.fini)
 .fini          0x00001bbc        0x4 c:/program files (x86)/cypress/psoc creator/3.1/psoc creator/import/gnu_cs/arm/4.8.4/bin/../lib/gcc/arm-none-eabi/4.8.4/armv6-m/crti.o
                0x00001bbc                _fini
 .fini          0x00001bc0        0x8 c:/program files (x86)/cypress/psoc creator/3.1/psoc creator/import/gnu_cs/arm/4.8.4/bin/../lib/gcc/arm-none-eabi/4.8.4/armv6-m/crtn.o
                0x00001bc8                . = ALIGN (0x4)
                0x00001bc8                __fini_array_start = .
 *(.fini_array)
 .fini_array    0x00001bc8        0x4 c:/program files (x86)/cypress/psoc creator/3.1/psoc creator/import/gnu_cs/arm/4.8.4/bin/../lib/gcc/arm-none-eabi/4.8.4/armv6-m/crtbegin.o
 *(SORT(.fini_array.*))
                0x00001bcc                __fini_array_end = .
                0x00001bcc                . = ALIGN (0x4)
 *crtbegin.o(.ctors)
 *(EXCLUDE_FILE(*crtend.o) .ctors)
 *(SORT(.ctors.*))
 *crtend.o(.ctors)
                0x00001bcc                . = ALIGN (0x4)
 *crtbegin.o(.dtors)
 *(EXCLUDE_FILE(*crtend.o) .dtors)
 *(SORT(.dtors.*))
 *crtend.o(.dtors)
                0x00001bcc                . = ALIGN (0x4)
                0x00001bcc                __cy_regions = .
                0x00001bcc        0x4 LONG 0x1be0 __cy_region_init_ram
                0x00001bd0        0x4 LONG 0x200000c8 __cy_region_start_data
                0x00001bd4        0x4 LONG 0x80 __cy_region_init_size_ram
                0x00001bd8        0x4 LONG 0x38 __cy_region_zero_size_ram
                0x00001bdc                __cy_regions_end = .
                0x00001be0                . = ALIGN (0x8)
 *fill*         0x00001bdc        0x4 
                0x00001be0                _etext = .

.ramvectors     0x20000000       0xc0
                0x20000000                __cy_region_start_ram = .
 *(.ramvectors)
 .ramvectors    0x20000000       0xc0 .\CortexM0\ARM_GCC_484\Debug\Cm0Start.o
                0x20000000                CyRamVectors

.noinit         0x200000c0        0x4
 *(.noinit)
 .noinit        0x200000c0        0x4 .\CortexM0\ARM_GCC_484\Debug\Cm0Start.o

.data           0x200000c8       0x80 load address 0x00001be0
                0x200000c8                __cy_region_start_data = .
 *(.jcr)
 .jcr           0x200000c8        0x0 c:/program files (x86)/cypress/psoc creator/3.1/psoc creator/import/gnu_cs/arm/4.8.4/bin/../lib/gcc/arm-none-eabi/4.8.4/armv6-m/crtbegin.o
 .jcr           0x200000c8        0x4 c:/program files (x86)/cypress/psoc creator/3.1/psoc creator/import/gnu_cs/arm/4.8.4/bin/../lib/gcc/arm-none-eabi/4.8.4/armv6-m/crtend.o
 *(.got.plt)
 *(.got)
 *(.shdata)
 *(.data .data.* .gnu.linkonce.d.*)
 .data          0x200000cc        0x4 .\CortexM0\ARM_GCC_484\Debug\Cm0Start.o
 .data          0x200000d0        0x4 .\CortexM0\ARM_GCC_484\Debug\BLE_Battery_Level01.a(cyfitter_cfg.o)
 .data          0x200000d4       0x10 .\CortexM0\ARM_GCC_484\Debug\BLE_Battery_Level01.a(CyLib.o)
                0x200000d4                cydelayFreqHz
                0x200000d8                cydelayFreqKhz
                0x200000dc                cydelayFreqMhz
                0x200000e0                cydelay32kMs
 .data.impure_data
                0x200000e4       0x60 c:/program files (x86)/cypress/psoc creator/3.1/psoc creator/import/gnu_cs/arm/4.8.4/bin/../lib/gcc/arm-none-eabi/4.8.4/../../../../arm-none-eabi/lib/armv6-m\libg_s.a(lib_a-impure.o)
 .data._impure_ptr
                0x20000144        0x4 c:/program files (x86)/cypress/psoc creator/3.1/psoc creator/import/gnu_cs/arm/4.8.4/bin/../lib/gcc/arm-none-eabi/4.8.4/../../../../arm-none-eabi/lib/armv6-m\libg_s.a(lib_a-impure.o)
                0x20000144                _impure_ptr
                0x20000148                . = ALIGN (0x8)
 *(.ram)
                0x20000148                _edata = .

.igot.plt       0x20000148        0x0 load address 0x00001c60
 .igot.plt      0x00000000        0x0 c:/program files (x86)/cypress/psoc creator/3.1/psoc creator/import/gnu_cs/arm/4.8.4/bin/../lib/gcc/arm-none-eabi/4.8.4/armv6-m/crtbegin.o

.bss            0x20000148       0x38 load address 0x00001c60
                0x20000148                PROVIDE (__bss_start__, .)
 *(.shbss)
 *(.bss .bss.* .gnu.linkonce.b.*)
 .bss           0x20000148       0x1c c:/program files (x86)/cypress/psoc creator/3.1/psoc creator/import/gnu_cs/arm/4.8.4/bin/../lib/gcc/arm-none-eabi/4.8.4/armv6-m/crtbegin.o
 .bss           0x20000164        0x8 .\CortexM0\ARM_GCC_484\Debug\BLE_Battery_Level01.a(UART_DEB.o)
                0x20000164                UART_DEB_initVar
                0x20000168                UART_DEB_customIntrHandler
 .bss           0x2000016c        0x1 .\CortexM0\ARM_GCC_484\Debug\BLE_Battery_Level01.a(PWM_GREEN.o)
                0x2000016c                PWM_GREEN_initVar
 .bss           0x2000016d        0x1 .\CortexM0\ARM_GCC_484\Debug\BLE_Battery_Level01.a(PWM_IR_AND_RED.o)
                0x2000016d                PWM_IR_AND_RED_initVar
 .bss           0x2000016e        0x1 .\CortexM0\ARM_GCC_484\Debug\BLE_Battery_Level01.a(PWM_NIR1.o)
                0x2000016e                PWM_NIR1_initVar
 *fill*         0x2000016f        0x1 
 .bss.__malloc_sbrk_start
                0x20000170        0x4 c:/program files (x86)/cypress/psoc creator/3.1/psoc creator/import/gnu_cs/arm/4.8.4/bin/../lib/gcc/arm-none-eabi/4.8.4/../../../../arm-none-eabi/lib/armv6-m\libg_s.a(lib_a-nano-mallocr.o)
                0x20000170                __malloc_sbrk_start
 .bss.__malloc_free_list
                0x20000174        0x4 c:/program files (x86)/cypress/psoc creator/3.1/psoc creator/import/gnu_cs/arm/4.8.4/bin/../lib/gcc/arm-none-eabi/4.8.4/../../../../arm-none-eabi/lib/armv6-m\libg_s.a(lib_a-nano-mallocr.o)
                0x20000174                __malloc_free_list
 *(COMMON)
 COMMON         0x20000178        0x2 .\CortexM0\ARM_GCC_484\Debug\main.o
                0x20000178                g_rx
                0x20000179                g_int_flag
 *fill*         0x2000017a        0x2 
 COMMON         0x2000017c        0x4 c:/program files (x86)/cypress/psoc creator/3.1/psoc creator/import/gnu_cs/arm/4.8.4/bin/../lib/gcc/arm-none-eabi/4.8.4/../../../../arm-none-eabi/lib/armv6-m\libg_s.a(lib_a-reent.o)
                0x2000017c                errno
                0x20000180                . = ALIGN (0x8)
 *(.ram.b)
                0x20000180                _end = .
                0x20000180                __end = .
                0x20000180                PROVIDE (end, .)
                0x20000180                PROVIDE (__bss_end__, .)
                0x00001be0                __cy_region_init_ram = LOADADDR (.data)
                0x00000080                __cy_region_init_size_ram = (_edata - ADDR (.data))
                0x00000038                __cy_region_zero_size_ram = (_end - _edata)

.heap           0x20000180      0x400 load address 0x00001c60
                0x20000180                . = _end
                0x20000580                . = (. + 0x400)
 *fill*         0x20000180      0x400 
                0x20000580                __cy_heap_limit = .

.stack          0x20003800      0x800
                0x20003800                __cy_stack_limit = .
                0x20004000                . = (. + 0x800)
 *fill*         0x20003800      0x800 
                0x00000001                ASSERT ((__cy_stack_limit >= __cy_heap_limit), region RAM overflowed with stack)

.cyloadermeta
 *(.cyloadermeta)

.cyloadablemeta
 *(.cyloadablemeta)

.cyflashprotect
                0x90400000       0x80
 *(.cyflashprotect)
 .cyflashprotect
                0x90400000       0x80 .\CortexM0\ARM_GCC_484\Debug\cymetadata.o
                0x90400000                cy_meta_flashprotect

.cymeta         0x90500000        0xc
 *(.cymeta)
 .cymeta        0x90500000        0xc .\CortexM0\ARM_GCC_484\Debug\cymetadata.o
                0x90500000                cy_metadata

.cychipprotect  0x90600000        0x4
 *(.cychipprotect)
 .cychipprotect
                0x90600000        0x4 .\CortexM0\ARM_GCC_484\Debug\cymetadata.o
                0x90600000                cy_meta_chipprotect

.rel.dyn        0x00001c60        0x0 load address 0x90600004
 .rel.iplt      0x00000000        0x0 c:/program files (x86)/cypress/psoc creator/3.1/psoc creator/import/gnu_cs/arm/4.8.4/bin/../lib/gcc/arm-none-eabi/4.8.4/armv6-m/crtbegin.o

.stab           0x00000000       0x84
 *(.stab)
 .stab          0x00000000       0x24 c:/program files (x86)/cypress/psoc creator/3.1/psoc creator/import/gnu_cs/arm/4.8.4/bin/../lib/gcc/arm-none-eabi/4.8.4/../../../../arm-none-eabi/lib/armv6-m\libnosys.a(close.o)
 .stab          0x00000024       0x18 c:/program files (x86)/cypress/psoc creator/3.1/psoc creator/import/gnu_cs/arm/4.8.4/bin/../lib/gcc/arm-none-eabi/4.8.4/../../../../arm-none-eabi/lib/armv6-m\libnosys.a(fstat.o)
                                 0x24 (size before relaxing)
 .stab          0x0000003c       0x18 c:/program files (x86)/cypress/psoc creator/3.1/psoc creator/import/gnu_cs/arm/4.8.4/bin/../lib/gcc/arm-none-eabi/4.8.4/../../../../arm-none-eabi/lib/armv6-m\libnosys.a(isatty.o)
                                 0x24 (size before relaxing)
 .stab          0x00000054       0x18 c:/program files (x86)/cypress/psoc creator/3.1/psoc creator/import/gnu_cs/arm/4.8.4/bin/../lib/gcc/arm-none-eabi/4.8.4/../../../../arm-none-eabi/lib/armv6-m\libnosys.a(lseek.o)
                                 0x24 (size before relaxing)
 .stab          0x0000006c       0x18 c:/program files (x86)/cypress/psoc creator/3.1/psoc creator/import/gnu_cs/arm/4.8.4/bin/../lib/gcc/arm-none-eabi/4.8.4/../../../../arm-none-eabi/lib/armv6-m\libnosys.a(read.o)
                                 0x24 (size before relaxing)

.stabstr        0x00000000      0x117
 *(.stabstr)
 .stabstr       0x00000000      0x117 c:/program files (x86)/cypress/psoc creator/3.1/psoc creator/import/gnu_cs/arm/4.8.4/bin/../lib/gcc/arm-none-eabi/4.8.4/../../../../arm-none-eabi/lib/armv6-m\libnosys.a(close.o)

.debug
 *(.debug)

.line
 *(.line)

.debug_srcinfo
 *(.debug_srcinfo)

.debug_sfnames
 *(.debug_sfnames)

.debug_aranges  0x00000000      0x740
 *(.debug_aranges)
 .debug_aranges
                0x00000000       0x28 .\CortexM0\ARM_GCC_484\Debug\main.o
 .debug_aranges
                0x00000028       0x28 .\CortexM0\ARM_GCC_484\Debug\debug.o
 .debug_aranges
                0x00000050       0x18 .\CortexM0\ARM_GCC_484\Debug\cymetadata.o
 .debug_aranges
                0x00000068       0x48 .\CortexM0\ARM_GCC_484\Debug\Cm0Start.o
 .debug_aranges
                0x000000b0       0x60 .\CortexM0\ARM_GCC_484\Debug\BLE_Battery_Level01.a(cyfitter_cfg.o)
 .debug_aranges
                0x00000110       0x60 .\CortexM0\ARM_GCC_484\Debug\BLE_Battery_Level01.a(UART_DEB.o)
 .debug_aranges
                0x00000170       0x60 .\CortexM0\ARM_GCC_484\Debug\BLE_Battery_Level01.a(UART_DEB_SPI_UART.o)
 .debug_aranges
                0x000001d0       0x78 .\CortexM0\ARM_GCC_484\Debug\BLE_Battery_Level01.a(UART_DEB_UART.o)
 .debug_aranges
                0x00000248      0x298 .\CortexM0\ARM_GCC_484\Debug\BLE_Battery_Level01.a(CyLib.o)
 .debug_aranges
                0x000004e0       0x80 .\CortexM0\ARM_GCC_484\Debug\BLE_Battery_Level01.a(PWM_GREEN.o)
 .debug_aranges
                0x00000560       0x90 .\CortexM0\ARM_GCC_484\Debug\BLE_Battery_Level01.a(PWM_IR_AND_RED.o)
 .debug_aranges
                0x000005f0       0x90 .\CortexM0\ARM_GCC_484\Debug\BLE_Battery_Level01.a(PWM_NIR1.o)
 .debug_aranges
                0x00000680       0x80 .\CortexM0\ARM_GCC_484\Debug\BLE_Battery_Level01.a(UART_DEB_SCB_IRQ.o)
 .debug_aranges
                0x00000700       0x20 .\CortexM0\ARM_GCC_484\Debug\BLE_Battery_Level01.a(UART_DEB_SPI_UART_INT.o)
 .debug_aranges
                0x00000720       0x20 .\CortexM0\ARM_GCC_484\Debug\BLE_Battery_Level01.a(CyBootAsmGnu.o)

.debug_pubnames
 *(.debug_pubnames)

.debug_info     0x00000000     0x29e1
 *(.debug_info .gnu.linkonce.wi.*)
 .debug_info    0x00000000       0xf7 .\CortexM0\ARM_GCC_484\Debug\main.o
 .debug_info    0x000000f7      0x128 .\CortexM0\ARM_GCC_484\Debug\debug.o
 .debug_info    0x0000021f       0xfd .\CortexM0\ARM_GCC_484\Debug\cymetadata.o
 .debug_info    0x0000031c      0x2ff .\CortexM0\ARM_GCC_484\Debug\Cm0Start.o
 .debug_info    0x0000061b      0x477 .\CortexM0\ARM_GCC_484\Debug\BLE_Battery_Level01.a(cyfitter_cfg.o)
 .debug_info    0x00000a92      0x1d9 .\CortexM0\ARM_GCC_484\Debug\BLE_Battery_Level01.a(UART_DEB.o)
 .debug_info    0x00000c6b      0x20d .\CortexM0\ARM_GCC_484\Debug\BLE_Battery_Level01.a(UART_DEB_SPI_UART.o)
 .debug_info    0x00000e78      0x2ae .\CortexM0\ARM_GCC_484\Debug\BLE_Battery_Level01.a(UART_DEB_UART.o)
 .debug_info    0x00001126      0xe2b .\CortexM0\ARM_GCC_484\Debug\BLE_Battery_Level01.a(CyLib.o)
 .debug_info    0x00001f51      0x226 .\CortexM0\ARM_GCC_484\Debug\BLE_Battery_Level01.a(PWM_GREEN.o)
 .debug_info    0x00002177      0x262 .\CortexM0\ARM_GCC_484\Debug\BLE_Battery_Level01.a(PWM_IR_AND_RED.o)
 .debug_info    0x000023d9      0x262 .\CortexM0\ARM_GCC_484\Debug\BLE_Battery_Level01.a(PWM_NIR1.o)
 .debug_info    0x0000263b      0x241 .\CortexM0\ARM_GCC_484\Debug\BLE_Battery_Level01.a(UART_DEB_SCB_IRQ.o)
 .debug_info    0x0000287c       0xb7 .\CortexM0\ARM_GCC_484\Debug\BLE_Battery_Level01.a(UART_DEB_SPI_UART_INT.o)
 .debug_info    0x00002933       0xae .\CortexM0\ARM_GCC_484\Debug\BLE_Battery_Level01.a(CyBootAsmGnu.o)

.debug_abbrev   0x00000000     0x100a
 *(.debug_abbrev)
 .debug_abbrev  0x00000000       0x8c .\CortexM0\ARM_GCC_484\Debug\main.o
 .debug_abbrev  0x0000008c       0xa1 .\CortexM0\ARM_GCC_484\Debug\debug.o
 .debug_abbrev  0x0000012d       0x5d .\CortexM0\ARM_GCC_484\Debug\cymetadata.o
 .debug_abbrev  0x0000018a      0x1b4 .\CortexM0\ARM_GCC_484\Debug\Cm0Start.o
 .debug_abbrev  0x0000033e      0x1b3 .\CortexM0\ARM_GCC_484\Debug\BLE_Battery_Level01.a(cyfitter_cfg.o)
 .debug_abbrev  0x000004f1      0x120 .\CortexM0\ARM_GCC_484\Debug\BLE_Battery_Level01.a(UART_DEB.o)
 .debug_abbrev  0x00000611      0x15c .\CortexM0\ARM_GCC_484\Debug\BLE_Battery_Level01.a(UART_DEB_SPI_UART.o)
 .debug_abbrev  0x0000076d      0x111 .\CortexM0\ARM_GCC_484\Debug\BLE_Battery_Level01.a(UART_DEB_UART.o)
 .debug_abbrev  0x0000087e      0x237 .\CortexM0\ARM_GCC_484\Debug\BLE_Battery_Level01.a(CyLib.o)
 .debug_abbrev  0x00000ab5      0x123 .\CortexM0\ARM_GCC_484\Debug\BLE_Battery_Level01.a(PWM_GREEN.o)
 .debug_abbrev  0x00000bd8      0x123 .\CortexM0\ARM_GCC_484\Debug\BLE_Battery_Level01.a(PWM_IR_AND_RED.o)
 .debug_abbrev  0x00000cfb      0x123 .\CortexM0\ARM_GCC_484\Debug\BLE_Battery_Level01.a(PWM_NIR1.o)
 .debug_abbrev  0x00000e1e      0x168 .\CortexM0\ARM_GCC_484\Debug\BLE_Battery_Level01.a(UART_DEB_SCB_IRQ.o)
 .debug_abbrev  0x00000f86       0x70 .\CortexM0\ARM_GCC_484\Debug\BLE_Battery_Level01.a(UART_DEB_SPI_UART_INT.o)
 .debug_abbrev  0x00000ff6       0x14 .\CortexM0\ARM_GCC_484\Debug\BLE_Battery_Level01.a(CyBootAsmGnu.o)

.debug_line     0x00000000     0x181b
 *(.debug_line)
 .debug_line    0x00000000       0x7d .\CortexM0\ARM_GCC_484\Debug\main.o
 .debug_line    0x0000007d       0x89 .\CortexM0\ARM_GCC_484\Debug\debug.o
 .debug_line    0x00000106       0x53 .\CortexM0\ARM_GCC_484\Debug\cymetadata.o
 .debug_line    0x00000159      0x1bc .\CortexM0\ARM_GCC_484\Debug\Cm0Start.o
 .debug_line    0x00000315      0x1dc .\CortexM0\ARM_GCC_484\Debug\BLE_Battery_Level01.a(cyfitter_cfg.o)
 .debug_line    0x000004f1      0x107 .\CortexM0\ARM_GCC_484\Debug\BLE_Battery_Level01.a(UART_DEB.o)
 .debug_line    0x000005f8      0x129 .\CortexM0\ARM_GCC_484\Debug\BLE_Battery_Level01.a(UART_DEB_SPI_UART.o)
 .debug_line    0x00000721      0x16a .\CortexM0\ARM_GCC_484\Debug\BLE_Battery_Level01.a(UART_DEB_UART.o)
 .debug_line    0x0000088b      0x911 .\CortexM0\ARM_GCC_484\Debug\BLE_Battery_Level01.a(CyLib.o)
 .debug_line    0x0000119c      0x14d .\CortexM0\ARM_GCC_484\Debug\BLE_Battery_Level01.a(PWM_GREEN.o)
 .debug_line    0x000012e9      0x175 .\CortexM0\ARM_GCC_484\Debug\BLE_Battery_Level01.a(PWM_IR_AND_RED.o)
 .debug_line    0x0000145e      0x16f .\CortexM0\ARM_GCC_484\Debug\BLE_Battery_Level01.a(PWM_NIR1.o)
 .debug_line    0x000015cd      0x15f .\CortexM0\ARM_GCC_484\Debug\BLE_Battery_Level01.a(UART_DEB_SCB_IRQ.o)
 .debug_line    0x0000172c       0x87 .\CortexM0\ARM_GCC_484\Debug\BLE_Battery_Level01.a(UART_DEB_SPI_UART_INT.o)
 .debug_line    0x000017b3       0x68 .\CortexM0\ARM_GCC_484\Debug\BLE_Battery_Level01.a(CyBootAsmGnu.o)

.debug_frame    0x00000000     0x1df8
 *(.debug_frame)
 .debug_frame   0x00000000       0x48 .\CortexM0\ARM_GCC_484\Debug\main.o
 .debug_frame   0x00000048       0x50 .\CortexM0\ARM_GCC_484\Debug\debug.o
 .debug_frame   0x00000098       0xc8 .\CortexM0\ARM_GCC_484\Debug\Cm0Start.o
 .debug_frame   0x00000160      0x128 .\CortexM0\ARM_GCC_484\Debug\BLE_Battery_Level01.a(cyfitter_cfg.o)
 .debug_frame   0x00000288      0x118 .\CortexM0\ARM_GCC_484\Debug\BLE_Battery_Level01.a(UART_DEB.o)
 .debug_frame   0x000003a0      0x128 .\CortexM0\ARM_GCC_484\Debug\BLE_Battery_Level01.a(UART_DEB_SPI_UART.o)
 .debug_frame   0x000004c8      0x184 .\CortexM0\ARM_GCC_484\Debug\BLE_Battery_Level01.a(UART_DEB_UART.o)
 .debug_frame   0x0000064c      0x9d0 .\CortexM0\ARM_GCC_484\Debug\BLE_Battery_Level01.a(CyLib.o)
 .debug_frame   0x0000101c      0x194 .\CortexM0\ARM_GCC_484\Debug\BLE_Battery_Level01.a(PWM_GREEN.o)
 .debug_frame   0x000011b0      0x1d0 .\CortexM0\ARM_GCC_484\Debug\BLE_Battery_Level01.a(PWM_IR_AND_RED.o)
 .debug_frame   0x00001380      0x1d0 .\CortexM0\ARM_GCC_484\Debug\BLE_Battery_Level01.a(PWM_NIR1.o)
 .debug_frame   0x00001550      0x190 .\CortexM0\ARM_GCC_484\Debug\BLE_Battery_Level01.a(UART_DEB_SCB_IRQ.o)
 .debug_frame   0x000016e0       0x2c .\CortexM0\ARM_GCC_484\Debug\BLE_Battery_Level01.a(UART_DEB_SPI_UART_INT.o)
 .debug_frame   0x0000170c       0x20 c:/program files (x86)/cypress/psoc creator/3.1/psoc creator/import/gnu_cs/arm/4.8.4/bin/../lib/gcc/arm-none-eabi/4.8.4/armv6-m\libgcc.a(_udivsi3.o)
 .debug_frame   0x0000172c       0x20 c:/program files (x86)/cypress/psoc creator/3.1/psoc creator/import/gnu_cs/arm/4.8.4/bin/../lib/gcc/arm-none-eabi/4.8.4/armv6-m\libgcc.a(_divsi3.o)
 .debug_frame   0x0000174c       0x20 c:/program files (x86)/cypress/psoc creator/3.1/psoc creator/import/gnu_cs/arm/4.8.4/bin/../lib/gcc/arm-none-eabi/4.8.4/../../../../arm-none-eabi/lib/armv6-m\libg_s.a(lib_a-errno.o)
 .debug_frame   0x0000176c       0x28 c:/program files (x86)/cypress/psoc creator/3.1/psoc creator/import/gnu_cs/arm/4.8.4/bin/../lib/gcc/arm-none-eabi/4.8.4/../../../../arm-none-eabi/lib/armv6-m\libg_s.a(lib_a-exit.o)
 .debug_frame   0x00001794       0x2c c:/program files (x86)/cypress/psoc creator/3.1/psoc creator/import/gnu_cs/arm/4.8.4/bin/../lib/gcc/arm-none-eabi/4.8.4/../../../../arm-none-eabi/lib/armv6-m\libg_s.a(lib_a-init.o)
 .debug_frame   0x000017c0       0x28 c:/program files (x86)/cypress/psoc creator/3.1/psoc creator/import/gnu_cs/arm/4.8.4/bin/../lib/gcc/arm-none-eabi/4.8.4/../../../../arm-none-eabi/lib/armv6-m\libg_s.a(lib_a-memcpy-stub.o)
 .debug_frame   0x000017e8       0x20 c:/program files (x86)/cypress/psoc creator/3.1/psoc creator/import/gnu_cs/arm/4.8.4/bin/../lib/gcc/arm-none-eabi/4.8.4/../../../../arm-none-eabi/lib/armv6-m\libg_s.a(lib_a-memset.o)
 .debug_frame   0x00001808       0x44 c:/program files (x86)/cypress/psoc creator/3.1/psoc creator/import/gnu_cs/arm/4.8.4/bin/../lib/gcc/arm-none-eabi/4.8.4/../../../../arm-none-eabi/lib/armv6-m\libg_s.a(lib_a-puts.o)
 .debug_frame   0x0000184c       0x44 c:/program files (x86)/cypress/psoc creator/3.1/psoc creator/import/gnu_cs/arm/4.8.4/bin/../lib/gcc/arm-none-eabi/4.8.4/../../../../arm-none-eabi/lib/armv6-m\libg_s.a(lib_a-wbuf.o)
 .debug_frame   0x00001890       0x2c c:/program files (x86)/cypress/psoc creator/3.1/psoc creator/import/gnu_cs/arm/4.8.4/bin/../lib/gcc/arm-none-eabi/4.8.4/../../../../arm-none-eabi/lib/armv6-m\libg_s.a(lib_a-wsetup.o)
 .debug_frame   0x000018bc       0x68 c:/program files (x86)/cypress/psoc creator/3.1/psoc creator/import/gnu_cs/arm/4.8.4/bin/../lib/gcc/arm-none-eabi/4.8.4/../../../../arm-none-eabi/lib/armv6-m\libg_s.a(lib_a-fflush.o)
 .debug_frame   0x00001924      0x148 c:/program files (x86)/cypress/psoc creator/3.1/psoc creator/import/gnu_cs/arm/4.8.4/bin/../lib/gcc/arm-none-eabi/4.8.4/../../../../arm-none-eabi/lib/armv6-m\libg_s.a(lib_a-findfp.o)
 .debug_frame   0x00001a6c       0x58 c:/program files (x86)/cypress/psoc creator/3.1/psoc creator/import/gnu_cs/arm/4.8.4/bin/../lib/gcc/arm-none-eabi/4.8.4/../../../../arm-none-eabi/lib/armv6-m\libg_s.a(lib_a-fwalk.o)
 .debug_frame   0x00001ac4       0x30 c:/program files (x86)/cypress/psoc creator/3.1/psoc creator/import/gnu_cs/arm/4.8.4/bin/../lib/gcc/arm-none-eabi/4.8.4/../../../../arm-none-eabi/lib/armv6-m\libg_s.a(lib_a-makebuf.o)
 .debug_frame   0x00001af4       0x2c c:/program files (x86)/cypress/psoc creator/3.1/psoc creator/import/gnu_cs/arm/4.8.4/bin/../lib/gcc/arm-none-eabi/4.8.4/../../../../arm-none-eabi/lib/armv6-m\libg_s.a(lib_a-nano-freer.o)
 .debug_frame   0x00001b20       0x2c c:/program files (x86)/cypress/psoc creator/3.1/psoc creator/import/gnu_cs/arm/4.8.4/bin/../lib/gcc/arm-none-eabi/4.8.4/../../../../arm-none-eabi/lib/armv6-m\libg_s.a(lib_a-nano-mallocr.o)
 .debug_frame   0x00001b4c       0x2c c:/program files (x86)/cypress/psoc creator/3.1/psoc creator/import/gnu_cs/arm/4.8.4/bin/../lib/gcc/arm-none-eabi/4.8.4/../../../../arm-none-eabi/lib/armv6-m\libg_s.a(lib_a-sbrkr.o)
 .debug_frame   0x00001b78       0x90 c:/program files (x86)/cypress/psoc creator/3.1/psoc creator/import/gnu_cs/arm/4.8.4/bin/../lib/gcc/arm-none-eabi/4.8.4/../../../../arm-none-eabi/lib/armv6-m\libg_s.a(lib_a-stdio.o)
 .debug_frame   0x00001c08       0x2c c:/program files (x86)/cypress/psoc creator/3.1/psoc creator/import/gnu_cs/arm/4.8.4/bin/../lib/gcc/arm-none-eabi/4.8.4/../../../../arm-none-eabi/lib/armv6-m\libg_s.a(lib_a-writer.o)
 .debug_frame   0x00001c34       0x2c c:/program files (x86)/cypress/psoc creator/3.1/psoc creator/import/gnu_cs/arm/4.8.4/bin/../lib/gcc/arm-none-eabi/4.8.4/../../../../arm-none-eabi/lib/armv6-m\libg_s.a(lib_a-closer.o)
 .debug_frame   0x00001c60       0x2c c:/program files (x86)/cypress/psoc creator/3.1/psoc creator/import/gnu_cs/arm/4.8.4/bin/../lib/gcc/arm-none-eabi/4.8.4/../../../../arm-none-eabi/lib/armv6-m\libg_s.a(lib_a-fstatr.o)
 .debug_frame   0x00001c8c       0x2c c:/program files (x86)/cypress/psoc creator/3.1/psoc creator/import/gnu_cs/arm/4.8.4/bin/../lib/gcc/arm-none-eabi/4.8.4/../../../../arm-none-eabi/lib/armv6-m\libg_s.a(lib_a-isattyr.o)
 .debug_frame   0x00001cb8       0x2c c:/program files (x86)/cypress/psoc creator/3.1/psoc creator/import/gnu_cs/arm/4.8.4/bin/../lib/gcc/arm-none-eabi/4.8.4/../../../../arm-none-eabi/lib/armv6-m\libg_s.a(lib_a-lseekr.o)
 .debug_frame   0x00001ce4       0x2c c:/program files (x86)/cypress/psoc creator/3.1/psoc creator/import/gnu_cs/arm/4.8.4/bin/../lib/gcc/arm-none-eabi/4.8.4/../../../../arm-none-eabi/lib/armv6-m\libg_s.a(lib_a-readr.o)
 .debug_frame   0x00001d10       0x48 c:/program files (x86)/cypress/psoc creator/3.1/psoc creator/import/gnu_cs/arm/4.8.4/bin/../lib/gcc/arm-none-eabi/4.8.4/../../../../arm-none-eabi/lib/armv6-m\libg_s.a(lib_a-reent.o)
 .debug_frame   0x00001d58       0x20 c:/program files (x86)/cypress/psoc creator/3.1/psoc creator/import/gnu_cs/arm/4.8.4/bin/../lib/gcc/arm-none-eabi/4.8.4/../../../../arm-none-eabi/lib/armv6-m\libnosys.a(close.o)
 .debug_frame   0x00001d78       0x20 c:/program files (x86)/cypress/psoc creator/3.1/psoc creator/import/gnu_cs/arm/4.8.4/bin/../lib/gcc/arm-none-eabi/4.8.4/../../../../arm-none-eabi/lib/armv6-m\libnosys.a(fstat.o)
 .debug_frame   0x00001d98       0x20 c:/program files (x86)/cypress/psoc creator/3.1/psoc creator/import/gnu_cs/arm/4.8.4/bin/../lib/gcc/arm-none-eabi/4.8.4/../../../../arm-none-eabi/lib/armv6-m\libnosys.a(isatty.o)
 .debug_frame   0x00001db8       0x20 c:/program files (x86)/cypress/psoc creator/3.1/psoc creator/import/gnu_cs/arm/4.8.4/bin/../lib/gcc/arm-none-eabi/4.8.4/../../../../arm-none-eabi/lib/armv6-m\libnosys.a(lseek.o)
 .debug_frame   0x00001dd8       0x20 c:/program files (x86)/cypress/psoc creator/3.1/psoc creator/import/gnu_cs/arm/4.8.4/bin/../lib/gcc/arm-none-eabi/4.8.4/../../../../arm-none-eabi/lib/armv6-m\libnosys.a(read.o)

.debug_str      0x00000000     0x180d
 *(.debug_str)
 .debug_str     0x00000000      0x183 .\CortexM0\ARM_GCC_484\Debug\main.o
                                0x1bc (size before relaxing)
 .debug_str     0x00000183       0x27 .\CortexM0\ARM_GCC_484\Debug\debug.o
                                0x1ad (size before relaxing)
 .debug_str     0x000001aa       0x5b .\CortexM0\ARM_GCC_484\Debug\cymetadata.o
                                0x1da (size before relaxing)
 .debug_str     0x00000205      0x128 .\CortexM0\ARM_GCC_484\Debug\Cm0Start.o
                                0x2c8 (size before relaxing)
 .debug_str     0x0000032d      0x1c1 .\CortexM0\ARM_GCC_484\Debug\BLE_Battery_Level01.a(cyfitter_cfg.o)
                                0x389 (size before relaxing)
 .debug_str     0x000004ee      0x12b .\CortexM0\ARM_GCC_484\Debug\BLE_Battery_Level01.a(UART_DEB.o)
                                0x2c4 (size before relaxing)
 .debug_str     0x00000619      0x15f .\CortexM0\ARM_GCC_484\Debug\BLE_Battery_Level01.a(UART_DEB_SPI_UART.o)
                                0x2f6 (size before relaxing)
 .debug_str     0x00000778      0x1a3 .\CortexM0\ARM_GCC_484\Debug\BLE_Battery_Level01.a(UART_DEB_UART.o)
                                0x352 (size before relaxing)
 .debug_str     0x0000091b      0x85f .\CortexM0\ARM_GCC_484\Debug\BLE_Battery_Level01.a(CyLib.o)
                                0xa27 (size before relaxing)
 .debug_str     0x0000117a      0x179 .\CortexM0\ARM_GCC_484\Debug\BLE_Battery_Level01.a(PWM_GREEN.o)
                                0x2fd (size before relaxing)
 .debug_str     0x000012f3      0x1d4 .\CortexM0\ARM_GCC_484\Debug\BLE_Battery_Level01.a(PWM_IR_AND_RED.o)
                                0x383 (size before relaxing)
 .debug_str     0x000014c7      0x16e .\CortexM0\ARM_GCC_484\Debug\BLE_Battery_Level01.a(PWM_NIR1.o)
                                0x31d (size before relaxing)
 .debug_str     0x00001635      0x191 .\CortexM0\ARM_GCC_484\Debug\BLE_Battery_Level01.a(UART_DEB_SCB_IRQ.o)
                                0x357 (size before relaxing)
 .debug_str     0x000017c6       0x47 .\CortexM0\ARM_GCC_484\Debug\BLE_Battery_Level01.a(UART_DEB_SPI_UART_INT.o)
                                0x1e8 (size before relaxing)

.debug_loc
 *(.debug_loc)

.debug_macinfo
 *(.debug_macinfo)

.debug_ranges   0x00000000      0x638
 *(.debug_ranges)
 .debug_ranges  0x00000000       0x18 .\CortexM0\ARM_GCC_484\Debug\main.o
 .debug_ranges  0x00000018       0x18 .\CortexM0\ARM_GCC_484\Debug\debug.o
 .debug_ranges  0x00000030       0x38 .\CortexM0\ARM_GCC_484\Debug\Cm0Start.o
 .debug_ranges  0x00000068       0x50 .\CortexM0\ARM_GCC_484\Debug\BLE_Battery_Level01.a(cyfitter_cfg.o)
 .debug_ranges  0x000000b8       0x50 .\CortexM0\ARM_GCC_484\Debug\BLE_Battery_Level01.a(UART_DEB.o)
 .debug_ranges  0x00000108       0x50 .\CortexM0\ARM_GCC_484\Debug\BLE_Battery_Level01.a(UART_DEB_SPI_UART.o)
 .debug_ranges  0x00000158       0x68 .\CortexM0\ARM_GCC_484\Debug\BLE_Battery_Level01.a(UART_DEB_UART.o)
 .debug_ranges  0x000001c0      0x288 .\CortexM0\ARM_GCC_484\Debug\BLE_Battery_Level01.a(CyLib.o)
 .debug_ranges  0x00000448       0x70 .\CortexM0\ARM_GCC_484\Debug\BLE_Battery_Level01.a(PWM_GREEN.o)
 .debug_ranges  0x000004b8       0x80 .\CortexM0\ARM_GCC_484\Debug\BLE_Battery_Level01.a(PWM_IR_AND_RED.o)
 .debug_ranges  0x00000538       0x80 .\CortexM0\ARM_GCC_484\Debug\BLE_Battery_Level01.a(PWM_NIR1.o)
 .debug_ranges  0x000005b8       0x70 .\CortexM0\ARM_GCC_484\Debug\BLE_Battery_Level01.a(UART_DEB_SCB_IRQ.o)
 .debug_ranges  0x00000628       0x10 .\CortexM0\ARM_GCC_484\Debug\BLE_Battery_Level01.a(UART_DEB_SPI_UART_INT.o)

.comment        0x00000000       0x70
 .comment       0x00000000       0x70 .\CortexM0\ARM_GCC_484\Debug\main.o
                                 0x71 (size before relaxing)
 .comment       0x00000000       0x71 .\CortexM0\ARM_GCC_484\Debug\debug.o
 .comment       0x00000000       0x71 .\CortexM0\ARM_GCC_484\Debug\cymetadata.o
 .comment       0x00000000       0x71 .\CortexM0\ARM_GCC_484\Debug\Cm0Start.o
 .comment       0x00000000       0x71 .\CortexM0\ARM_GCC_484\Debug\BLE_Battery_Level01.a(cyfitter_cfg.o)
 .comment       0x00000000       0x71 .\CortexM0\ARM_GCC_484\Debug\BLE_Battery_Level01.a(UART_DEB.o)
 .comment       0x00000000       0x71 .\CortexM0\ARM_GCC_484\Debug\BLE_Battery_Level01.a(UART_DEB_SPI_UART.o)
 .comment       0x00000000       0x71 .\CortexM0\ARM_GCC_484\Debug\BLE_Battery_Level01.a(UART_DEB_UART.o)
 .comment       0x00000000       0x71 .\CortexM0\ARM_GCC_484\Debug\BLE_Battery_Level01.a(CyLib.o)
 .comment       0x00000000       0x71 .\CortexM0\ARM_GCC_484\Debug\BLE_Battery_Level01.a(PWM_GREEN.o)
 .comment       0x00000000       0x71 .\CortexM0\ARM_GCC_484\Debug\BLE_Battery_Level01.a(PWM_IR_AND_RED.o)
 .comment       0x00000000       0x71 .\CortexM0\ARM_GCC_484\Debug\BLE_Battery_Level01.a(PWM_NIR1.o)
 .comment       0x00000000       0x71 .\CortexM0\ARM_GCC_484\Debug\BLE_Battery_Level01.a(UART_DEB_SCB_IRQ.o)
 .comment       0x00000000       0x71 .\CortexM0\ARM_GCC_484\Debug\BLE_Battery_Level01.a(UART_DEB_SPI_UART_INT.o)

.debug_weaknames
 *(.debug_weaknames)

.debug_funcnames
 *(.debug_funcnames)

.debug_typenames
 *(.debug_typenames)

.debug_varnames
 *(.debug_varnames)

.note.gnu.arm.ident
 *(.note.gnu.arm.ident)

.ARM.attributes
                0x00000000       0x28
 *(.ARM.attributes)
 .ARM.attributes
                0x00000000       0x1e c:/program files (x86)/cypress/psoc creator/3.1/psoc creator/import/gnu_cs/arm/4.8.4/bin/../lib/gcc/arm-none-eabi/4.8.4/armv6-m/crti.o
 .ARM.attributes
                0x0000001e       0x2c c:/program files (x86)/cypress/psoc creator/3.1/psoc creator/import/gnu_cs/arm/4.8.4/bin/../lib/gcc/arm-none-eabi/4.8.4/armv6-m/crtbegin.o
 .ARM.attributes
                0x0000004a       0x1b c:/program files (x86)/cypress/psoc creator/3.1/psoc creator/import/gnu_cs/arm/4.8.4/bin/../lib/gcc/arm-none-eabi/4.8.4/../../../../arm-none-eabi/lib/armv6-m/crt0.o
 .ARM.attributes
                0x00000065       0x31 .\CortexM0\ARM_GCC_484\Debug\main.o
 .ARM.attributes
                0x00000096       0x31 .\CortexM0\ARM_GCC_484\Debug\debug.o
 .ARM.attributes
                0x000000c7       0x31 .\CortexM0\ARM_GCC_484\Debug\cymetadata.o
 .ARM.attributes
                0x000000f8       0x31 .\CortexM0\ARM_GCC_484\Debug\Cm0Start.o
 .ARM.attributes
                0x00000129       0x31 .\CortexM0\ARM_GCC_484\Debug\BLE_Battery_Level01.a(cyfitter_cfg.o)
 .ARM.attributes
                0x0000015a       0x31 .\CortexM0\ARM_GCC_484\Debug\BLE_Battery_Level01.a(UART_DEB.o)
 .ARM.attributes
                0x0000018b       0x31 .\CortexM0\ARM_GCC_484\Debug\BLE_Battery_Level01.a(UART_DEB_SPI_UART.o)
 .ARM.attributes
                0x000001bc       0x31 .\CortexM0\ARM_GCC_484\Debug\BLE_Battery_Level01.a(UART_DEB_UART.o)
 .ARM.attributes
                0x000001ed       0x31 .\CortexM0\ARM_GCC_484\Debug\BLE_Battery_Level01.a(CyLib.o)
 .ARM.attributes
                0x0000021e       0x31 .\CortexM0\ARM_GCC_484\Debug\BLE_Battery_Level01.a(PWM_GREEN.o)
 .ARM.attributes
                0x0000024f       0x31 .\CortexM0\ARM_GCC_484\Debug\BLE_Battery_Level01.a(PWM_IR_AND_RED.o)
 .ARM.attributes
                0x00000280       0x31 .\CortexM0\ARM_GCC_484\Debug\BLE_Battery_Level01.a(PWM_NIR1.o)
 .ARM.attributes
                0x000002b1       0x31 .\CortexM0\ARM_GCC_484\Debug\BLE_Battery_Level01.a(UART_DEB_SCB_IRQ.o)
 .ARM.attributes
                0x000002e2       0x31 .\CortexM0\ARM_GCC_484\Debug\BLE_Battery_Level01.a(UART_DEB_SPI_UART_INT.o)
 .ARM.attributes
                0x00000313       0x21 .\CortexM0\ARM_GCC_484\Debug\BLE_Battery_Level01.a(CyBootAsmGnu.o)
 .ARM.attributes
                0x00000334       0x1e c:/program files (x86)/cypress/psoc creator/3.1/psoc creator/import/gnu_cs/arm/4.8.4/bin/../lib/gcc/arm-none-eabi/4.8.4/armv6-m\libgcc.a(_udivsi3.o)
 .ARM.attributes
                0x00000352       0x1e c:/program files (x86)/cypress/psoc creator/3.1/psoc creator/import/gnu_cs/arm/4.8.4/bin/../lib/gcc/arm-none-eabi/4.8.4/armv6-m\libgcc.a(_divsi3.o)
 .ARM.attributes
                0x00000370       0x1e c:/program files (x86)/cypress/psoc creator/3.1/psoc creator/import/gnu_cs/arm/4.8.4/bin/../lib/gcc/arm-none-eabi/4.8.4/armv6-m\libgcc.a(_dvmd_tls.o)
 .ARM.attributes
                0x0000038e       0x2c c:/program files (x86)/cypress/psoc creator/3.1/psoc creator/import/gnu_cs/arm/4.8.4/bin/../lib/gcc/arm-none-eabi/4.8.4/../../../../arm-none-eabi/lib/armv6-m\libg_s.a(lib_a-errno.o)
 .ARM.attributes
                0x000003ba       0x2c c:/program files (x86)/cypress/psoc creator/3.1/psoc creator/import/gnu_cs/arm/4.8.4/bin/../lib/gcc/arm-none-eabi/4.8.4/../../../../arm-none-eabi/lib/armv6-m\libg_s.a(lib_a-exit.o)
 .ARM.attributes
                0x000003e6       0x2c c:/program files (x86)/cypress/psoc creator/3.1/psoc creator/import/gnu_cs/arm/4.8.4/bin/../lib/gcc/arm-none-eabi/4.8.4/../../../../arm-none-eabi/lib/armv6-m\libg_s.a(lib_a-impure.o)
 .ARM.attributes
                0x00000412       0x2c c:/program files (x86)/cypress/psoc creator/3.1/psoc creator/import/gnu_cs/arm/4.8.4/bin/../lib/gcc/arm-none-eabi/4.8.4/../../../../arm-none-eabi/lib/armv6-m\libg_s.a(lib_a-init.o)
 .ARM.attributes
                0x0000043e       0x2c c:/program files (x86)/cypress/psoc creator/3.1/psoc creator/import/gnu_cs/arm/4.8.4/bin/../lib/gcc/arm-none-eabi/4.8.4/../../../../arm-none-eabi/lib/armv6-m\libg_s.a(lib_a-memcpy-stub.o)
 .ARM.attributes
                0x0000046a       0x2c c:/program files (x86)/cypress/psoc creator/3.1/psoc creator/import/gnu_cs/arm/4.8.4/bin/../lib/gcc/arm-none-eabi/4.8.4/../../../../arm-none-eabi/lib/armv6-m\libg_s.a(lib_a-memset.o)
 .ARM.attributes
                0x00000496       0x2c c:/program files (x86)/cypress/psoc creator/3.1/psoc creator/import/gnu_cs/arm/4.8.4/bin/../lib/gcc/arm-none-eabi/4.8.4/../../../../arm-none-eabi/lib/armv6-m\libg_s.a(lib_a-puts.o)
 .ARM.attributes
                0x000004c2       0x2c c:/program files (x86)/cypress/psoc creator/3.1/psoc creator/import/gnu_cs/arm/4.8.4/bin/../lib/gcc/arm-none-eabi/4.8.4/../../../../arm-none-eabi/lib/armv6-m\libg_s.a(lib_a-wbuf.o)
 .ARM.attributes
                0x000004ee       0x2c c:/program files (x86)/cypress/psoc creator/3.1/psoc creator/import/gnu_cs/arm/4.8.4/bin/../lib/gcc/arm-none-eabi/4.8.4/../../../../arm-none-eabi/lib/armv6-m\libg_s.a(lib_a-wsetup.o)
 .ARM.attributes
                0x0000051a       0x2c c:/program files (x86)/cypress/psoc creator/3.1/psoc creator/import/gnu_cs/arm/4.8.4/bin/../lib/gcc/arm-none-eabi/4.8.4/../../../../arm-none-eabi/lib/armv6-m\libg_s.a(lib_a-fflush.o)
 .ARM.attributes
                0x00000546       0x2c c:/program files (x86)/cypress/psoc creator/3.1/psoc creator/import/gnu_cs/arm/4.8.4/bin/../lib/gcc/arm-none-eabi/4.8.4/../../../../arm-none-eabi/lib/armv6-m\libg_s.a(lib_a-findfp.o)
 .ARM.attributes
                0x00000572       0x2c c:/program files (x86)/cypress/psoc creator/3.1/psoc creator/import/gnu_cs/arm/4.8.4/bin/../lib/gcc/arm-none-eabi/4.8.4/../../../../arm-none-eabi/lib/armv6-m\libg_s.a(lib_a-fwalk.o)
 .ARM.attributes
                0x0000059e       0x2c c:/program files (x86)/cypress/psoc creator/3.1/psoc creator/import/gnu_cs/arm/4.8.4/bin/../lib/gcc/arm-none-eabi/4.8.4/../../../../arm-none-eabi/lib/armv6-m\libg_s.a(lib_a-makebuf.o)
 .ARM.attributes
                0x000005ca       0x2c c:/program files (x86)/cypress/psoc creator/3.1/psoc creator/import/gnu_cs/arm/4.8.4/bin/../lib/gcc/arm-none-eabi/4.8.4/../../../../arm-none-eabi/lib/armv6-m\libg_s.a(lib_a-nano-freer.o)
 .ARM.attributes
                0x000005f6       0x2c c:/program files (x86)/cypress/psoc creator/3.1/psoc creator/import/gnu_cs/arm/4.8.4/bin/../lib/gcc/arm-none-eabi/4.8.4/../../../../arm-none-eabi/lib/armv6-m\libg_s.a(lib_a-nano-mallocr.o)
 .ARM.attributes
                0x00000622       0x2c c:/program files (x86)/cypress/psoc creator/3.1/psoc creator/import/gnu_cs/arm/4.8.4/bin/../lib/gcc/arm-none-eabi/4.8.4/../../../../arm-none-eabi/lib/armv6-m\libg_s.a(lib_a-sbrkr.o)
 .ARM.attributes
                0x0000064e       0x2c c:/program files (x86)/cypress/psoc creator/3.1/psoc creator/import/gnu_cs/arm/4.8.4/bin/../lib/gcc/arm-none-eabi/4.8.4/../../../../arm-none-eabi/lib/armv6-m\libg_s.a(lib_a-stdio.o)
 .ARM.attributes
                0x0000067a       0x2c c:/program files (x86)/cypress/psoc creator/3.1/psoc creator/import/gnu_cs/arm/4.8.4/bin/../lib/gcc/arm-none-eabi/4.8.4/../../../../arm-none-eabi/lib/armv6-m\libg_s.a(lib_a-writer.o)
 .ARM.attributes
                0x000006a6       0x2c c:/program files (x86)/cypress/psoc creator/3.1/psoc creator/import/gnu_cs/arm/4.8.4/bin/../lib/gcc/arm-none-eabi/4.8.4/../../../../arm-none-eabi/lib/armv6-m\libg_s.a(lib_a-closer.o)
 .ARM.attributes
                0x000006d2       0x2c c:/program files (x86)/cypress/psoc creator/3.1/psoc creator/import/gnu_cs/arm/4.8.4/bin/../lib/gcc/arm-none-eabi/4.8.4/../../../../arm-none-eabi/lib/armv6-m\libg_s.a(lib_a-fstatr.o)
 .ARM.attributes
                0x000006fe       0x2c c:/program files (x86)/cypress/psoc creator/3.1/psoc creator/import/gnu_cs/arm/4.8.4/bin/../lib/gcc/arm-none-eabi/4.8.4/../../../../arm-none-eabi/lib/armv6-m\libg_s.a(lib_a-isattyr.o)
 .ARM.attributes
                0x0000072a       0x2c c:/program files (x86)/cypress/psoc creator/3.1/psoc creator/import/gnu_cs/arm/4.8.4/bin/../lib/gcc/arm-none-eabi/4.8.4/../../../../arm-none-eabi/lib/armv6-m\libg_s.a(lib_a-lseekr.o)
 .ARM.attributes
                0x00000756       0x2c c:/program files (x86)/cypress/psoc creator/3.1/psoc creator/import/gnu_cs/arm/4.8.4/bin/../lib/gcc/arm-none-eabi/4.8.4/../../../../arm-none-eabi/lib/armv6-m\libg_s.a(lib_a-readr.o)
 .ARM.attributes
                0x00000782       0x2c c:/program files (x86)/cypress/psoc creator/3.1/psoc creator/import/gnu_cs/arm/4.8.4/bin/../lib/gcc/arm-none-eabi/4.8.4/../../../../arm-none-eabi/lib/armv6-m\libg_s.a(lib_a-reent.o)
 .ARM.attributes
                0x000007ae       0x2c c:/program files (x86)/cypress/psoc creator/3.1/psoc creator/import/gnu_cs/arm/4.8.4/bin/../lib/gcc/arm-none-eabi/4.8.4/armv6-m/crtend.o
 .ARM.attributes
                0x000007da       0x1e c:/program files (x86)/cypress/psoc creator/3.1/psoc creator/import/gnu_cs/arm/4.8.4/bin/../lib/gcc/arm-none-eabi/4.8.4/armv6-m/crtn.o
 .ARM.attributes
                0x000007f8       0x2c c:/program files (x86)/cypress/psoc creator/3.1/psoc creator/import/gnu_cs/arm/4.8.4/bin/../lib/gcc/arm-none-eabi/4.8.4/../../../../arm-none-eabi/lib/armv6-m\libnosys.a(close.o)
 .ARM.attributes
                0x00000824       0x2c c:/program files (x86)/cypress/psoc creator/3.1/psoc creator/import/gnu_cs/arm/4.8.4/bin/../lib/gcc/arm-none-eabi/4.8.4/../../../../arm-none-eabi/lib/armv6-m\libnosys.a(fstat.o)
 .ARM.attributes
                0x00000850       0x2c c:/program files (x86)/cypress/psoc creator/3.1/psoc creator/import/gnu_cs/arm/4.8.4/bin/../lib/gcc/arm-none-eabi/4.8.4/../../../../arm-none-eabi/lib/armv6-m\libnosys.a(isatty.o)
 .ARM.attributes
                0x0000087c       0x2c c:/program files (x86)/cypress/psoc creator/3.1/psoc creator/import/gnu_cs/arm/4.8.4/bin/../lib/gcc/arm-none-eabi/4.8.4/../../../../arm-none-eabi/lib/armv6-m\libnosys.a(lseek.o)
 .ARM.attributes
                0x000008a8       0x2c c:/program files (x86)/cypress/psoc creator/3.1/psoc creator/import/gnu_cs/arm/4.8.4/bin/../lib/gcc/arm-none-eabi/4.8.4/../../../../arm-none-eabi/lib/armv6-m\libnosys.a(read.o)

/DISCARD/
 *(.note.GNU-stack)
OUTPUT(.\CortexM0\ARM_GCC_484\Debug\BLE_Battery_Level01.elf elf32-littlearm)
